Archive member included to satisfy reference by file (symbol)

C:\GITHUB\STM32\EDS\Balancer\Debug\libBalancer.a(Balancer.o)
                              ./Src/main.o (BalaHWsetup)
C:\GITHUB\STM32\EDS\Balancer\Debug\libBalancer.a(RotaryPushButton.o)
                              ./Src/main.o (initRotaryPushButton)
C:\GITHUB\STM32\EDS\Balancer\Debug\libBalancer.a(ST7735.o)
                              ./Src/main.o (spiInit)
C:\GITHUB\STM32\EDS\Balancer\Debug\libBalancer.a(Sensor3DG.o)
                              ./Src/main.o (i2cBMA020_init)
C:\GITHUB\STM32\EDS\MCAL\Debug\libMCAL.a(mcalEXTI.o)
                              C:\GITHUB\STM32\EDS\Balancer\Debug\libBalancer.a(RotaryPushButton.o) (extiInit)
C:\GITHUB\STM32\EDS\MCAL\Debug\libMCAL.a(mcalGPIO.o)
                              C:\GITHUB\STM32\EDS\MCAL\Debug\libMCAL.a(mcalEXTI.o) (gpioVerifyPort)
C:\GITHUB\STM32\EDS\MCAL\Debug\libMCAL.a(mcalI2C.o)
                              C:\GITHUB\STM32\EDS\Balancer\Debug\libBalancer.a(Balancer.o) (i2cSelectI2C)
C:\GITHUB\STM32\EDS\MCAL\Debug\libMCAL.a(mcalRCC.o)
                              C:\GITHUB\STM32\EDS\MCAL\Debug\libMCAL.a(mcalI2C.o) (rccGetPclk1Freq)
C:\GITHUB\STM32\EDS\MCAL\Debug\libMCAL.a(mcalSPI.o)
                              C:\GITHUB\STM32\EDS\Balancer\Debug\libBalancer.a(ST7735.o) (spiInitSPI)
C:\GITHUB\STM32\EDS\MCAL\Debug\libMCAL.a(mcalSysTick.o)
                              ./Src/main.o (systickSetMillis)
c:/st/stm32cubeide_1.12.0/stm32cubeide/plugins/com.st.stm32cube.ide.mcu.externaltools.gnu-tools-for-stm32.10.3-2021.10.win32_1.0.200.202301161003/tools/bin/../lib/gcc/arm-none-eabi/10.3.1/../../../../arm-none-eabi/lib/thumb/v7e-m+fp/softfp\libc_nano.a(lib_a-exit.o)
                              c:/st/stm32cubeide_1.12.0/stm32cubeide/plugins/com.st.stm32cube.ide.mcu.externaltools.gnu-tools-for-stm32.10.3-2021.10.win32_1.0.200.202301161003/tools/bin/../lib/gcc/arm-none-eabi/10.3.1/../../../../arm-none-eabi/lib/thumb/v7e-m+fp/softfp/crt0.o (exit)
c:/st/stm32cubeide_1.12.0/stm32cubeide/plugins/com.st.stm32cube.ide.mcu.externaltools.gnu-tools-for-stm32.10.3-2021.10.win32_1.0.200.202301161003/tools/bin/../lib/gcc/arm-none-eabi/10.3.1/../../../../arm-none-eabi/lib/thumb/v7e-m+fp/softfp\libc_nano.a(lib_a-impure.o)
                              c:/st/stm32cubeide_1.12.0/stm32cubeide/plugins/com.st.stm32cube.ide.mcu.externaltools.gnu-tools-for-stm32.10.3-2021.10.win32_1.0.200.202301161003/tools/bin/../lib/gcc/arm-none-eabi/10.3.1/../../../../arm-none-eabi/lib/thumb/v7e-m+fp/softfp\libc_nano.a(lib_a-exit.o) (_global_impure_ptr)
c:/st/stm32cubeide_1.12.0/stm32cubeide/plugins/com.st.stm32cube.ide.mcu.externaltools.gnu-tools-for-stm32.10.3-2021.10.win32_1.0.200.202301161003/tools/bin/../lib/gcc/arm-none-eabi/10.3.1/../../../../arm-none-eabi/lib/thumb/v7e-m+fp/softfp\libc_nano.a(lib_a-init.o)
                              c:/st/stm32cubeide_1.12.0/stm32cubeide/plugins/com.st.stm32cube.ide.mcu.externaltools.gnu-tools-for-stm32.10.3-2021.10.win32_1.0.200.202301161003/tools/bin/../lib/gcc/arm-none-eabi/10.3.1/../../../../arm-none-eabi/lib/thumb/v7e-m+fp/softfp/crt0.o (__libc_init_array)
c:/st/stm32cubeide_1.12.0/stm32cubeide/plugins/com.st.stm32cube.ide.mcu.externaltools.gnu-tools-for-stm32.10.3-2021.10.win32_1.0.200.202301161003/tools/bin/../lib/gcc/arm-none-eabi/10.3.1/../../../../arm-none-eabi/lib/thumb/v7e-m+fp/softfp\libc_nano.a(lib_a-memset.o)
                              c:/st/stm32cubeide_1.12.0/stm32cubeide/plugins/com.st.stm32cube.ide.mcu.externaltools.gnu-tools-for-stm32.10.3-2021.10.win32_1.0.200.202301161003/tools/bin/../lib/gcc/arm-none-eabi/10.3.1/../../../../arm-none-eabi/lib/thumb/v7e-m+fp/softfp/crt0.o (memset)
c:/st/stm32cubeide_1.12.0/stm32cubeide/plugins/com.st.stm32cube.ide.mcu.externaltools.gnu-tools-for-stm32.10.3-2021.10.win32_1.0.200.202301161003/tools/bin/../lib/gcc/arm-none-eabi/10.3.1/../../../../arm-none-eabi/lib/thumb/v7e-m+fp/softfp\libc_nano.a(lib_a-nano-vfprintf_float.o)
                              (_printf_float)
c:/st/stm32cubeide_1.12.0/stm32cubeide/plugins/com.st.stm32cube.ide.mcu.externaltools.gnu-tools-for-stm32.10.3-2021.10.win32_1.0.200.202301161003/tools/bin/../lib/gcc/arm-none-eabi/10.3.1/../../../../arm-none-eabi/lib/thumb/v7e-m+fp/softfp\libc_nano.a(lib_a-nano-vfprintf_i.o)
                              c:/st/stm32cubeide_1.12.0/stm32cubeide/plugins/com.st.stm32cube.ide.mcu.externaltools.gnu-tools-for-stm32.10.3-2021.10.win32_1.0.200.202301161003/tools/bin/../lib/gcc/arm-none-eabi/10.3.1/../../../../arm-none-eabi/lib/thumb/v7e-m+fp/softfp\libc_nano.a(lib_a-nano-vfprintf_float.o) (_printf_common)
c:/st/stm32cubeide_1.12.0/stm32cubeide/plugins/com.st.stm32cube.ide.mcu.externaltools.gnu-tools-for-stm32.10.3-2021.10.win32_1.0.200.202301161003/tools/bin/../lib/gcc/arm-none-eabi/10.3.1/../../../../arm-none-eabi/lib/thumb/v7e-m+fp/softfp\libc_nano.a(lib_a-sprintf.o)
                              ./Src/main.o (sprintf)
[...]
Memory Configuration

Name             Origin             Length             Attributes
RAM              0x0000000020000000 0x0000000000018000 xrw
FLASH            0x0000000008000000 0x0000000000080000 xr
*default*        0x0000000000000000 0xffffffffffffffff

Linker script and memory map

LOAD c:/st/stm32cubeide_1.12.0/stm32cubeide/plugins/com.st.stm32cube.ide.mcu.externaltools.gnu-tools-for-stm32.10.3-2021.10.win32_1.0.200.202301161003/tools/bin/../lib/gcc/arm-none-eabi/10.3.1/thumb/v7e-m+fp/softfp/crti.o
LOAD c:/st/stm32cubeide_1.12.0/stm32cubeide/plugins/com.st.stm32cube.ide.mcu.externaltools.gnu-tools-for-stm32.10.3-2021.10.win32_1.0.200.202301161003/tools/bin/../lib/gcc/arm-none-eabi/10.3.1/thumb/v7e-m+fp/softfp/crtbegin.o
LOAD c:/st/stm32cubeide_1.12.0/stm32cubeide/plugins/com.st.stm32cube.ide.mcu.externaltools.gnu-tools-for-stm32.10.3-2021.10.win32_1.0.200.202301161003/tools/bin/../lib/gcc/arm-none-eabi/10.3.1/../../../../arm-none-eabi/lib/thumb/v7e-m+fp/softfp/crt0.o
LOAD ./Src/i2cDeivces.o
LOAD ./Src/main.o
LOAD ./Src/system_stm32f4xx.o
LOAD ./Src/xyzScope.o
LOAD ./Startup/startup_stm32f401retx.o
LOAD C:\GITHUB\STM32\EDS\Balancer\Debug\libBalancer.a
LOAD C:\GITHUB\STM32\EDS\MCAL\Debug\libMCAL.a
START GROUP
LOAD c:/st/stm32cubeide_1.12.0/stm32cubeide/plugins/com.st.stm32cube.ide.mcu.externaltools.gnu-tools-for-stm32.10.3-2021.10.win32_1.0.200.202301161003/tools/bin/../lib/gcc/arm-none-eabi/10.3.1/../../../../arm-none-eabi/lib/thumb/v7e-m+fp/softfp\libc_nano.a
LOAD c:/st/stm32cubeide_1.12.0/stm32cubeide/plugins/com.st.stm32cube.ide.mcu.externaltools.gnu-tools-for-stm32.10.3-2021.10.win32_1.0.200.202301161003/tools/bin/../lib/gcc/arm-none-eabi/10.3.1/../../../../arm-none-eabi/lib/thumb/v7e-m+fp/softfp\libm.a
END GROUP
START GROUP
LOAD c:/st/stm32cubeide_1.12.0/stm32cubeide/plugins/com.st.stm32cube.ide.mcu.externaltools.gnu-tools-for-stm32.10.3-2021.10.win32_1.0.200.202301161003/tools/bin/../lib/gcc/arm-none-eabi/10.3.1/thumb/v7e-m+fp/softfp\libgcc.a
LOAD c:/st/stm32cubeide_1.12.0/stm32cubeide/plugins/com.st.stm32cube.ide.mcu.externaltools.gnu-tools-for-stm32.10.3-2021.10.win32_1.0.200.202301161003/tools/bin/../lib/gcc/arm-none-eabi/10.3.1/../../../../arm-none-eabi/lib/thumb/v7e-m+fp/softfp\libc_nano.a
END GROUP
START GROUP
LOAD c:/st/stm32cubeide_1.12.0/stm32cubeide/plugins/com.st.stm32cube.ide.mcu.externaltools.gnu-tools-for-stm32.10.3-2021.10.win32_1.0.200.202301161003/tools/bin/../lib/gcc/arm-none-eabi/10.3.1/thumb/v7e-m+fp/softfp\libgcc.a
LOAD c:/st/stm32cubeide_1.12.0/stm32cubeide/plugins/com.st.stm32cube.ide.mcu.externaltools.gnu-tools-for-stm32.10.3-2021.10.win32_1.0.200.202301161003/tools/bin/../lib/gcc/arm-none-eabi/10.3.1/../../../../arm-none-eabi/lib/thumb/v7e-m+fp/softfp\libc_nano.a
LOAD c:/st/stm32cubeide_1.12.0/stm32cubeide/plugins/com.st.stm32cube.ide.mcu.externaltools.gnu-tools-for-stm32.10.3-2021.10.win32_1.0.200.202301161003/tools/bin/../lib/gcc/arm-none-eabi/10.3.1/../../../../arm-none-eabi/lib/thumb/v7e-m+fp/softfp\libnosys.a
END GROUP
START GROUP
LOAD c:/st/stm32cubeide_1.12.0/stm32cubeide/plugins/com.st.stm32cube.ide.mcu.externaltools.gnu-tools-for-stm32.10.3-2021.10.win32_1.0.200.202301161003/tools/bin/../lib/gcc/arm-none-eabi/10.3.1/thumb/v7e-m+fp/softfp\libgcc.a
LOAD c:/st/stm32cubeide_1.12.0/stm32cubeide/plugins/com.st.stm32cube.ide.mcu.externaltools.gnu-tools-for-stm32.10.3-2021.10.win32_1.0.200.202301161003/tools/bin/../lib/gcc/arm-none-eabi/10.3.1/../../../../arm-none-eabi/lib/thumb/v7e-m+fp/softfp\libc_nano.a
LOAD c:/st/stm32cubeide_1.12.0/stm32cubeide/plugins/com.st.stm32cube.ide.mcu.externaltools.gnu-tools-for-stm32.10.3-2021.10.win32_1.0.200.202301161003/tools/bin/../lib/gcc/arm-none-eabi/10.3.1/../../../../arm-none-eabi/lib/thumb/v7e-m+fp/softfp\libnosys.a
END GROUP
LOAD c:/st/stm32cubeide_1.12.0/stm32cubeide/plugins/com.st.stm32cube.ide.mcu.externaltools.gnu-tools-for-stm32.10.3-2021.10.win32_1.0.200.202301161003/tools/bin/../lib/gcc/arm-none-eabi/10.3.1/thumb/v7e-m+fp/softfp/crtend.o
LOAD c:/st/stm32cubeide_1.12.0/stm32cubeide/plugins/com.st.stm32cube.ide.mcu.externaltools.gnu-tools-for-stm32.10.3-2021.10.win32_1.0.200.202301161003/tools/bin/../lib/gcc/arm-none-eabi/10.3.1/thumb/v7e-m+fp/softfp/crtn.o
                0x0000000020018000                _estack = (ORIGIN (RAM) + LENGTH (RAM))
                0x0000000000000200                _Min_Heap_Size = 0x200
                0x0000000000000400                _Min_Stack_Size = 0x400

.isr_vector     0x0000000008000000      0x194
                0x0000000008000000                . = ALIGN (0x4)
 *(.isr_vector)
 .isr_vector    0x0000000008000000      0x194 ./Startup/startup_stm32f401retx.o
                0x0000000008000000                g_pfnVectors
                0x0000000008000194                . = ALIGN (0x4)

.text           0x00000000080001a0     0x9724
                0x00000000080001a0                . = ALIGN (0x4)
 *(.text)
 .text          0x00000000080001a0       0x40 c:/st/stm32cubeide_1.12.0/stm32cubeide/plugins/com.st.stm32cube.ide.mcu.externaltools.gnu-tools-for-stm32.10.3-2021.10.win32_1.0.200.202301161003/tools/bin/../lib/gcc/arm-none-eabi/10.3.1/thumb/v7e-m+fp/softfp/crtbegin.o
 .text          0x00000000080001e0       0x10 c:/st/stm32cubeide_1.12.0/stm32cubeide/plugins/com.st.stm32cube.ide.mcu.externaltools.gnu-tools-for-stm32.10.3-2021.10.win32_1.0.200.202301161003/tools/bin/../lib/gcc/arm-none-eabi/10.3.1/../../../../arm-none-eabi/lib/thumb/v7e-m+fp/softfp\libc_nano.a(lib_a-strlen.o)
                0x00000000080001e0                strlen
 .text          0x00000000080001f0       0xa0 c:/st/stm32cubeide_1.12.0/stm32cubeide/plugins/com.st.stm32cube.ide.mcu.externaltools.gnu-tools-for-stm32.10.3-2021.10.win32_1.0.200.202301161003/tools/bin/../lib/gcc/arm-none-eabi/10.3.1/../../../../arm-none-eabi/lib/thumb/v7e-m+fp/softfp\libc_nano.a(lib_a-memchr.o)
                0x00000000080001f0                memchr
 .text          0x0000000008000290      0x378 c:/st/stm32cubeide_1.12.0/stm32cubeide/plugins/com.st.stm32cube.ide.mcu.externaltools.gnu-tools-for-stm32.10.3-2021.10.win32_1.0.200.202301161003/tools/bin/../lib/gcc/arm-none-eabi/10.3.1/thumb/v7e-m+fp/softfp\libgcc.a(_arm_addsubdf3.o)
                0x0000000008000290                __aeabi_drsub
                0x0000000008000298                __aeabi_dsub
                0x0000000008000298                __subdf3
                0x000000000800029c                __aeabi_dadd
                0x000000000800029c                __adddf3
                0x0000000008000514                __floatunsidf
                0x0000000008000514                __aeabi_ui2d
                0x0000000008000534                __floatsidf
                0x0000000008000534                __aeabi_i2d
                0x0000000008000558                __aeabi_f2d
                0x0000000008000558                __extendsfdf2
                0x000000000800059c                __floatundidf
                0x000000000800059c                __aeabi_ul2d
                0x00000000080005ac                __floatdidf
                0x00000000080005ac                __aeabi_l2d
 .text          0x0000000008000608      0x424 c:/st/stm32cubeide_1.12.0/stm32cubeide/plugins/com.st.stm32cube.ide.mcu.externaltools.gnu-tools-for-stm32.10.3-2021.10.win32_1.0.200.202301161003/tools/bin/../lib/gcc/arm-none-eabi/10.3.1/thumb/v7e-m+fp/softfp\libgcc.a(_arm_muldivdf3.o)
                0x0000000008000608                __aeabi_dmul
                0x0000000008000608                __muldf3
                0x000000000800085c                __divdf3
                0x000000000800085c                __aeabi_ddiv
 .text          0x0000000008000a2c      0x110 c:/st/stm32cubeide_1.12.0/stm32cubeide/plugins/com.st.stm32cube.ide.mcu.externaltools.gnu-tools-for-stm32.10.3-2021.10.win32_1.0.200.202301161003/tools/bin/../lib/gcc/arm-none-eabi/10.3.1/thumb/v7e-m+fp/softfp\libgcc.a(_arm_cmpdf2.o)
                0x0000000008000a2c                __gtdf2
                0x0000000008000a2c                __gedf2
                0x0000000008000a34                __ltdf2
                0x0000000008000a34                __ledf2
                0x0000000008000a3c                __nedf2
                0x0000000008000a3c                __eqdf2
                0x0000000008000a3c                __cmpdf2
                0x0000000008000ab8                __aeabi_cdrcmple
                0x0000000008000ac8                __aeabi_cdcmpeq
                0x0000000008000ac8                __aeabi_cdcmple
                0x0000000008000ad8                __aeabi_dcmpeq
                0x0000000008000aec                __aeabi_dcmplt
                0x0000000008000b00                __aeabi_dcmple
                0x0000000008000b14                __aeabi_dcmpge
                0x0000000008000b28                __aeabi_dcmpgt
 .text          0x0000000008000b3c       0x2c c:/st/stm32cubeide_1.12.0/stm32cubeide/plugins/com.st.stm32cube.ide.mcu.externaltools.gnu-tools-for-stm32.10.3-2021.10.win32_1.0.200.202301161003/tools/bin/../lib/gcc/arm-none-eabi/10.3.1/thumb/v7e-m+fp/softfp\libgcc.a(_arm_unorddf2.o)
                0x0000000008000b3c                __unorddf2
                0x0000000008000b3c                __aeabi_dcmpun
 .text          0x0000000008000b68       0x50 c:/st/stm32cubeide_1.12.0/stm32cubeide/plugins/com.st.stm32cube.ide.mcu.externaltools.gnu-tools-for-stm32.10.3-2021.10.win32_1.0.200.202301161003/tools/bin/../lib/gcc/arm-none-eabi/10.3.1/thumb/v7e-m+fp/softfp\libgcc.a(_arm_fixdfsi.o)
                0x0000000008000b68                __aeabi_d2iz
                0x0000000008000b68                __fixdfsi
 .text          0x0000000008000bb8       0xa0 c:/st/stm32cubeide_1.12.0/stm32cubeide/plugins/com.st.stm32cube.ide.mcu.externaltools.gnu-tools-for-stm32.10.3-2021.10.win32_1.0.200.202301161003/tools/bin/../lib/gcc/arm-none-eabi/10.3.1/thumb/v7e-m+fp/softfp\libgcc.a(_arm_truncdfsf2.o)
                0x0000000008000bb8                __truncdfsf2
                0x0000000008000bb8                __aeabi_d2f
 .text          0x0000000008000c58       0x30 c:/st/stm32cubeide_1.12.0/stm32cubeide/plugins/com.st.stm32cube.ide.mcu.externaltools.gnu-tools-for-stm32.10.3-2021.10.win32_1.0.200.202301161003/tools/bin/../lib/gcc/arm-none-eabi/10.3.1/thumb/v7e-m+fp/softfp\libgcc.a(_aeabi_uldivmod.o)
                0x0000000008000c58                __aeabi_uldivmod
 .text          0x0000000008000c88      0x2d0 c:/st/stm32cubeide_1.12.0/stm32cubeide/plugins/com.st.stm32cube.ide.mcu.externaltools.gnu-tools-for-stm32.10.3-2021.10.win32_1.0.200.202301161003/tools/bin/../lib/gcc/arm-none-eabi/10.3.1/thumb/v7e-m+fp/softfp\libgcc.a(_udivmoddi4.o)
                0x0000000008000c88                __udivmoddi4
 .text          0x0000000008000f58        0x4 c:/st/stm32cubeide_1.12.0/stm32cubeide/plugins/com.st.stm32cube.ide.mcu.externaltools.gnu-tools-for-stm32.10.3-2021.10.win32_1.0.200.202301161003/tools/bin/../lib/gcc/arm-none-eabi/10.3.1/thumb/v7e-m+fp/softfp\libgcc.a(_dvmd_tls.o)
                0x0000000008000f58                __aeabi_idiv0
                0x0000000008000f58                __aeabi_ldiv0
 *(.text*)
 .text.convDecByteToHex
                0x0000000008000f5c       0x60 ./Src/i2cDeivces.o
                0x0000000008000f5c                convDecByteToHex
 .text.RFID_LED
                0x0000000008000fbc       0x3c ./Src/i2cDeivces.o
                0x0000000008000fbc                RFID_LED
 .text.RFID_readCard
                0x0000000008000ff8      0x134 ./Src/i2cDeivces.o
                0x0000000008000ff8                RFID_readCard
 .text.RFID_readFWVersion
                0x000000000800112c       0xc4 ./Src/i2cDeivces.o
                0x000000000800112c                RFID_readFWVersion
 .text.main     0x00000000080011f0      0x9e8 ./Src/main.o
                0x00000000080011f0                main
 .text.I2C_SCAN
                0x0000000008001bd8       0xe0 ./Src/main.o
                0x0000000008001bd8                I2C_SCAN
 .text.SystemInit
                0x0000000008001cb8       0x24 ./Src/system_stm32f4xx.o
                0x0000000008001cb8                SystemInit
 .text.SystemCoreClockUpdate
                0x0000000008001cdc      0x100 ./Src/system_stm32f4xx.o
                0x0000000008001cdc                SystemCoreClockUpdate
 .text.AlBeScreen
                0x0000000008001ddc      0x514 ./Src/xyzScope.o
                0x0000000008001ddc                AlBeScreen
 .text.Reset_Handler
                0x00000000080022f0       0x50 ./Startup/startup_stm32f401retx.o
                0x00000000080022f0                Reset_Handler
 .text.Default_Handler
                0x0000000008002340        0x2 ./Startup/startup_stm32f401retx.o
                0x0000000008002340                EXTI2_IRQHandler
                0x0000000008002340                DebugMon_Handler
                0x0000000008002340                SPI4_IRQHandler
                0x0000000008002340                TIM1_CC_IRQHandler
                0x0000000008002340                DMA2_Stream5_IRQHandler
                0x0000000008002340                HardFault_Handler
                0x0000000008002340                DMA1_Stream5_IRQHandler
                0x0000000008002340                SDIO_IRQHandler
                0x0000000008002340                TAMP_STAMP_IRQHandler
                0x0000000008002340                PendSV_Handler
                0x0000000008002340                NMI_Handler
                0x0000000008002340                EXTI3_IRQHandler
                0x0000000008002340                TIM1_UP_TIM10_IRQHandler
                0x0000000008002340                I2C3_ER_IRQHandler
                0x0000000008002340                EXTI18_OTG_FS_WKUP_IRQHandler
                0x0000000008002340                I2C2_EV_IRQHandler
                0x0000000008002340                DMA1_Stream2_IRQHandler
                0x0000000008002340                UsageFault_Handler
                0x0000000008002340                DMA2_Stream2_IRQHandler
                0x0000000008002340                SPI1_IRQHandler
                0x0000000008002340                TIM1_BRK_TIM9_IRQHandler
                0x0000000008002340                DMA2_Stream3_IRQHandler
                0x0000000008002340                USART6_IRQHandler
                0x0000000008002340                DMA2_Stream0_IRQHandler
                0x0000000008002340                TIM4_IRQHandler
                0x0000000008002340                I2C1_EV_IRQHandler
                0x0000000008002340                DMA1_Stream6_IRQHandler
                0x0000000008002340                DMA1_Stream1_IRQHandler
                0x0000000008002340                TIM3_IRQHandler
                0x0000000008002340                RCC_IRQHandler
                0x0000000008002340                Default_Handler
                0x0000000008002340                ADC_IRQHandler
                0x0000000008002340                DMA1_Stream7_IRQHandler
                0x0000000008002340                TIM5_IRQHandler
                0x0000000008002340                DMA2_Stream7_IRQHandler
                0x0000000008002340                I2C3_EV_IRQHandler
                0x0000000008002340                EXTI9_5_IRQHandler
                0x0000000008002340                SPI2_IRQHandler
                0x0000000008002340                MemManage_Handler
                0x0000000008002340                DMA1_Stream0_IRQHandler
                0x0000000008002340                SVC_Handler
                0x0000000008002340                EXTI4_IRQHandler
                0x0000000008002340                EXTI22_RTC_WKUP_IRQHandler
                0x0000000008002340                TIM2_IRQHandler
                0x0000000008002340                EXTI16_PVD_IRQHandler
                0x0000000008002340                TIM1_TRG_COM_TIM11_IRQHandler
                0x0000000008002340                EXTI1_IRQHandler
                0x0000000008002340                EXTI17_RTC_Alarm_IRQHandler
                0x0000000008002340                USART2_IRQHandler
                0x0000000008002340                I2C2_ER_IRQHandler
                0x0000000008002340                DMA2_Stream1_IRQHandler
                0x0000000008002340                FLASH_IRQHandler
                0x0000000008002340                DMA2_Stream4_IRQHandler
                0x0000000008002340                BusFault_Handler
                0x0000000008002340                USART1_IRQHandler
                0x0000000008002340                OTG_FS_IRQHandler
                0x0000000008002340                SPI3_IRQHandler
                0x0000000008002340                DMA1_Stream4_IRQHandler
                0x0000000008002340                I2C1_ER_IRQHandler
                0x0000000008002340                DMA2_Stream6_IRQHandler
                0x0000000008002340                DMA1_Stream3_IRQHandler
 *fill*         0x0000000008002342        0x2 
 .text.i2cActivate
                0x0000000008002344       0xd4 C:\GITHUB\STM32\EDS\Balancer\Debug\libBalancer.a(Balancer.o)
                0x0000000008002344                i2cActivate
 .text.ledActivate
                0x0000000008002418       0x84 C:\GITHUB\STM32\EDS\Balancer\Debug\libBalancer.a(Balancer.o)
                0x0000000008002418                ledActivate
 .text.BalaHWsetup
                0x000000000800249c       0x10 C:\GITHUB\STM32\EDS\Balancer\Debug\libBalancer.a(Balancer.o)
                0x000000000800249c                BalaHWsetup
 .text.__NVIC_EnableIRQ
                0x00000000080024ac       0x3c C:\GITHUB\STM32\EDS\Balancer\Debug\libBalancer.a(RotaryPushButton.o)
 .text.initRotaryPushButton
                0x00000000080024e8       0xcc C:\GITHUB\STM32\EDS\Balancer\Debug\libBalancer.a(RotaryPushButton.o)
                0x00000000080024e8                initRotaryPushButton
 .text.initRotaryPushButtonLED
                0x00000000080025b4       0x70 C:\GITHUB\STM32\EDS\Balancer\Debug\libBalancer.a(RotaryPushButton.o)
                0x00000000080025b4                initRotaryPushButtonLED
 .text.setRotaryColor
                0x0000000008002624      0x128 C:\GITHUB\STM32\EDS\Balancer\Debug\libBalancer.a(RotaryPushButton.o)
                0x0000000008002624                setRotaryColor
 .text.EXTI0_IRQHandler
                0x000000000800274c       0x50 C:\GITHUB\STM32\EDS\Balancer\Debug\libBalancer.a(RotaryPushButton.o)
                0x000000000800274c                EXTI0_IRQHandler
 .text.EXTI15_10_IRQHandler
                0x000000000800279c       0x34 C:\GITHUB\STM32\EDS\Balancer\Debug\libBalancer.a(RotaryPushButton.o)
                0x000000000800279c                EXTI15_10_IRQHandler
 .text.delayms  0x00000000080027d0       0x1c C:\GITHUB\STM32\EDS\Balancer\Debug\libBalancer.a(ST7735.o)
                0x00000000080027d0                delayms
 .text.tftSPISenddata
                0x00000000080027ec       0x28 C:\GITHUB\STM32\EDS\Balancer\Debug\libBalancer.a(ST7735.o)
                0x00000000080027ec                tftSPISenddata
 .text.tftSendCmd
                0x0000000008002814       0x28 C:\GITHUB\STM32\EDS\Balancer\Debug\libBalancer.a(ST7735.o)
                0x0000000008002814                tftSendCmd
 .text.tftSendData
                0x000000000800283c       0x28 C:\GITHUB\STM32\EDS\Balancer\Debug\libBalancer.a(ST7735.o)
                0x000000000800283c                tftSendData
 .text.spiInit  0x0000000008002864       0xa8 C:\GITHUB\STM32\EDS\Balancer\Debug\libBalancer.a(ST7735.o)
                0x0000000008002864                spiInit
 .text.commandList
                0x000000000800290c       0x90 C:\GITHUB\STM32\EDS\Balancer\Debug\libBalancer.a(ST7735.o)
 .text.commonInit
                0x000000000800299c       0x44 C:\GITHUB\STM32\EDS\Balancer\Debug\libBalancer.a(ST7735.o)
 .text.tftInitR
                0x00000000080029e0       0x70 C:\GITHUB\STM32\EDS\Balancer\Debug\libBalancer.a(ST7735.o)
                0x00000000080029e0                tftInitR
 .text.tftSetAddrWindow
                0x0000000008002a50       0xa0 C:\GITHUB\STM32\EDS\Balancer\Debug\libBalancer.a(ST7735.o)
                0x0000000008002a50                tftSetAddrWindow
 .text.tftPushColor
                0x0000000008002af0       0x38 C:\GITHUB\STM32\EDS\Balancer\Debug\libBalancer.a(ST7735.o)
                0x0000000008002af0                tftPushColor
 .text.tftDrawPixel
                0x0000000008002b28       0x70 C:\GITHUB\STM32\EDS\Balancer\Debug\libBalancer.a(ST7735.o)
                0x0000000008002b28                tftDrawPixel
 .text.tftFillRect
                0x0000000008002b98      0x10c C:\GITHUB\STM32\EDS\Balancer\Debug\libBalancer.a(ST7735.o)
                0x0000000008002b98                tftFillRect
 .text.tftDrawFastVLine
                0x0000000008002ca4       0xc0 C:\GITHUB\STM32\EDS\Balancer\Debug\libBalancer.a(ST7735.o)
                0x0000000008002ca4                tftDrawFastVLine
 .text.tftSetFont
                0x0000000008002d64       0x44 C:\GITHUB\STM32\EDS\Balancer\Debug\libBalancer.a(ST7735.o)
                0x0000000008002d64                tftSetFont
 .text.tftPrintChar
                0x0000000008002da8      0x1f0 C:\GITHUB\STM32\EDS\Balancer\Debug\libBalancer.a(ST7735.o)
                0x0000000008002da8                tftPrintChar
 .text.tftRotateChar
                0x0000000008002f98      0x278 C:\GITHUB\STM32\EDS\Balancer\Debug\libBalancer.a(ST7735.o)
                0x0000000008002f98                tftRotateChar
 .text.tftPrint
                0x0000000008003210      0x134 C:\GITHUB\STM32\EDS\Balancer\Debug\libBalancer.a(ST7735.o)
                0x0000000008003210                tftPrint
 .text.tftFillScreen
                0x0000000008003344       0x34 C:\GITHUB\STM32\EDS\Balancer\Debug\libBalancer.a(ST7735.o)
                0x0000000008003344                tftFillScreen
 .text.tftSetRotation
                0x0000000008003378       0xa0 C:\GITHUB\STM32\EDS\Balancer\Debug\libBalancer.a(ST7735.o)
                0x0000000008003378                tftSetRotation
 .text.tftGetWidth
                0x0000000008003418       0x18 C:\GITHUB\STM32\EDS\Balancer\Debug\libBalancer.a(ST7735.o)
                0x0000000008003418                tftGetWidth
 .text.tftGetHeight
                0x0000000008003430       0x18 C:\GITHUB\STM32\EDS\Balancer\Debug\libBalancer.a(ST7735.o)
                0x0000000008003430                tftGetHeight
 .text.sensor_presCheck
                0x0000000008003448       0x58 C:\GITHUB\STM32\EDS\Balancer\Debug\libBalancer.a(Sensor3DG.o)
                0x0000000008003448                sensor_presCheck
 .text.setBMA020_Bandwidth
                0x00000000080034a0       0x42 C:\GITHUB\STM32\EDS\Balancer\Debug\libBalancer.a(Sensor3DG.o)
                0x00000000080034a0                setBMA020_Bandwidth
 *fill*         0x00000000080034e2        0x2 
 .text.setBMA020_Range
                0x00000000080034e4       0x9c C:\GITHUB\STM32\EDS\Balancer\Debug\libBalancer.a(Sensor3DG.o)
                0x00000000080034e4                setBMA020_Range
 .text.i2cBMA020_init
                0x0000000008003580       0xb0 C:\GITHUB\STM32\EDS\Balancer\Debug\libBalancer.a(Sensor3DG.o)
                0x0000000008003580                i2cBMA020_init
 .text.i2cBMA020XYZ
                0x0000000008003630       0xc8 C:\GITHUB\STM32\EDS\Balancer\Debug\libBalancer.a(Sensor3DG.o)
                0x0000000008003630                i2cBMA020XYZ
 .text.i2cLIS3DH_init
                0x00000000080036f8      0x120 C:\GITHUB\STM32\EDS\Balancer\Debug\libBalancer.a(Sensor3DG.o)
                0x00000000080036f8                i2cLIS3DH_init
 .text.i2cLIS3DH_XYZ
                0x0000000008003818       0x24 C:\GITHUB\STM32\EDS\Balancer\Debug\libBalancer.a(Sensor3DG.o)
                0x0000000008003818                i2cLIS3DH_XYZ
 .text.i2cLIS3DH_Temp
                0x000000000800383c       0x26 C:\GITHUB\STM32\EDS\Balancer\Debug\libBalancer.a(Sensor3DG.o)
                0x000000000800383c                i2cLIS3DH_Temp
 *fill*         0x0000000008003862        0x2 
 .text.i2cMPU6050_init
                0x0000000008003864       0xe0 C:\GITHUB\STM32\EDS\Balancer\Debug\libBalancer.a(Sensor3DG.o)
                0x0000000008003864                i2cMPU6050_init
 .text.i2cMPU6050XYZ
                0x0000000008003944       0x74 C:\GITHUB\STM32\EDS\Balancer\Debug\libBalancer.a(Sensor3DG.o)
                0x0000000008003944                i2cMPU6050XYZ
 .text.i2cMPU6050GYRO
                0x00000000080039b8       0x74 C:\GITHUB\STM32\EDS\Balancer\Debug\libBalancer.a(Sensor3DG.o)
                0x00000000080039b8                i2cMPU6050GYRO
 .text.extiVerifyIrqNum
                0x0000000008003a2c       0xa0 C:\GITHUB\STM32\EDS\MCAL\Debug\libMCAL.a(mcalEXTI.o)
                0x0000000008003a2c                extiVerifyIrqNum
 .text.extiVerifyTrigger
                0x0000000008003acc       0x2e C:\GITHUB\STM32\EDS\MCAL\Debug\libMCAL.a(mcalEXTI.o)
                0x0000000008003acc                extiVerifyTrigger
 *fill*         0x0000000008003afa        0x2 
 .text.extiInit
                0x0000000008003afc       0x38 C:\GITHUB\STM32\EDS\MCAL\Debug\libMCAL.a(mcalEXTI.o)
                0x0000000008003afc                extiInit
 .text.extiConfigIrq
                0x0000000008003b34      0x168 C:\GITHUB\STM32\EDS\MCAL\Debug\libMCAL.a(mcalEXTI.o)
                0x0000000008003b34                extiConfigIrq
 .text.extiEnableIrq
                0x0000000008003c9c       0x44 C:\GITHUB\STM32\EDS\MCAL\Debug\libMCAL.a(mcalEXTI.o)
                0x0000000008003c9c                extiEnableIrq
 .text.extiSetTriggerEdge
                0x0000000008003ce0       0xe0 C:\GITHUB\STM32\EDS\MCAL\Debug\libMCAL.a(mcalEXTI.o)
                0x0000000008003ce0                extiSetTriggerEdge
 .text.gpioVerifyPort
                0x0000000008003dc0       0x64 C:\GITHUB\STM32\EDS\MCAL\Debug\libMCAL.a(mcalGPIO.o)
                0x0000000008003dc0                gpioVerifyPort
 .text.gpioVerifyPin
                0x0000000008003e24       0x7c C:\GITHUB\STM32\EDS\MCAL\Debug\libMCAL.a(mcalGPIO.o)
                0x0000000008003e24                gpioVerifyPin
 .text.gpioVerifyAltFunc
                0x0000000008003ea0       0x7c C:\GITHUB\STM32\EDS\MCAL\Debug\libMCAL.a(mcalGPIO.o)
                0x0000000008003ea0                gpioVerifyAltFunc
 .text.gpioVerifyPinMode
                0x0000000008003f1c       0x34 C:\GITHUB\STM32\EDS\MCAL\Debug\libMCAL.a(mcalGPIO.o)
                0x0000000008003f1c                gpioVerifyPinMode
 .text.gpioVerifyOutputType
                0x0000000008003f50       0x28 C:\GITHUB\STM32\EDS\MCAL\Debug\libMCAL.a(mcalGPIO.o)
                0x0000000008003f50                gpioVerifyOutputType
 .text.gpioVerifyPushPullMode
                0x0000000008003f78       0x2e C:\GITHUB\STM32\EDS\MCAL\Debug\libMCAL.a(mcalGPIO.o)
                0x0000000008003f78                gpioVerifyPushPullMode
 *fill*         0x0000000008003fa6        0x2 
 .text.gpioInitPort
                0x0000000008003fa8       0xc4 C:\GITHUB\STM32\EDS\MCAL\Debug\libMCAL.a(mcalGPIO.o)
                0x0000000008003fa8                gpioInitPort
 .text.gpioSelectPort
                0x000000000800406c       0xc8 C:\GITHUB\STM32\EDS\MCAL\Debug\libMCAL.a(mcalGPIO.o)
                0x000000000800406c                gpioSelectPort
 .text.gpioSelectPinMode
                0x0000000008004134       0x96 C:\GITHUB\STM32\EDS\MCAL\Debug\libMCAL.a(mcalGPIO.o)
                0x0000000008004134                gpioSelectPinMode
 .text.gpioSetPin
                0x00000000080041ca       0x56 C:\GITHUB\STM32\EDS\MCAL\Debug\libMCAL.a(mcalGPIO.o)
                0x00000000080041ca                gpioSetPin
 .text.gpioResetPin
                0x0000000008004220       0x58 C:\GITHUB\STM32\EDS\MCAL\Debug\libMCAL.a(mcalGPIO.o)
                0x0000000008004220                gpioResetPin
 .text.gpioSelectAltFunc
                0x0000000008004278       0xd2 C:\GITHUB\STM32\EDS\MCAL\Debug\libMCAL.a(mcalGPIO.o)
                0x0000000008004278                gpioSelectAltFunc
 .text.gpioSetOutputType
                0x000000000800434a       0x92 C:\GITHUB\STM32\EDS\MCAL\Debug\libMCAL.a(mcalGPIO.o)
                0x000000000800434a                gpioSetOutputType
 .text.gpioSelectPushPullMode
                0x00000000080043dc       0xba C:\GITHUB\STM32\EDS\MCAL\Debug\libMCAL.a(mcalGPIO.o)
                0x00000000080043dc                gpioSelectPushPullMode
 .text.gpioGetPinState
                0x0000000008004496       0x38 C:\GITHUB\STM32\EDS\MCAL\Debug\libMCAL.a(mcalGPIO.o)
                0x0000000008004496                gpioGetPinState
 .text.__i2c_start
                0x00000000080044ce       0x30 C:\GITHUB\STM32\EDS\MCAL\Debug\libMCAL.a(mcalI2C.o)
 .text.__i2c_stop
                0x00000000080044fe       0x30 C:\GITHUB\STM32\EDS\MCAL\Debug\libMCAL.a(mcalI2C.o)
 .text.__i2c_dummy_read_SR1_SR2
                0x000000000800452e       0x3c C:\GITHUB\STM32\EDS\MCAL\Debug\libMCAL.a(mcalI2C.o)
 .text.__i2c_Chk_TX_empty
                0x000000000800456a       0x36 C:\GITHUB\STM32\EDS\MCAL\Debug\libMCAL.a(mcalI2C.o)
 .text.i2cVerifyDutyCycle
                0x00000000080045a0       0x28 C:\GITHUB\STM32\EDS\MCAL\Debug\libMCAL.a(mcalI2C.o)
 .text.i2cSelectI2C
                0x00000000080045c8       0x68 C:\GITHUB\STM32\EDS\MCAL\Debug\libMCAL.a(mcalI2C.o)
                0x00000000080045c8                i2cSelectI2C
 .text.i2cSetClkSpd
                0x0000000008004630       0xfc C:\GITHUB\STM32\EDS\MCAL\Debug\libMCAL.a(mcalI2C.o)
                0x0000000008004630                i2cSetClkSpd
 .text.i2cInitI2C
                0x000000000800472c       0xa0 C:\GITHUB\STM32\EDS\MCAL\Debug\libMCAL.a(mcalI2C.o)
                0x000000000800472c                i2cInitI2C
 .text.i2cSendByteToSlaveReg
                0x00000000080047cc       0x9c C:\GITHUB\STM32\EDS\MCAL\Debug\libMCAL.a(mcalI2C.o)
                0x00000000080047cc                i2cSendByteToSlaveReg
 .text.i2cBurstWrite
                0x0000000008004868       0xba C:\GITHUB\STM32\EDS\MCAL\Debug\libMCAL.a(mcalI2C.o)
                0x0000000008004868                i2cBurstWrite
 .text.i2cReadByteFromSlaveReg
                0x0000000008004922       0xd8 C:\GITHUB\STM32\EDS\MCAL\Debug\libMCAL.a(mcalI2C.o)
                0x0000000008004922                i2cReadByteFromSlaveReg
 .text.i2cBurstRegRead
                0x00000000080049fa      0x130 C:\GITHUB\STM32\EDS\MCAL\Debug\libMCAL.a(mcalI2C.o)
                0x00000000080049fa                i2cBurstRegRead
 .text.i2cBurstRead
                0x0000000008004b2a       0xd2 C:\GITHUB\STM32\EDS\MCAL\Debug\libMCAL.a(mcalI2C.o)
                0x0000000008004b2a                i2cBurstRead
 .text.i2cEnableDevice
                0x0000000008004bfc       0x22 C:\GITHUB\STM32\EDS\MCAL\Debug\libMCAL.a(mcalI2C.o)
                0x0000000008004bfc                i2cEnableDevice
 .text.i2cFindSlaveAddr
                0x0000000008004c1e       0x5c C:\GITHUB\STM32\EDS\MCAL\Debug\libMCAL.a(mcalI2C.o)
                0x0000000008004c1e                i2cFindSlaveAddr
 *fill*         0x0000000008004c7a        0x2 
 .text.rccGetSysClock
                0x0000000008004c7c      0x20c C:\GITHUB\STM32\EDS\MCAL\Debug\libMCAL.a(mcalRCC.o)
                0x0000000008004c7c                rccGetSysClock
 .text.rccGetHclkFreq
                0x0000000008004e88       0x50 C:\GITHUB\STM32\EDS\MCAL\Debug\libMCAL.a(mcalRCC.o)
                0x0000000008004e88                rccGetHclkFreq
 .text.rccGetPclk1Freq
                0x0000000008004ed8       0x44 C:\GITHUB\STM32\EDS\MCAL\Debug\libMCAL.a(mcalRCC.o)
                0x0000000008004ed8                rccGetPclk1Freq
 .text.__spi_Chk_TX_empty
                0x0000000008004f1c       0x36 C:\GITHUB\STM32\EDS\MCAL\Debug\libMCAL.a(mcalSPI.o)
 .text.__spi_Chk_notBSY
                0x0000000008004f52       0x24 C:\GITHUB\STM32\EDS\MCAL\Debug\libMCAL.a(mcalSPI.o)
 *fill*         0x0000000008004f76        0x2 
 .text.spiVerifySPI
                0x0000000008004f78       0x4c C:\GITHUB\STM32\EDS\MCAL\Debug\libMCAL.a(mcalSPI.o)
 .text.spiVerifyClkDivider
                0x0000000008004fc4       0x4c C:\GITHUB\STM32\EDS\MCAL\Debug\libMCAL.a(mcalSPI.o)
 .text.spiVerifySSM
                0x0000000008005010       0x28 C:\GITHUB\STM32\EDS\MCAL\Debug\libMCAL.a(mcalSPI.o)
 .text.spiVerifyOpMode
                0x0000000008005038       0x28 C:\GITHUB\STM32\EDS\MCAL\Debug\libMCAL.a(mcalSPI.o)
 .text.spiVerifyPhase
                0x0000000008005060       0x28 C:\GITHUB\STM32\EDS\MCAL\Debug\libMCAL.a(mcalSPI.o)
 .text.spiVerifyIdlePolarity
                0x0000000008005088       0x28 C:\GITHUB\STM32\EDS\MCAL\Debug\libMCAL.a(mcalSPI.o)
 .text.spiInitSPI
                0x00000000080050b0      0x1dc C:\GITHUB\STM32\EDS\MCAL\Debug\libMCAL.a(mcalSPI.o)
                0x00000000080050b0                spiInitSPI
 .text.spiSelectSPI
                0x000000000800528c       0x80 C:\GITHUB\STM32\EDS\MCAL\Debug\libMCAL.a(mcalSPI.o)
                0x000000000800528c                spiSelectSPI
 .text.spiEnableSPI
                0x000000000800530c       0x36 C:\GITHUB\STM32\EDS\MCAL\Debug\libMCAL.a(mcalSPI.o)
                0x000000000800530c                spiEnableSPI
 .text.spiWriteByte
                0x0000000008005342       0x66 C:\GITHUB\STM32\EDS\MCAL\Debug\libMCAL.a(mcalSPI.o)
                0x0000000008005342                spiWriteByte
 .text.__NVIC_SetPriority
                0x00000000080053a8       0x54 C:\GITHUB\STM32\EDS\MCAL\Debug\libMCAL.a(mcalSysTick.o)
 .text.SysTick_Config
                0x00000000080053fc       0x44 C:\GITHUB\STM32\EDS\MCAL\Debug\libMCAL.a(mcalSysTick.o)
 .text.systickSetMillis
                0x0000000008005440       0x1c C:\GITHUB\STM32\EDS\MCAL\Debug\libMCAL.a(mcalSysTick.o)
                0x0000000008005440                systickSetMillis
 .text.systickInit
                0x000000000800545c       0x28 C:\GITHUB\STM32\EDS\MCAL\Debug\libMCAL.a(mcalSysTick.o)
                0x000000000800545c                systickInit
 .text.systickSetTicktime
                0x0000000008005484       0x1c C:\GITHUB\STM32\EDS\MCAL\Debug\libMCAL.a(mcalSysTick.o)
                0x0000000008005484                systickSetTicktime
 .text.isSystickExpired
                0x00000000080054a0       0x24 C:\GITHUB\STM32\EDS\MCAL\Debug\libMCAL.a(mcalSysTick.o)
                0x00000000080054a0                isSystickExpired
 .text.SysTick_Handler
                0x00000000080054c4       0x18 C:\GITHUB\STM32\EDS\MCAL\Debug\libMCAL.a(mcalSysTick.o)
                0x00000000080054c4                SysTick_Handler
 .text.systickUpdateTimer
                0x00000000080054dc       0x30 C:\GITHUB\STM32\EDS\MCAL\Debug\libMCAL.a(mcalSysTick.o)
                0x00000000080054dc                systickUpdateTimer
 .text.systickUpdateTimerList
                0x000000000800550c       0x54 C:\GITHUB\STM32\EDS\MCAL\Debug\libMCAL.a(mcalSysTick.o)
                0x000000000800550c                systickUpdateTimerList
 .text.systickDelay
                0x0000000008005560       0x48 C:\GITHUB\STM32\EDS\MCAL\Debug\libMCAL.a(mcalSysTick.o)
                0x0000000008005560                systickDelay
 .text.__libc_init_array
                0x00000000080055a8       0x48 c:/st/stm32cubeide_1.12.0/stm32cubeide/plugins/com.st.stm32cube.ide.mcu.externaltools.gnu-tools-for-stm32.10.3-2021.10.win32_1.0.200.202301161003/tools/bin/../lib/gcc/arm-none-eabi/10.3.1/../../../../arm-none-eabi/lib/thumb/v7e-m+fp/softfp\libc_nano.a(lib_a-init.o)
                0x00000000080055a8                __libc_init_array
 .text.memset   0x00000000080055f0       0x10 c:/st/stm32cubeide_1.12.0/stm32cubeide/plugins/com.st.stm32cube.ide.mcu.externaltools.gnu-tools-for-stm32.10.3-2021.10.win32_1.0.200.202301161003/tools/bin/../lib/gcc/arm-none-eabi/10.3.1/../../../../arm-none-eabi/lib/thumb/v7e-m+fp/softfp\libc_nano.a(lib_a-memset.o)
                0x00000000080055f0                memset
 .text.__cvt    0x0000000008005600       0xc2 c:/st/stm32cubeide_1.12.0/stm32cubeide/plugins/com.st.stm32cube.ide.mcu.externaltools.gnu-tools-for-stm32.10.3-2021.10.win32_1.0.200.202301161003/tools/bin/../lib/gcc/arm-none-eabi/10.3.1/../../../../arm-none-eabi/lib/thumb/v7e-m+fp/softfp\libc_nano.a(lib_a-nano-vfprintf_float.o)
                0x0000000008005600                __cvt
 .text.__exponent
                0x00000000080056c2       0x7c c:/st/stm32cubeide_1.12.0/stm32cubeide/plugins/com.st.stm32cube.ide.mcu.externaltools.gnu-tools-for-stm32.10.3-2021.10.win32_1.0.200.202301161003/tools/bin/../lib/gcc/arm-none-eabi/10.3.1/../../../../arm-none-eabi/lib/thumb/v7e-m+fp/softfp\libc_nano.a(lib_a-nano-vfprintf_float.o)
                0x00000000080056c2                __exponent
 *fill*         0x000000000800573e        0x2 
 .text._printf_float
                0x0000000008005740      0x470 c:/st/stm32cubeide_1.12.0/stm32cubeide/plugins/com.st.stm32cube.ide.mcu.externaltools.gnu-tools-for-stm32.10.3-2021.10.win32_1.0.200.202301161003/tools/bin/../lib/gcc/arm-none-eabi/10.3.1/../../../../arm-none-eabi/lib/thumb/v7e-m+fp/softfp\libc_nano.a(lib_a-nano-vfprintf_float.o)
                0x0000000008005740                _printf_float
 .text._printf_common
                0x0000000008005bb0       0xda c:/st/stm32cubeide_1.12.0/stm32cubeide/plugins/com.st.stm32cube.ide.mcu.externaltools.gnu-tools-for-stm32.10.3-2021.10.win32_1.0.200.202301161003/tools/bin/../lib/gcc/arm-none-eabi/10.3.1/../../../../arm-none-eabi/lib/thumb/v7e-m+fp/softfp\libc_nano.a(lib_a-nano-vfprintf_i.o)
                0x0000000008005bb0                _printf_common
 *fill*         0x0000000008005c8a        0x2 
 .text._printf_i
                0x0000000008005c8c      0x24c c:/st/stm32cubeide_1.12.0/stm32cubeide/plugins/com.st.stm32cube.ide.mcu.externaltools.gnu-tools-for-stm32.10.3-2021.10.win32_1.0.200.202301161003/tools/bin/../lib/gcc/arm-none-eabi/10.3.1/../../../../arm-none-eabi/lib/thumb/v7e-m+fp/softfp\libc_nano.a(lib_a-nano-vfprintf_i.o)
                0x0000000008005c8c                _printf_i
 .text.sprintf  0x0000000008005ed8       0x40 c:/st/stm32cubeide_1.12.0/stm32cubeide/plugins/com.st.stm32cube.ide.mcu.externaltools.gnu-tools-for-stm32.10.3-2021.10.win32_1.0.200.202301161003/tools/bin/../lib/gcc/arm-none-eabi/10.3.1/../../../../arm-none-eabi/lib/thumb/v7e-m+fp/softfp\libc_nano.a(lib_a-sprintf.o)
                0x0000000008005ed8                siprintf
                0x0000000008005ed8                sprintf
 .text.quorem   0x0000000008005f18      0x116 c:/st/stm32cubeide_1.12.0/stm32cubeide/plugins/com.st.stm32cube.ide.mcu.externaltools.gnu-tools-for-stm32.10.3-2021.10.win32_1.0.200.202301161003/tools/bin/../lib/gcc/arm-none-eabi/10.3.1/../../../../arm-none-eabi/lib/thumb/v7e-m+fp/softfp\libc_nano.a(lib_a-dtoa.o)
 *fill*         0x000000000800602e        0x2 
 .text._dtoa_r  0x0000000008006030      0xbdc c:/st/stm32cubeide_1.12.0/stm32cubeide/plugins/com.st.stm32cube.ide.mcu.externaltools.gnu-tools-for-stm32.10.3-2021.10.win32_1.0.200.202301161003/tools/bin/../lib/gcc/arm-none-eabi/10.3.1/../../../../arm-none-eabi/lib/thumb/v7e-m+fp/softfp\libc_nano.a(lib_a-dtoa.o)
                0x0000000008006030                _dtoa_r
 .text._localeconv_r
                0x0000000008006c0c        0x8 c:/st/stm32cubeide_1.12.0/stm32cubeide/plugins/com.st.stm32cube.ide.mcu.externaltools.gnu-tools-for-stm32.10.3-2021.10.win32_1.0.200.202301161003/tools/bin/../lib/gcc/arm-none-eabi/10.3.1/../../../../arm-none-eabi/lib/thumb/v7e-m+fp/softfp\libc_nano.a(lib_a-localeconv.o)
                0x0000000008006c0c                _localeconv_r
 .text.malloc   0x0000000008006c14       0x10 c:/st/stm32cubeide_1.12.0/stm32cubeide/plugins/com.st.stm32cube.ide.mcu.externaltools.gnu-tools-for-stm32.10.3-2021.10.win32_1.0.200.202301161003/tools/bin/../lib/gcc/arm-none-eabi/10.3.1/../../../../arm-none-eabi/lib/thumb/v7e-m+fp/softfp\libc_nano.a(lib_a-malloc.o)
                0x0000000008006c14                malloc
 .text.memcpy   0x0000000008006c24       0x1c c:/st/stm32cubeide_1.12.0/stm32cubeide/plugins/com.st.stm32cube.ide.mcu.externaltools.gnu-tools-for-stm32.10.3-2021.10.win32_1.0.200.202301161003/tools/bin/../lib/gcc/arm-none-eabi/10.3.1/../../../../arm-none-eabi/lib/thumb/v7e-m+fp/softfp\libc_nano.a(lib_a-memcpy-stub.o)
                0x0000000008006c24                memcpy
 .text._Balloc  0x0000000008006c40       0x80 c:/st/stm32cubeide_1.12.0/stm32cubeide/plugins/com.st.stm32cube.ide.mcu.externaltools.gnu-tools-for-stm32.10.3-2021.10.win32_1.0.200.202301161003/tools/bin/../lib/gcc/arm-none-eabi/10.3.1/../../../../arm-none-eabi/lib/thumb/v7e-m+fp/softfp\libc_nano.a(lib_a-mprec.o)
                0x0000000008006c40                _Balloc
 .text._Bfree   0x0000000008006cc0       0x44 c:/st/stm32cubeide_1.12.0/stm32cubeide/plugins/com.st.stm32cube.ide.mcu.externaltools.gnu-tools-for-stm32.10.3-2021.10.win32_1.0.200.202301161003/tools/bin/../lib/gcc/arm-none-eabi/10.3.1/../../../../arm-none-eabi/lib/thumb/v7e-m+fp/softfp\libc_nano.a(lib_a-mprec.o)
                0x0000000008006cc0                _Bfree
 .text.__multadd
                0x0000000008006d04       0x8c c:/st/stm32cubeide_1.12.0/stm32cubeide/plugins/com.st.stm32cube.ide.mcu.externaltools.gnu-tools-for-stm32.10.3-2021.10.win32_1.0.200.202301161003/tools/bin/../lib/gcc/arm-none-eabi/10.3.1/../../../../arm-none-eabi/lib/thumb/v7e-m+fp/softfp\libc_nano.a(lib_a-mprec.o)
                0x0000000008006d04                __multadd
 .text.__hi0bits
                0x0000000008006d90       0x40 c:/st/stm32cubeide_1.12.0/stm32cubeide/plugins/com.st.stm32cube.ide.mcu.externaltools.gnu-tools-for-stm32.10.3-2021.10.win32_1.0.200.202301161003/tools/bin/../lib/gcc/arm-none-eabi/10.3.1/../../../../arm-none-eabi/lib/thumb/v7e-m+fp/softfp\libc_nano.a(lib_a-mprec.o)
                0x0000000008006d90                __hi0bits
 .text.__lo0bits
                0x0000000008006dd0       0x5e c:/st/stm32cubeide_1.12.0/stm32cubeide/plugins/com.st.stm32cube.ide.mcu.externaltools.gnu-tools-for-stm32.10.3-2021.10.win32_1.0.200.202301161003/tools/bin/../lib/gcc/arm-none-eabi/10.3.1/../../../../arm-none-eabi/lib/thumb/v7e-m+fp/softfp\libc_nano.a(lib_a-mprec.o)
                0x0000000008006dd0                __lo0bits
 *fill*         0x0000000008006e2e        0x2 
 .text.__i2b    0x0000000008006e30       0x2c c:/st/stm32cubeide_1.12.0/stm32cubeide/plugins/com.st.stm32cube.ide.mcu.externaltools.gnu-tools-for-stm32.10.3-2021.10.win32_1.0.200.202301161003/tools/bin/../lib/gcc/arm-none-eabi/10.3.1/../../../../arm-none-eabi/lib/thumb/v7e-m+fp/softfp\libc_nano.a(lib_a-mprec.o)
                0x0000000008006e30                __i2b
 .text.__multiply
                0x0000000008006e5c      0x154 c:/st/stm32cubeide_1.12.0/stm32cubeide/plugins/com.st.stm32cube.ide.mcu.externaltools.gnu-tools-for-stm32.10.3-2021.10.win32_1.0.200.202301161003/tools/bin/../lib/gcc/arm-none-eabi/10.3.1/../../../../arm-none-eabi/lib/thumb/v7e-m+fp/softfp\libc_nano.a(lib_a-mprec.o)
                0x0000000008006e5c                __multiply
 .text.__pow5mult
                0x0000000008006fb0       0xb4 c:/st/stm32cubeide_1.12.0/stm32cubeide/plugins/com.st.stm32cube.ide.mcu.externaltools.gnu-tools-for-stm32.10.3-2021.10.win32_1.0.200.202301161003/tools/bin/../lib/gcc/arm-none-eabi/10.3.1/../../../../arm-none-eabi/lib/thumb/v7e-m+fp/softfp\libc_nano.a(lib_a-mprec.o)
                0x0000000008006fb0                __pow5mult
 .text.__lshift
                0x0000000008007064       0xe0 c:/st/stm32cubeide_1.12.0/stm32cubeide/plugins/com.st.stm32cube.ide.mcu.externaltools.gnu-tools-for-stm32.10.3-2021.10.win32_1.0.200.202301161003/tools/bin/../lib/gcc/arm-none-eabi/10.3.1/../../../../arm-none-eabi/lib/thumb/v7e-m+fp/softfp\libc_nano.a(lib_a-mprec.o)
                0x0000000008007064                __lshift
 .text.__mcmp   0x0000000008007144       0x38 c:/st/stm32cubeide_1.12.0/stm32cubeide/plugins/com.st.stm32cube.ide.mcu.externaltools.gnu-tools-for-stm32.10.3-2021.10.win32_1.0.200.202301161003/tools/bin/../lib/gcc/arm-none-eabi/10.3.1/../../../../arm-none-eabi/lib/thumb/v7e-m+fp/softfp\libc_nano.a(lib_a-mprec.o)
                0x0000000008007144                __mcmp
 .text.__mdiff  0x000000000800717c      0x114 c:/st/stm32cubeide_1.12.0/stm32cubeide/plugins/com.st.stm32cube.ide.mcu.externaltools.gnu-tools-for-stm32.10.3-2021.10.win32_1.0.200.202301161003/tools/bin/../lib/gcc/arm-none-eabi/10.3.1/../../../../arm-none-eabi/lib/thumb/v7e-m+fp/softfp\libc_nano.a(lib_a-mprec.o)
                0x000000000800717c                __mdiff
 .text.__d2b    0x0000000008007290       0xb4 c:/st/stm32cubeide_1.12.0/stm32cubeide/plugins/com.st.stm32cube.ide.mcu.externaltools.gnu-tools-for-stm32.10.3-2021.10.win32_1.0.200.202301161003/tools/bin/../lib/gcc/arm-none-eabi/10.3.1/../../../../arm-none-eabi/lib/thumb/v7e-m+fp/softfp\libc_nano.a(lib_a-mprec.o)
                0x0000000008007290                __d2b
 .text._calloc_r
                0x0000000008007344       0x2c c:/st/stm32cubeide_1.12.0/stm32cubeide/plugins/com.st.stm32cube.ide.mcu.externaltools.gnu-tools-for-stm32.10.3-2021.10.win32_1.0.200.202301161003/tools/bin/../lib/gcc/arm-none-eabi/10.3.1/../../../../arm-none-eabi/lib/thumb/v7e-m+fp/softfp\libc_nano.a(lib_a-nano-callocr.o)
                0x0000000008007344                _calloc_r
 .text._free_r  0x0000000008007370       0x98 c:/st/stm32cubeide_1.12.0/stm32cubeide/plugins/com.st.stm32cube.ide.mcu.externaltools.gnu-tools-for-stm32.10.3-2021.10.win32_1.0.200.202301161003/tools/bin/../lib/gcc/arm-none-eabi/10.3.1/../../../../arm-none-eabi/lib/thumb/v7e-m+fp/softfp\libc_nano.a(lib_a-nano-freer.o)
                0x0000000008007370                _free_r
 .text.sbrk_aligned
                0x0000000008007408       0x40 c:/st/stm32cubeide_1.12.0/stm32cubeide/plugins/com.st.stm32cube.ide.mcu.externaltools.gnu-tools-for-stm32.10.3-2021.10.win32_1.0.200.202301161003/tools/bin/../lib/gcc/arm-none-eabi/10.3.1/../../../../arm-none-eabi/lib/thumb/v7e-m+fp/softfp\libc_nano.a(lib_a-nano-mallocr.o)
 .text._malloc_r
                0x0000000008007448       0xe8 c:/st/stm32cubeide_1.12.0/stm32cubeide/plugins/com.st.stm32cube.ide.mcu.externaltools.gnu-tools-for-stm32.10.3-2021.10.win32_1.0.200.202301161003/tools/bin/../lib/gcc/arm-none-eabi/10.3.1/../../../../arm-none-eabi/lib/thumb/v7e-m+fp/softfp\libc_nano.a(lib_a-nano-mallocr.o)
                0x0000000008007448                _malloc_r
 .text.__ssputs_r
                0x0000000008007530       0xb6 c:/st/stm32cubeide_1.12.0/stm32cubeide/plugins/com.st.stm32cube.ide.mcu.externaltools.gnu-tools-for-stm32.10.3-2021.10.win32_1.0.200.202301161003/tools/bin/../lib/gcc/arm-none-eabi/10.3.1/../../../../arm-none-eabi/lib/thumb/v7e-m+fp/softfp\libc_nano.a(lib_a-nano-svfprintf.o)
                0x0000000008007530                __ssputs_r
 *fill*         0x00000000080075e6        0x2 
 .text._svfprintf_r
                0x00000000080075e8      0x200 c:/st/stm32cubeide_1.12.0/stm32cubeide/plugins/com.st.stm32cube.ide.mcu.externaltools.gnu-tools-for-stm32.10.3-2021.10.win32_1.0.200.202301161003/tools/bin/../lib/gcc/arm-none-eabi/10.3.1/../../../../arm-none-eabi/lib/thumb/v7e-m+fp/softfp\libc_nano.a(lib_a-nano-svfprintf.o)
                0x00000000080075e8                _svfiprintf_r
                0x00000000080075e8                _svfprintf_r
 .text._sbrk_r  0x00000000080077e8       0x20 c:/st/stm32cubeide_1.12.0/stm32cubeide/plugins/com.st.stm32cube.ide.mcu.externaltools.gnu-tools-for-stm32.10.3-2021.10.win32_1.0.200.202301161003/tools/bin/../lib/gcc/arm-none-eabi/10.3.1/../../../../arm-none-eabi/lib/thumb/v7e-m+fp/softfp\libc_nano.a(lib_a-sbrkr.o)
                0x00000000080077e8                _sbrk_r
 .text.__assert_func
                0x0000000008007808       0x3c c:/st/stm32cubeide_1.12.0/stm32cubeide/plugins/com.st.stm32cube.ide.mcu.externaltools.gnu-tools-for-stm32.10.3-2021.10.win32_1.0.200.202301161003/tools/bin/../lib/gcc/arm-none-eabi/10.3.1/../../../../arm-none-eabi/lib/thumb/v7e-m+fp/softfp\libc_nano.a(lib_a-assert.o)
                0x0000000008007808                __assert_func
 .text.fprintf  0x0000000008007844       0x24 c:/st/stm32cubeide_1.12.0/stm32cubeide/plugins/com.st.stm32cube.ide.mcu.externaltools.gnu-tools-for-stm32.10.3-2021.10.win32_1.0.200.202301161003/tools/bin/../lib/gcc/arm-none-eabi/10.3.1/../../../../arm-none-eabi/lib/thumb/v7e-m+fp/softfp\libc_nano.a(lib_a-fprintf.o)
                0x0000000008007844                fiprintf
                0x0000000008007844                fprintf
 .text.__ascii_mbtowc
                0x0000000008007868       0x24 c:/st/stm32cubeide_1.12.0/stm32cubeide/plugins/com.st.stm32cube.ide.mcu.externaltools.gnu-tools-for-stm32.10.3-2021.10.win32_1.0.200.202301161003/tools/bin/../lib/gcc/arm-none-eabi/10.3.1/../../../../arm-none-eabi/lib/thumb/v7e-m+fp/softfp\libc_nano.a(lib_a-mbtowc_r.o)
                0x0000000008007868                __ascii_mbtowc
 .text.memmove  0x000000000800788c       0x34 c:/st/stm32cubeide_1.12.0/stm32cubeide/plugins/com.st.stm32cube.ide.mcu.externaltools.gnu-tools-for-stm32.10.3-2021.10.win32_1.0.200.202301161003/tools/bin/../lib/gcc/arm-none-eabi/10.3.1/../../../../arm-none-eabi/lib/thumb/v7e-m+fp/softfp\libc_nano.a(lib_a-memmove.o)
                0x000000000800788c                memmove
 .text.__malloc_lock
                0x00000000080078c0        0xc c:/st/stm32cubeide_1.12.0/stm32cubeide/plugins/com.st.stm32cube.ide.mcu.externaltools.gnu-tools-for-stm32.10.3-2021.10.win32_1.0.200.202301161003/tools/bin/../lib/gcc/arm-none-eabi/10.3.1/../../../../arm-none-eabi/lib/thumb/v7e-m+fp/softfp\libc_nano.a(lib_a-mlock.o)
                0x00000000080078c0                __malloc_lock
 .text.__malloc_unlock
                0x00000000080078cc        0xc c:/st/stm32cubeide_1.12.0/stm32cubeide/plugins/com.st.stm32cube.ide.mcu.externaltools.gnu-tools-for-stm32.10.3-2021.10.win32_1.0.200.202301161003/tools/bin/../lib/gcc/arm-none-eabi/10.3.1/../../../../arm-none-eabi/lib/thumb/v7e-m+fp/softfp\libc_nano.a(lib_a-mlock.o)
                0x00000000080078cc                __malloc_unlock
 .text._realloc_r
                0x00000000080078d8       0x5e c:/st/stm32cubeide_1.12.0/stm32cubeide/plugins/com.st.stm32cube.ide.mcu.externaltools.gnu-tools-for-stm32.10.3-2021.10.win32_1.0.200.202301161003/tools/bin/../lib/gcc/arm-none-eabi/10.3.1/../../../../arm-none-eabi/lib/thumb/v7e-m+fp/softfp\libc_nano.a(lib_a-nano-reallocr.o)
                0x00000000080078d8                _realloc_r
 .text.__sfputc_r
                0x0000000008007936       0x2e c:/st/stm32cubeide_1.12.0/stm32cubeide/plugins/com.st.stm32cube.ide.mcu.externaltools.gnu-tools-for-stm32.10.3-2021.10.win32_1.0.200.202301161003/tools/bin/../lib/gcc/arm-none-eabi/10.3.1/../../../../arm-none-eabi/lib/thumb/v7e-m+fp/softfp\libc_nano.a(lib_a-nano-vfprintf.o)
 .text.__sfputs_r
                0x0000000008007964       0x24 c:/st/stm32cubeide_1.12.0/stm32cubeide/plugins/com.st.stm32cube.ide.mcu.externaltools.gnu-tools-for-stm32.10.3-2021.10.win32_1.0.200.202301161003/tools/bin/../lib/gcc/arm-none-eabi/10.3.1/../../../../arm-none-eabi/lib/thumb/v7e-m+fp/softfp\libc_nano.a(lib_a-nano-vfprintf.o)
                0x0000000008007964                __sfputs_r
 .text._vfprintf_r
                0x0000000008007988      0x260 c:/st/stm32cubeide_1.12.0/stm32cubeide/plugins/com.st.stm32cube.ide.mcu.externaltools.gnu-tools-for-stm32.10.3-2021.10.win32_1.0.200.202301161003/tools/bin/../lib/gcc/arm-none-eabi/10.3.1/../../../../arm-none-eabi/lib/thumb/v7e-m+fp/softfp\libc_nano.a(lib_a-nano-vfprintf.o)
                0x0000000008007988                _vfprintf_r
                0x0000000008007988                _vfiprintf_r
 .text.__swbuf_r
                0x0000000008007be8       0xa4 c:/st/stm32cubeide_1.12.0/stm32cubeide/plugins/com.st.stm32cube.ide.mcu.externaltools.gnu-tools-for-stm32.10.3-2021.10.win32_1.0.200.202301161003/tools/bin/../lib/gcc/arm-none-eabi/10.3.1/../../../../arm-none-eabi/lib/thumb/v7e-m+fp/softfp\libc_nano.a(lib_a-wbuf.o)
                0x0000000008007be8                __swbuf_r
 .text.__ascii_wctomb
                0x0000000008007c8c       0x1a c:/st/stm32cubeide_1.12.0/stm32cubeide/plugins/com.st.stm32cube.ide.mcu.externaltools.gnu-tools-for-stm32.10.3-2021.10.win32_1.0.200.202301161003/tools/bin/../lib/gcc/arm-none-eabi/10.3.1/../../../../arm-none-eabi/lib/thumb/v7e-m+fp/softfp\libc_nano.a(lib_a-wctomb_r.o)
                0x0000000008007c8c                __ascii_wctomb
 *fill*         0x0000000008007ca6        0x2 
 .text.__swsetup_r
                0x0000000008007ca8       0xdc c:/st/stm32cubeide_1.12.0/stm32cubeide/plugins/com.st.stm32cube.ide.mcu.externaltools.gnu-tools-for-stm32.10.3-2021.10.win32_1.0.200.202301161003/tools/bin/../lib/gcc/arm-none-eabi/10.3.1/../../../../arm-none-eabi/lib/thumb/v7e-m+fp/softfp\libc_nano.a(lib_a-wsetup.o)
                0x0000000008007ca8                __swsetup_r
 .text.abort    0x0000000008007d84        0xe c:/st/stm32cubeide_1.12.0/stm32cubeide/plugins/com.st.stm32cube.ide.mcu.externaltools.gnu-tools-for-stm32.10.3-2021.10.win32_1.0.200.202301161003/tools/bin/../lib/gcc/arm-none-eabi/10.3.1/../../../../arm-none-eabi/lib/thumb/v7e-m+fp/softfp\libc_nano.a(lib_a-abort.o)
                0x0000000008007d84                abort
 *fill*         0x0000000008007d92        0x2 
 .text.__sflush_r
                0x0000000008007d94      0x10c c:/st/stm32cubeide_1.12.0/stm32cubeide/plugins/com.st.stm32cube.ide.mcu.externaltools.gnu-tools-for-stm32.10.3-2021.10.win32_1.0.200.202301161003/tools/bin/../lib/gcc/arm-none-eabi/10.3.1/../../../../arm-none-eabi/lib/thumb/v7e-m+fp/softfp\libc_nano.a(lib_a-fflush.o)
                0x0000000008007d94                __sflush_r
 .text._fflush_r
                0x0000000008007ea0       0x78 c:/st/stm32cubeide_1.12.0/stm32cubeide/plugins/com.st.stm32cube.ide.mcu.externaltools.gnu-tools-for-stm32.10.3-2021.10.win32_1.0.200.202301161003/tools/bin/../lib/gcc/arm-none-eabi/10.3.1/../../../../arm-none-eabi/lib/thumb/v7e-m+fp/softfp\libc_nano.a(lib_a-fflush.o)
                0x0000000008007ea0                _fflush_r
 .text.std      0x0000000008007f18       0x48 c:/st/stm32cubeide_1.12.0/stm32cubeide/plugins/com.st.stm32cube.ide.mcu.externaltools.gnu-tools-for-stm32.10.3-2021.10.win32_1.0.200.202301161003/tools/bin/../lib/gcc/arm-none-eabi/10.3.1/../../../../arm-none-eabi/lib/thumb/v7e-m+fp/softfp\libc_nano.a(lib_a-findfp.o)
 .text._cleanup_r
                0x0000000008007f60        0xc c:/st/stm32cubeide_1.12.0/stm32cubeide/plugins/com.st.stm32cube.ide.mcu.externaltools.gnu-tools-for-stm32.10.3-2021.10.win32_1.0.200.202301161003/tools/bin/../lib/gcc/arm-none-eabi/10.3.1/../../../../arm-none-eabi/lib/thumb/v7e-m+fp/softfp\libc_nano.a(lib_a-findfp.o)
                0x0000000008007f60                _cleanup_r
 .text.__sfmoreglue
                0x0000000008007f6c       0x2c c:/st/stm32cubeide_1.12.0/stm32cubeide/plugins/com.st.stm32cube.ide.mcu.externaltools.gnu-tools-for-stm32.10.3-2021.10.win32_1.0.200.202301161003/tools/bin/../lib/gcc/arm-none-eabi/10.3.1/../../../../arm-none-eabi/lib/thumb/v7e-m+fp/softfp\libc_nano.a(lib_a-findfp.o)
                0x0000000008007f6c                __sfmoreglue
 .text.__sfp_lock_acquire
                0x0000000008007f98        0xc c:/st/stm32cubeide_1.12.0/stm32cubeide/plugins/com.st.stm32cube.ide.mcu.externaltools.gnu-tools-for-stm32.10.3-2021.10.win32_1.0.200.202301161003/tools/bin/../lib/gcc/arm-none-eabi/10.3.1/../../../../arm-none-eabi/lib/thumb/v7e-m+fp/softfp\libc_nano.a(lib_a-findfp.o)
                0x0000000008007f98                __sfp_lock_acquire
 .text.__sfp_lock_release
                0x0000000008007fa4        0xc c:/st/stm32cubeide_1.12.0/stm32cubeide/plugins/com.st.stm32cube.ide.mcu.externaltools.gnu-tools-for-stm32.10.3-2021.10.win32_1.0.200.202301161003/tools/bin/../lib/gcc/arm-none-eabi/10.3.1/../../../../arm-none-eabi/lib/thumb/v7e-m+fp/softfp\libc_nano.a(lib_a-findfp.o)
                0x0000000008007fa4                __sfp_lock_release
 .text.__sinit_lock_acquire
                0x0000000008007fb0        0xc c:/st/stm32cubeide_1.12.0/stm32cubeide/plugins/com.st.stm32cube.ide.mcu.externaltools.gnu-tools-for-stm32.10.3-2021.10.win32_1.0.200.202301161003/tools/bin/../lib/gcc/arm-none-eabi/10.3.1/../../../../arm-none-eabi/lib/thumb/v7e-m+fp/softfp\libc_nano.a(lib_a-findfp.o)
                0x0000000008007fb0                __sinit_lock_acquire
 .text.__sinit_lock_release
                0x0000000008007fbc        0xc c:/st/stm32cubeide_1.12.0/stm32cubeide/plugins/com.st.stm32cube.ide.mcu.externaltools.gnu-tools-for-stm32.10.3-2021.10.win32_1.0.200.202301161003/tools/bin/../lib/gcc/arm-none-eabi/10.3.1/../../../../arm-none-eabi/lib/thumb/v7e-m+fp/softfp\libc_nano.a(lib_a-findfp.o)
                0x0000000008007fbc                __sinit_lock_release
 .text.__sinit  0x0000000008007fc8       0x70 c:/st/stm32cubeide_1.12.0/stm32cubeide/plugins/com.st.stm32cube.ide.mcu.externaltools.gnu-tools-for-stm32.10.3-2021.10.win32_1.0.200.202301161003/tools/bin/../lib/gcc/arm-none-eabi/10.3.1/../../../../arm-none-eabi/lib/thumb/v7e-m+fp/softfp\libc_nano.a(lib_a-findfp.o)
                0x0000000008007fc8                __sinit
 .text.__sfp    0x0000000008008038       0x8c c:/st/stm32cubeide_1.12.0/stm32cubeide/plugins/com.st.stm32cube.ide.mcu.externaltools.gnu-tools-for-stm32.10.3-2021.10.win32_1.0.200.202301161003/tools/bin/../lib/gcc/arm-none-eabi/10.3.1/../../../../arm-none-eabi/lib/thumb/v7e-m+fp/softfp\libc_nano.a(lib_a-findfp.o)
                0x0000000008008038                __sfp
 .text._fwalk_reent
                0x00000000080080c4       0x3e c:/st/stm32cubeide_1.12.0/stm32cubeide/plugins/com.st.stm32cube.ide.mcu.externaltools.gnu-tools-for-stm32.10.3-2021.10.win32_1.0.200.202301161003/tools/bin/../lib/gcc/arm-none-eabi/10.3.1/../../../../arm-none-eabi/lib/thumb/v7e-m+fp/softfp\libc_nano.a(lib_a-fwalk.o)
                0x00000000080080c4                _fwalk_reent
 .text.__retarget_lock_init_recursive
                0x0000000008008102        0x2 c:/st/stm32cubeide_1.12.0/stm32cubeide/plugins/com.st.stm32cube.ide.mcu.externaltools.gnu-tools-for-stm32.10.3-2021.10.win32_1.0.200.202301161003/tools/bin/../lib/gcc/arm-none-eabi/10.3.1/../../../../arm-none-eabi/lib/thumb/v7e-m+fp/softfp\libc_nano.a(lib_a-lock.o)
                0x0000000008008102                __retarget_lock_init_recursive
 .text.__retarget_lock_acquire_recursive
                0x0000000008008104        0x2 c:/st/stm32cubeide_1.12.0/stm32cubeide/plugins/com.st.stm32cube.ide.mcu.externaltools.gnu-tools-for-stm32.10.3-2021.10.win32_1.0.200.202301161003/tools/bin/../lib/gcc/arm-none-eabi/10.3.1/../../../../arm-none-eabi/lib/thumb/v7e-m+fp/softfp\libc_nano.a(lib_a-lock.o)
                0x0000000008008104                __retarget_lock_acquire_recursive
 .text.__retarget_lock_release_recursive
                0x0000000008008106        0x2 c:/st/stm32cubeide_1.12.0/stm32cubeide/plugins/com.st.stm32cube.ide.mcu.externaltools.gnu-tools-for-stm32.10.3-2021.10.win32_1.0.200.202301161003/tools/bin/../lib/gcc/arm-none-eabi/10.3.1/../../../../arm-none-eabi/lib/thumb/v7e-m+fp/softfp\libc_nano.a(lib_a-lock.o)
                0x0000000008008106                __retarget_lock_release_recursive
 .text.__swhatbuf_r
                0x0000000008008108       0x4a c:/st/stm32cubeide_1.12.0/stm32cubeide/plugins/com.st.stm32cube.ide.mcu.externaltools.gnu-tools-for-stm32.10.3-2021.10.win32_1.0.200.202301161003/tools/bin/../lib/gcc/arm-none-eabi/10.3.1/../../../../arm-none-eabi/lib/thumb/v7e-m+fp/softfp\libc_nano.a(lib_a-makebuf.o)
                0x0000000008008108                __swhatbuf_r
 *fill*         0x0000000008008152        0x2 
 .text.__smakebuf_r
                0x0000000008008154       0x80 c:/st/stm32cubeide_1.12.0/stm32cubeide/plugins/com.st.stm32cube.ide.mcu.externaltools.gnu-tools-for-stm32.10.3-2021.10.win32_1.0.200.202301161003/tools/bin/../lib/gcc/arm-none-eabi/10.3.1/../../../../arm-none-eabi/lib/thumb/v7e-m+fp/softfp\libc_nano.a(lib_a-makebuf.o)
                0x0000000008008154                __smakebuf_r
 .text._malloc_usable_size_r
                0x00000000080081d4       0x10 c:/st/stm32cubeide_1.12.0/stm32cubeide/plugins/com.st.stm32cube.ide.mcu.externaltools.gnu-tools-for-stm32.10.3-2021.10.win32_1.0.200.202301161003/tools/bin/../lib/gcc/arm-none-eabi/10.3.1/../../../../arm-none-eabi/lib/thumb/v7e-m+fp/softfp\libc_nano.a(lib_a-nano-msizer.o)
                0x00000000080081d4                _malloc_usable_size_r
 .text._raise_r
                0x00000000080081e4       0x50 c:/st/stm32cubeide_1.12.0/stm32cubeide/plugins/com.st.stm32cube.ide.mcu.externaltools.gnu-tools-for-stm32.10.3-2021.10.win32_1.0.200.202301161003/tools/bin/../lib/gcc/arm-none-eabi/10.3.1/../../../../arm-none-eabi/lib/thumb/v7e-m+fp/softfp\libc_nano.a(lib_a-signal.o)
                0x00000000080081e4                _raise_r
 .text.raise    0x0000000008008234       0x10 c:/st/stm32cubeide_1.12.0/stm32cubeide/plugins/com.st.stm32cube.ide.mcu.externaltools.gnu-tools-for-stm32.10.3-2021.10.win32_1.0.200.202301161003/tools/bin/../lib/gcc/arm-none-eabi/10.3.1/../../../../arm-none-eabi/lib/thumb/v7e-m+fp/softfp\libc_nano.a(lib_a-signal.o)
                0x0000000008008234                raise
 .text._kill_r  0x0000000008008244       0x24 c:/st/stm32cubeide_1.12.0/stm32cubeide/plugins/com.st.stm32cube.ide.mcu.externaltools.gnu-tools-for-stm32.10.3-2021.10.win32_1.0.200.202301161003/tools/bin/../lib/gcc/arm-none-eabi/10.3.1/../../../../arm-none-eabi/lib/thumb/v7e-m+fp/softfp\libc_nano.a(lib_a-signalr.o)
                0x0000000008008244                _kill_r
 .text._getpid_r
                0x0000000008008268        0x4 c:/st/stm32cubeide_1.12.0/stm32cubeide/plugins/com.st.stm32cube.ide.mcu.externaltools.gnu-tools-for-stm32.10.3-2021.10.win32_1.0.200.202301161003/tools/bin/../lib/gcc/arm-none-eabi/10.3.1/../../../../arm-none-eabi/lib/thumb/v7e-m+fp/softfp\libc_nano.a(lib_a-signalr.o)
                0x0000000008008268                _getpid_r
 .text.__sread  0x000000000800826c       0x22 c:/st/stm32cubeide_1.12.0/stm32cubeide/plugins/com.st.stm32cube.ide.mcu.externaltools.gnu-tools-for-stm32.10.3-2021.10.win32_1.0.200.202301161003/tools/bin/../lib/gcc/arm-none-eabi/10.3.1/../../../../arm-none-eabi/lib/thumb/v7e-m+fp/softfp\libc_nano.a(lib_a-stdio.o)
                0x000000000800826c                __sread
 .text.__swrite
                0x000000000800828e       0x38 c:/st/stm32cubeide_1.12.0/stm32cubeide/plugins/com.st.stm32cube.ide.mcu.externaltools.gnu-tools-for-stm32.10.3-2021.10.win32_1.0.200.202301161003/tools/bin/../lib/gcc/arm-none-eabi/10.3.1/../../../../arm-none-eabi/lib/thumb/v7e-m+fp/softfp\libc_nano.a(lib_a-stdio.o)
                0x000000000800828e                __swrite
 .text.__sseek  0x00000000080082c6       0x24 c:/st/stm32cubeide_1.12.0/stm32cubeide/plugins/com.st.stm32cube.ide.mcu.externaltools.gnu-tools-for-stm32.10.3-2021.10.win32_1.0.200.202301161003/tools/bin/../lib/gcc/arm-none-eabi/10.3.1/../../../../arm-none-eabi/lib/thumb/v7e-m+fp/softfp\libc_nano.a(lib_a-stdio.o)
                0x00000000080082c6                __sseek
 .text.__sclose
                0x00000000080082ea        0x8 c:/st/stm32cubeide_1.12.0/stm32cubeide/plugins/com.st.stm32cube.ide.mcu.externaltools.gnu-tools-for-stm32.10.3-2021.10.win32_1.0.200.202301161003/tools/bin/../lib/gcc/arm-none-eabi/10.3.1/../../../../arm-none-eabi/lib/thumb/v7e-m+fp/softfp\libc_nano.a(lib_a-stdio.o)
                0x00000000080082ea                __sclose
 *fill*         0x00000000080082f2        0x2 
 .text._write_r
                0x00000000080082f4       0x24 c:/st/stm32cubeide_1.12.0/stm32cubeide/plugins/com.st.stm32cube.ide.mcu.externaltools.gnu-tools-for-stm32.10.3-2021.10.win32_1.0.200.202301161003/tools/bin/../lib/gcc/arm-none-eabi/10.3.1/../../../../arm-none-eabi/lib/thumb/v7e-m+fp/softfp\libc_nano.a(lib_a-writer.o)
                0x00000000080082f4                _write_r
 .text._close_r
                0x0000000008008318       0x20 c:/st/stm32cubeide_1.12.0/stm32cubeide/plugins/com.st.stm32cube.ide.mcu.externaltools.gnu-tools-for-stm32.10.3-2021.10.win32_1.0.200.202301161003/tools/bin/../lib/gcc/arm-none-eabi/10.3.1/../../../../arm-none-eabi/lib/thumb/v7e-m+fp/softfp\libc_nano.a(lib_a-closer.o)
                0x0000000008008318                _close_r
 .text._fstat_r
                0x0000000008008338       0x24 c:/st/stm32cubeide_1.12.0/stm32cubeide/plugins/com.st.stm32cube.ide.mcu.externaltools.gnu-tools-for-stm32.10.3-2021.10.win32_1.0.200.202301161003/tools/bin/../lib/gcc/arm-none-eabi/10.3.1/../../../../arm-none-eabi/lib/thumb/v7e-m+fp/softfp\libc_nano.a(lib_a-fstatr.o)
                0x0000000008008338                _fstat_r
 .text._isatty_r
                0x000000000800835c       0x20 c:/st/stm32cubeide_1.12.0/stm32cubeide/plugins/com.st.stm32cube.ide.mcu.externaltools.gnu-tools-for-stm32.10.3-2021.10.win32_1.0.200.202301161003/tools/bin/../lib/gcc/arm-none-eabi/10.3.1/../../../../arm-none-eabi/lib/thumb/v7e-m+fp/softfp\libc_nano.a(lib_a-isattyr.o)
                0x000000000800835c                _isatty_r
 .text._lseek_r
                0x000000000800837c       0x24 c:/st/stm32cubeide_1.12.0/stm32cubeide/plugins/com.st.stm32cube.ide.mcu.externaltools.gnu-tools-for-stm32.10.3-2021.10.win32_1.0.200.202301161003/tools/bin/../lib/gcc/arm-none-eabi/10.3.1/../../../../arm-none-eabi/lib/thumb/v7e-m+fp/softfp\libc_nano.a(lib_a-lseekr.o)
                0x000000000800837c                _lseek_r
 .text._read_r  0x00000000080083a0       0x24 c:/st/stm32cubeide_1.12.0/stm32cubeide/plugins/com.st.stm32cube.ide.mcu.externaltools.gnu-tools-for-stm32.10.3-2021.10.win32_1.0.200.202301161003/tools/bin/../lib/gcc/arm-none-eabi/10.3.1/../../../../arm-none-eabi/lib/thumb/v7e-m+fp/softfp\libc_nano.a(lib_a-readr.o)
                0x00000000080083a0                _read_r
 *fill*         0x00000000080083c4        0x4 
 .text.atan     0x00000000080083c8      0x320 c:/st/stm32cubeide_1.12.0/stm32cubeide/plugins/com.st.stm32cube.ide.mcu.externaltools.gnu-tools-for-stm32.10.3-2021.10.win32_1.0.200.202301161003/tools/bin/../lib/gcc/arm-none-eabi/10.3.1/../../../../arm-none-eabi/lib/thumb/v7e-m+fp/softfp\libm.a(lib_a-s_atan.o)
                0x00000000080083c8                atan
 .text.cos      0x00000000080086e8       0x8c c:/st/stm32cubeide_1.12.0/stm32cubeide/plugins/com.st.stm32cube.ide.mcu.externaltools.gnu-tools-for-stm32.10.3-2021.10.win32_1.0.200.202301161003/tools/bin/../lib/gcc/arm-none-eabi/10.3.1/../../../../arm-none-eabi/lib/thumb/v7e-m+fp/softfp\libm.a(lib_a-s_cos.o)
                0x00000000080086e8                cos
 .text.fabs     0x0000000008008774        0x6 c:/st/stm32cubeide_1.12.0/stm32cubeide/plugins/com.st.stm32cube.ide.mcu.externaltools.gnu-tools-for-stm32.10.3-2021.10.win32_1.0.200.202301161003/tools/bin/../lib/gcc/arm-none-eabi/10.3.1/../../../../arm-none-eabi/lib/thumb/v7e-m+fp/softfp\libm.a(lib_a-s_fabs.o)
                0x0000000008008774                fabs
 .text.lround   0x000000000800877a       0x84 c:/st/stm32cubeide_1.12.0/stm32cubeide/plugins/com.st.stm32cube.ide.mcu.externaltools.gnu-tools-for-stm32.10.3-2021.10.win32_1.0.200.202301161003/tools/bin/../lib/gcc/arm-none-eabi/10.3.1/../../../../arm-none-eabi/lib/thumb/v7e-m+fp/softfp\libm.a(lib_a-s_lround.o)
                0x000000000800877a                lround
 *fill*         0x00000000080087fe        0x2 
 .text.sin      0x0000000008008800       0x8c c:/st/stm32cubeide_1.12.0/stm32cubeide/plugins/com.st.stm32cube.ide.mcu.externaltools.gnu-tools-for-stm32.10.3-2021.10.win32_1.0.200.202301161003/tools/bin/../lib/gcc/arm-none-eabi/10.3.1/../../../../arm-none-eabi/lib/thumb/v7e-m+fp/softfp\libm.a(lib_a-s_sin.o)
                0x0000000008008800                sin
 *fill*         0x000000000800888c        0x4 
 .text.__ieee754_rem_pio2
                0x0000000008008890      0x400 c:/st/stm32cubeide_1.12.0/stm32cubeide/plugins/com.st.stm32cube.ide.mcu.externaltools.gnu-tools-for-stm32.10.3-2021.10.win32_1.0.200.202301161003/tools/bin/../lib/gcc/arm-none-eabi/10.3.1/../../../../arm-none-eabi/lib/thumb/v7e-m+fp/softfp\libm.a(lib_a-e_rem_pio2.o)
                0x0000000008008890                __ieee754_rem_pio2
 .text.__kernel_cos
                0x0000000008008c90      0x17c c:/st/stm32cubeide_1.12.0/stm32cubeide/plugins/com.st.stm32cube.ide.mcu.externaltools.gnu-tools-for-stm32.10.3-2021.10.win32_1.0.200.202301161003/tools/bin/../lib/gcc/arm-none-eabi/10.3.1/../../../../arm-none-eabi/lib/thumb/v7e-m+fp/softfp\libm.a(lib_a-k_cos.o)
                0x0000000008008c90                __kernel_cos
 *fill*         0x0000000008008e0c        0x4 
 .text.__kernel_rem_pio2
                0x0000000008008e10      0x684 c:/st/stm32cubeide_1.12.0/stm32cubeide/plugins/com.st.stm32cube.ide.mcu.externaltools.gnu-tools-for-stm32.10.3-2021.10.win32_1.0.200.202301161003/tools/bin/../lib/gcc/arm-none-eabi/10.3.1/../../../../arm-none-eabi/lib/thumb/v7e-m+fp/softfp\libm.a(lib_a-k_rem_pio2.o)
                0x0000000008008e10                __kernel_rem_pio2
 *fill*         0x0000000008009494        0x4 
 .text.__kernel_sin
                0x0000000008009498      0x16c c:/st/stm32cubeide_1.12.0/stm32cubeide/plugins/com.st.stm32cube.ide.mcu.externaltools.gnu-tools-for-stm32.10.3-2021.10.win32_1.0.200.202301161003/tools/bin/../lib/gcc/arm-none-eabi/10.3.1/../../../../arm-none-eabi/lib/thumb/v7e-m+fp/softfp\libm.a(lib_a-k_sin.o)
                0x0000000008009498                __kernel_sin
 *fill*         0x0000000008009604        0x4 
 .text.floor    0x0000000008009608      0x100 c:/st/stm32cubeide_1.12.0/stm32cubeide/plugins/com.st.stm32cube.ide.mcu.externaltools.gnu-tools-for-stm32.10.3-2021.10.win32_1.0.200.202301161003/tools/bin/../lib/gcc/arm-none-eabi/10.3.1/../../../../arm-none-eabi/lib/thumb/v7e-m+fp/softfp\libm.a(lib_a-s_floor.o)
                0x0000000008009608                floor
 .text.scalbn   0x0000000008009708      0x104 c:/st/stm32cubeide_1.12.0/stm32cubeide/plugins/com.st.stm32cube.ide.mcu.externaltools.gnu-tools-for-stm32.10.3-2021.10.win32_1.0.200.202301161003/tools/bin/../lib/gcc/arm-none-eabi/10.3.1/../../../../arm-none-eabi/lib/thumb/v7e-m+fp/softfp\libm.a(lib_a-s_scalbn.o)
                0x0000000008009708                scalbn
 .text._close   0x000000000800980c       0x10 c:/st/stm32cubeide_1.12.0/stm32cubeide/plugins/com.st.stm32cube.ide.mcu.externaltools.gnu-tools-for-stm32.10.3-2021.10.win32_1.0.200.202301161003/tools/bin/../lib/gcc/arm-none-eabi/10.3.1/../../../../arm-none-eabi/lib/thumb/v7e-m+fp/softfp\libnosys.a(close.o)
                0x000000000800980c                _close
 .text._fstat   0x000000000800981c       0x10 c:/st/stm32cubeide_1.12.0/stm32cubeide/plugins/com.st.stm32cube.ide.mcu.externaltools.gnu-tools-for-stm32.10.3-2021.10.win32_1.0.200.202301161003/tools/bin/../lib/gcc/arm-none-eabi/10.3.1/../../../../arm-none-eabi/lib/thumb/v7e-m+fp/softfp\libnosys.a(fstat.o)
                0x000000000800981c                _fstat
 .text._getpid  0x000000000800982c       0x10 c:/st/stm32cubeide_1.12.0/stm32cubeide/plugins/com.st.stm32cube.ide.mcu.externaltools.gnu-tools-for-stm32.10.3-2021.10.win32_1.0.200.202301161003/tools/bin/../lib/gcc/arm-none-eabi/10.3.1/../../../../arm-none-eabi/lib/thumb/v7e-m+fp/softfp\libnosys.a(getpid.o)
                0x000000000800982c                _getpid
 .text._isatty  0x000000000800983c       0x10 c:/st/stm32cubeide_1.12.0/stm32cubeide/plugins/com.st.stm32cube.ide.mcu.externaltools.gnu-tools-for-stm32.10.3-2021.10.win32_1.0.200.202301161003/tools/bin/../lib/gcc/arm-none-eabi/10.3.1/../../../../arm-none-eabi/lib/thumb/v7e-m+fp/softfp\libnosys.a(isatty.o)
                0x000000000800983c                _isatty
 .text._kill    0x000000000800984c       0x10 c:/st/stm32cubeide_1.12.0/stm32cubeide/plugins/com.st.stm32cube.ide.mcu.externaltools.gnu-tools-for-stm32.10.3-2021.10.win32_1.0.200.202301161003/tools/bin/../lib/gcc/arm-none-eabi/10.3.1/../../../../arm-none-eabi/lib/thumb/v7e-m+fp/softfp\libnosys.a(kill.o)
                0x000000000800984c                _kill
 .text._lseek   0x000000000800985c       0x10 c:/st/stm32cubeide_1.12.0/stm32cubeide/plugins/com.st.stm32cube.ide.mcu.externaltools.gnu-tools-for-stm32.10.3-2021.10.win32_1.0.200.202301161003/tools/bin/../lib/gcc/arm-none-eabi/10.3.1/../../../../arm-none-eabi/lib/thumb/v7e-m+fp/softfp\libnosys.a(lseek.o)
                0x000000000800985c                _lseek
 .text._read    0x000000000800986c       0x10 c:/st/stm32cubeide_1.12.0/stm32cubeide/plugins/com.st.stm32cube.ide.mcu.externaltools.gnu-tools-for-stm32.10.3-2021.10.win32_1.0.200.202301161003/tools/bin/../lib/gcc/arm-none-eabi/10.3.1/../../../../arm-none-eabi/lib/thumb/v7e-m+fp/softfp\libnosys.a(read.o)
                0x000000000800986c                _read
 .text._sbrk    0x000000000800987c       0x1c c:/st/stm32cubeide_1.12.0/stm32cubeide/plugins/com.st.stm32cube.ide.mcu.externaltools.gnu-tools-for-stm32.10.3-2021.10.win32_1.0.200.202301161003/tools/bin/../lib/gcc/arm-none-eabi/10.3.1/../../../../arm-none-eabi/lib/thumb/v7e-m+fp/softfp\libnosys.a(sbrk.o)
                0x000000000800987c                _sbrk
 .text._write   0x0000000008009898       0x10 c:/st/stm32cubeide_1.12.0/stm32cubeide/plugins/com.st.stm32cube.ide.mcu.externaltools.gnu-tools-for-stm32.10.3-2021.10.win32_1.0.200.202301161003/tools/bin/../lib/gcc/arm-none-eabi/10.3.1/../../../../arm-none-eabi/lib/thumb/v7e-m+fp/softfp\libnosys.a(write.o)
                0x0000000008009898                _write
 .text._exit    0x00000000080098a8        0x2 c:/st/stm32cubeide_1.12.0/stm32cubeide/plugins/com.st.stm32cube.ide.mcu.externaltools.gnu-tools-for-stm32.10.3-2021.10.win32_1.0.200.202301161003/tools/bin/../lib/gcc/arm-none-eabi/10.3.1/../../../../arm-none-eabi/lib/thumb/v7e-m+fp/softfp\libnosys.a(_exit.o)
                0x00000000080098a8                _exit
 *(.glue_7)
 .glue_7        0x00000000080098aa        0x0 linker stubs
 *(.glue_7t)
 .glue_7t       0x00000000080098aa        0x0 linker stubs
 *(.eh_frame)
 *fill*         0x00000000080098aa        0x2 
 .eh_frame      0x00000000080098ac        0x0 c:/st/stm32cubeide_1.12.0/stm32cubeide/plugins/com.st.stm32cube.ide.mcu.externaltools.gnu-tools-for-stm32.10.3-2021.10.win32_1.0.200.202301161003/tools/bin/../lib/gcc/arm-none-eabi/10.3.1/thumb/v7e-m+fp/softfp/crtbegin.o
 *(.init)
 .init          0x00000000080098ac        0x4 c:/st/stm32cubeide_1.12.0/stm32cubeide/plugins/com.st.stm32cube.ide.mcu.externaltools.gnu-tools-for-stm32.10.3-2021.10.win32_1.0.200.202301161003/tools/bin/../lib/gcc/arm-none-eabi/10.3.1/thumb/v7e-m+fp/softfp/crti.o
                0x00000000080098ac                _init
 .init          0x00000000080098b0        0x8 c:/st/stm32cubeide_1.12.0/stm32cubeide/plugins/com.st.stm32cube.ide.mcu.externaltools.gnu-tools-for-stm32.10.3-2021.10.win32_1.0.200.202301161003/tools/bin/../lib/gcc/arm-none-eabi/10.3.1/thumb/v7e-m+fp/softfp/crtn.o
 *(.fini)
 .fini          0x00000000080098b8        0x4 c:/st/stm32cubeide_1.12.0/stm32cubeide/plugins/com.st.stm32cube.ide.mcu.externaltools.gnu-tools-for-stm32.10.3-2021.10.win32_1.0.200.202301161003/tools/bin/../lib/gcc/arm-none-eabi/10.3.1/thumb/v7e-m+fp/softfp/crti.o
                0x00000000080098b8                _fini
 .fini          0x00000000080098bc        0x8 c:/st/stm32cubeide_1.12.0/stm32cubeide/plugins/com.st.stm32cube.ide.mcu.externaltools.gnu-tools-for-stm32.10.3-2021.10.win32_1.0.200.202301161003/tools/bin/../lib/gcc/arm-none-eabi/10.3.1/thumb/v7e-m+fp/softfp/crtn.o
                0x00000000080098c4                . = ALIGN (0x4)
                0x00000000080098c4                _etext = .

.vfp11_veneer   0x00000000080098c4        0x0
 .vfp11_veneer  0x00000000080098c4        0x0 linker stubs

.v4_bx          0x00000000080098c4        0x0
 .v4_bx         0x00000000080098c4        0x0 linker stubs

.iplt           0x00000000080098c4        0x0
 .iplt          0x00000000080098c4        0x0 c:/st/stm32cubeide_1.12.0/stm32cubeide/plugins/com.st.stm32cube.ide.mcu.externaltools.gnu-tools-for-stm32.10.3-2021.10.win32_1.0.200.202301161003/tools/bin/../lib/gcc/arm-none-eabi/10.3.1/thumb/v7e-m+fp/softfp/crtbegin.o

.rodata         0x00000000080098c8      0xc98
                0x00000000080098c8                . = ALIGN (0x4)
 *(.rodata)
 .rodata        0x00000000080098c8      0x15b ./Src/main.o
 *(.rodata*)
 *fill*         0x0000000008009a23        0x1 
 .rodata.AHBPrescTable
                0x0000000008009a24       0x10 ./Src/system_stm32f4xx.o
                0x0000000008009a24                AHBPrescTable
 .rodata.a_midxyl.0
                0x0000000008009a34        0x6 ./Src/xyzScope.o
 *fill*         0x0000000008009a3a        0x2 
 .rodata.b_midxyl.1
                0x0000000008009a3c        0x6 ./Src/xyzScope.o
 *fill*         0x0000000008009a42        0x2 
 .rodata.oszi.2
                0x0000000008009a44        0x6 ./Src/xyzScope.o
 *fill*         0x0000000008009a4a        0x2 
 .rodata.SmallFont
                0x0000000008009a4c      0x478 C:\GITHUB\STM32\EDS\Balancer\Debug\libBalancer.a(ST7735.o)
                0x0000000008009a4c                SmallFont
 .rodata.Rcmd1  0x0000000008009ec4       0x3c C:\GITHUB\STM32\EDS\Balancer\Debug\libBalancer.a(ST7735.o)
 .rodata.Rcmd2green
                0x0000000008009f00        0xd C:\GITHUB\STM32\EDS\Balancer\Debug\libBalancer.a(ST7735.o)
 *fill*         0x0000000008009f0d        0x3 
 .rodata.Rcmd2red
                0x0000000008009f10        0xd C:\GITHUB\STM32\EDS\Balancer\Debug\libBalancer.a(ST7735.o)
 *fill*         0x0000000008009f1d        0x3 
 .rodata.Rcmd3  0x0000000008009f20       0x2b C:\GITHUB\STM32\EDS\Balancer\Debug\libBalancer.a(ST7735.o)
 *fill*         0x0000000008009f4b        0x1 
 .rodata.i2cAddr_Sensor
                0x0000000008009f4c        0x4 C:\GITHUB\STM32\EDS\Balancer\Debug\libBalancer.a(Sensor3DG.o)
                0x0000000008009f4c                i2cAddr_Sensor
 .rodata.DummyReg
                0x0000000008009f50        0x4 C:\GITHUB\STM32\EDS\Balancer\Debug\libBalancer.a(Sensor3DG.o)
                0x0000000008009f50                DummyReg
 .rodata.dummyVal
                0x0000000008009f54        0x4 C:\GITHUB\STM32\EDS\Balancer\Debug\libBalancer.a(Sensor3DG.o)
                0x0000000008009f54                dummyVal
 .rodata.APBAHBPrescTable
                0x0000000008009f58       0x10 C:\GITHUB\STM32\EDS\MCAL\Debug\libMCAL.a(mcalRCC.o)
                0x0000000008009f58                APBAHBPrescTable
 .rodata._global_impure_ptr
                0x0000000008009f68        0x4 c:/st/stm32cubeide_1.12.0/stm32cubeide/plugins/com.st.stm32cube.ide.mcu.externaltools.gnu-tools-for-stm32.10.3-2021.10.win32_1.0.200.202301161003/tools/bin/../lib/gcc/arm-none-eabi/10.3.1/../../../../arm-none-eabi/lib/thumb/v7e-m+fp/softfp\libc_nano.a(lib_a-impure.o)
                0x0000000008009f68                _global_impure_ptr
 .rodata._printf_float.str1.1
                0x0000000008009f6c       0x12 c:/st/stm32cubeide_1.12.0/stm32cubeide/plugins/com.st.stm32cube.ide.mcu.externaltools.gnu-tools-for-stm32.10.3-2021.10.win32_1.0.200.202301161003/tools/bin/../lib/gcc/arm-none-eabi/10.3.1/../../../../arm-none-eabi/lib/thumb/v7e-m+fp/softfp\libc_nano.a(lib_a-nano-vfprintf_float.o)
 .rodata._printf_i.str1.1
                0x0000000008009f7e       0x22 c:/st/stm32cubeide_1.12.0/stm32cubeide/plugins/com.st.stm32cube.ide.mcu.externaltools.gnu-tools-for-stm32.10.3-2021.10.win32_1.0.200.202301161003/tools/bin/../lib/gcc/arm-none-eabi/10.3.1/../../../../arm-none-eabi/lib/thumb/v7e-m+fp/softfp\libc_nano.a(lib_a-nano-vfprintf_i.o)
 .rodata._dtoa_r.str1.1
                0x0000000008009fa0       0x90 c:/st/stm32cubeide_1.12.0/stm32cubeide/plugins/com.st.stm32cube.ide.mcu.externaltools.gnu-tools-for-stm32.10.3-2021.10.win32_1.0.200.202301161003/tools/bin/../lib/gcc/arm-none-eabi/10.3.1/../../../../arm-none-eabi/lib/thumb/v7e-m+fp/softfp\libc_nano.a(lib_a-dtoa.o)
                                         0x92 (size before relaxing)
 .rodata._Balloc.str1.1
                0x000000000800a030       0x5c c:/st/stm32cubeide_1.12.0/stm32cubeide/plugins/com.st.stm32cube.ide.mcu.externaltools.gnu-tools-for-stm32.10.3-2021.10.win32_1.0.200.202301161003/tools/bin/../lib/gcc/arm-none-eabi/10.3.1/../../../../arm-none-eabi/lib/thumb/v7e-m+fp/softfp\libc_nano.a(lib_a-mprec.o)
                                         0x73 (size before relaxing)
 .rodata.__multadd.str1.1
                0x000000000800a08c       0x11 c:/st/stm32cubeide_1.12.0/stm32cubeide/plugins/com.st.stm32cube.ide.mcu.externaltools.gnu-tools-for-stm32.10.3-2021.10.win32_1.0.200.202301161003/tools/bin/../lib/gcc/arm-none-eabi/10.3.1/../../../../arm-none-eabi/lib/thumb/v7e-m+fp/softfp\libc_nano.a(lib_a-mprec.o)
 *fill*         0x000000000800a08c        0x4 
 .rodata.__mprec_bigtens
                0x000000000800a090       0x28 c:/st/stm32cubeide_1.12.0/stm32cubeide/plugins/com.st.stm32cube.ide.mcu.externaltools.gnu-tools-for-stm32.10.3-2021.10.win32_1.0.200.202301161003/tools/bin/../lib/gcc/arm-none-eabi/10.3.1/../../../../arm-none-eabi/lib/thumb/v7e-m+fp/softfp\libc_nano.a(lib_a-mprec.o)
                0x000000000800a090                __mprec_bigtens
 .rodata.__mprec_tens
                0x000000000800a0b8       0xc8 c:/st/stm32cubeide_1.12.0/stm32cubeide/plugins/com.st.stm32cube.ide.mcu.externaltools.gnu-tools-for-stm32.10.3-2021.10.win32_1.0.200.202301161003/tools/bin/../lib/gcc/arm-none-eabi/10.3.1/../../../../arm-none-eabi/lib/thumb/v7e-m+fp/softfp\libc_nano.a(lib_a-mprec.o)
                0x000000000800a0b8                __mprec_tens
 .rodata.p05.0  0x000000000800a180        0xc c:/st/stm32cubeide_1.12.0/stm32cubeide/plugins/com.st.stm32cube.ide.mcu.externaltools.gnu-tools-for-stm32.10.3-2021.10.win32_1.0.200.202301161003/tools/bin/../lib/gcc/arm-none-eabi/10.3.1/../../../../arm-none-eabi/lib/thumb/v7e-m+fp/softfp\libc_nano.a(lib_a-mprec.o)
 .rodata._svfprintf_r.str1.1
                0x000000000800a18c       0x11 c:/st/stm32cubeide_1.12.0/stm32cubeide/plugins/com.st.stm32cube.ide.mcu.externaltools.gnu-tools-for-stm32.10.3-2021.10.win32_1.0.200.202301161003/tools/bin/../lib/gcc/arm-none-eabi/10.3.1/../../../../arm-none-eabi/lib/thumb/v7e-m+fp/softfp\libc_nano.a(lib_a-nano-svfprintf.o)
 .rodata.__assert_func.str1.1
                0x000000000800a19d       0x3c c:/st/stm32cubeide_1.12.0/stm32cubeide/plugins/com.st.stm32cube.ide.mcu.externaltools.gnu-tools-for-stm32.10.3-2021.10.win32_1.0.200.202301161003/tools/bin/../lib/gcc/arm-none-eabi/10.3.1/../../../../arm-none-eabi/lib/thumb/v7e-m+fp/softfp\libc_nano.a(lib_a-assert.o)
                                         0x3d (size before relaxing)
 .rodata._setlocale_r.str1.1
                0x000000000800a1d9        0x8 c:/st/stm32cubeide_1.12.0/stm32cubeide/plugins/com.st.stm32cube.ide.mcu.externaltools.gnu-tools-for-stm32.10.3-2021.10.win32_1.0.200.202301161003/tools/bin/../lib/gcc/arm-none-eabi/10.3.1/../../../../arm-none-eabi/lib/thumb/v7e-m+fp/softfp\libc_nano.a(lib_a-locale.o)
                                          0x9 (size before relaxing)
 .rodata.str1.1
                0x000000000800a1e1        0x2 c:/st/stm32cubeide_1.12.0/stm32cubeide/plugins/com.st.stm32cube.ide.mcu.externaltools.gnu-tools-for-stm32.10.3-2021.10.win32_1.0.200.202301161003/tools/bin/../lib/gcc/arm-none-eabi/10.3.1/../../../../arm-none-eabi/lib/thumb/v7e-m+fp/softfp\libc_nano.a(lib_a-locale.o)
 .rodata._vfprintf_r.str1.1
                0x000000000800a1e3       0x11 c:/st/stm32cubeide_1.12.0/stm32cubeide/plugins/com.st.stm32cube.ide.mcu.externaltools.gnu-tools-for-stm32.10.3-2021.10.win32_1.0.200.202301161003/tools/bin/../lib/gcc/arm-none-eabi/10.3.1/../../../../arm-none-eabi/lib/thumb/v7e-m+fp/softfp\libc_nano.a(lib_a-nano-vfprintf.o)
 .rodata._ctype_
                0x000000000800a1e3      0x101 c:/st/stm32cubeide_1.12.0/stm32cubeide/plugins/com.st.stm32cube.ide.mcu.externaltools.gnu-tools-for-stm32.10.3-2021.10.win32_1.0.200.202301161003/tools/bin/../lib/gcc/arm-none-eabi/10.3.1/../../../../arm-none-eabi/lib/thumb/v7e-m+fp/softfp\libc_nano.a(lib_a-ctype_.o)
                0x000000000800a1e3                _ctype_
 .rodata.__sf_fake_stderr
                0x000000000800a2e4       0x20 c:/st/stm32cubeide_1.12.0/stm32cubeide/plugins/com.st.stm32cube.ide.mcu.externaltools.gnu-tools-for-stm32.10.3-2021.10.win32_1.0.200.202301161003/tools/bin/../lib/gcc/arm-none-eabi/10.3.1/../../../../arm-none-eabi/lib/thumb/v7e-m+fp/softfp\libc_nano.a(lib_a-findfp.o)
                0x000000000800a2e4                __sf_fake_stderr
 .rodata.__sf_fake_stdin
                0x000000000800a304       0x20 c:/st/stm32cubeide_1.12.0/stm32cubeide/plugins/com.st.stm32cube.ide.mcu.externaltools.gnu-tools-for-stm32.10.3-2021.10.win32_1.0.200.202301161003/tools/bin/../lib/gcc/arm-none-eabi/10.3.1/../../../../arm-none-eabi/lib/thumb/v7e-m+fp/softfp\libc_nano.a(lib_a-findfp.o)
                0x000000000800a304                __sf_fake_stdin
 .rodata.__sf_fake_stdout
                0x000000000800a324       0x20 c:/st/stm32cubeide_1.12.0/stm32cubeide/plugins/com.st.stm32cube.ide.mcu.externaltools.gnu-tools-for-stm32.10.3-2021.10.win32_1.0.200.202301161003/tools/bin/../lib/gcc/arm-none-eabi/10.3.1/../../../../arm-none-eabi/lib/thumb/v7e-m+fp/softfp\libc_nano.a(lib_a-findfp.o)
                0x000000000800a324                __sf_fake_stdout
 *fill*         0x000000000800a344        0x4 
 .rodata.atanhi
                0x000000000800a348       0x20 c:/st/stm32cubeide_1.12.0/stm32cubeide/plugins/com.st.stm32cube.ide.mcu.externaltools.gnu-tools-for-stm32.10.3-2021.10.win32_1.0.200.202301161003/tools/bin/../lib/gcc/arm-none-eabi/10.3.1/../../../../arm-none-eabi/lib/thumb/v7e-m+fp/softfp\libm.a(lib_a-s_atan.o)
 .rodata.atanlo
                0x000000000800a368       0x20 c:/st/stm32cubeide_1.12.0/stm32cubeide/plugins/com.st.stm32cube.ide.mcu.externaltools.gnu-tools-for-stm32.10.3-2021.10.win32_1.0.200.202301161003/tools/bin/../lib/gcc/arm-none-eabi/10.3.1/../../../../arm-none-eabi/lib/thumb/v7e-m+fp/softfp\libm.a(lib_a-s_atan.o)
 .rodata.npio2_hw
                0x000000000800a388       0x80 c:/st/stm32cubeide_1.12.0/stm32cubeide/plugins/com.st.stm32cube.ide.mcu.externaltools.gnu-tools-for-stm32.10.3-2021.10.win32_1.0.200.202301161003/tools/bin/../lib/gcc/arm-none-eabi/10.3.1/../../../../arm-none-eabi/lib/thumb/v7e-m+fp/softfp\libm.a(lib_a-e_rem_pio2.o)
 .rodata.two_over_pi
                0x000000000800a408      0x108 c:/st/stm32cubeide_1.12.0/stm32cubeide/plugins/com.st.stm32cube.ide.mcu.externaltools.gnu-tools-for-stm32.10.3-2021.10.win32_1.0.200.202301161003/tools/bin/../lib/gcc/arm-none-eabi/10.3.1/../../../../arm-none-eabi/lib/thumb/v7e-m+fp/softfp\libm.a(lib_a-e_rem_pio2.o)
 .rodata.PIo2   0x000000000800a510       0x40 c:/st/stm32cubeide_1.12.0/stm32cubeide/plugins/com.st.stm32cube.ide.mcu.externaltools.gnu-tools-for-stm32.10.3-2021.10.win32_1.0.200.202301161003/tools/bin/../lib/gcc/arm-none-eabi/10.3.1/../../../../arm-none-eabi/lib/thumb/v7e-m+fp/softfp\libm.a(lib_a-k_rem_pio2.o)
 .rodata.init_jk
                0x000000000800a550       0x10 c:/st/stm32cubeide_1.12.0/stm32cubeide/plugins/com.st.stm32cube.ide.mcu.externaltools.gnu-tools-for-stm32.10.3-2021.10.win32_1.0.200.202301161003/tools/bin/../lib/gcc/arm-none-eabi/10.3.1/../../../../arm-none-eabi/lib/thumb/v7e-m+fp/softfp\libm.a(lib_a-k_rem_pio2.o)
                0x000000000800a560                . = ALIGN (0x4)

.ARM.extab      0x000000000800a560        0x0
                0x000000000800a560                . = ALIGN (0x4)
 *(.ARM.extab* .gnu.linkonce.armextab.*)
                0x000000000800a560                . = ALIGN (0x4)

.ARM            0x000000000800a560        0x8
                0x000000000800a560                . = ALIGN (0x4)
                0x000000000800a560                __exidx_start = .
 *(.ARM.exidx*)
 .ARM.exidx     0x000000000800a560        0x8 c:/st/stm32cubeide_1.12.0/stm32cubeide/plugins/com.st.stm32cube.ide.mcu.externaltools.gnu-tools-for-stm32.10.3-2021.10.win32_1.0.200.202301161003/tools/bin/../lib/gcc/arm-none-eabi/10.3.1/thumb/v7e-m+fp/softfp\libgcc.a(_udivmoddi4.o)
                0x000000000800a568                __exidx_end = .
                0x000000000800a568                . = ALIGN (0x4)

.rel.dyn        0x000000000800a568        0x0
 .rel.iplt      0x000000000800a568        0x0 c:/st/stm32cubeide_1.12.0/stm32cubeide/plugins/com.st.stm32cube.ide.mcu.externaltools.gnu-tools-for-stm32.10.3-2021.10.win32_1.0.200.202301161003/tools/bin/../lib/gcc/arm-none-eabi/10.3.1/thumb/v7e-m+fp/softfp/crtbegin.o

.preinit_array  0x000000000800a568        0x0
                0x000000000800a568                . = ALIGN (0x4)
                0x000000000800a568                PROVIDE (__preinit_array_start = .)
 *(.preinit_array*)
                0x000000000800a568                PROVIDE (__preinit_array_end = .)
                0x000000000800a568                . = ALIGN (0x4)

.init_array     0x000000000800a568        0x4
                0x000000000800a568                . = ALIGN (0x4)
                0x000000000800a568                PROVIDE (__init_array_start = .)
 *(SORT_BY_NAME(.init_array.*))
 *(.init_array*)
 .init_array    0x000000000800a568        0x4 c:/st/stm32cubeide_1.12.0/stm32cubeide/plugins/com.st.stm32cube.ide.mcu.externaltools.gnu-tools-for-stm32.10.3-2021.10.win32_1.0.200.202301161003/tools/bin/../lib/gcc/arm-none-eabi/10.3.1/thumb/v7e-m+fp/softfp/crtbegin.o
                0x000000000800a56c                PROVIDE (__init_array_end = .)
                0x000000000800a56c                . = ALIGN (0x4)

.fini_array     0x000000000800a56c        0x4
                0x000000000800a56c                . = ALIGN (0x4)
                [!provide]                        PROVIDE (__fini_array_start = .)
 *(SORT_BY_NAME(.fini_array.*))
 *(.fini_array*)
 .fini_array    0x000000000800a56c        0x4 c:/st/stm32cubeide_1.12.0/stm32cubeide/plugins/com.st.stm32cube.ide.mcu.externaltools.gnu-tools-for-stm32.10.3-2021.10.win32_1.0.200.202301161003/tools/bin/../lib/gcc/arm-none-eabi/10.3.1/thumb/v7e-m+fp/softfp/crtbegin.o
                [!provide]                        PROVIDE (__fini_array_end = .)
                0x000000000800a570                . = ALIGN (0x4)
                0x000000000800a570                _sidata = LOADADDR (.data)

.data           0x0000000020000000      0x204 load address 0x000000000800a570
                0x0000000020000000                . = ALIGN (0x4)
                0x0000000020000000                _sdata = .
 *(.data)
 *(.data*)
 .data.RFIDcmd_LEDon
                0x0000000020000000        0x3 ./Src/i2cDeivces.o
                0x0000000020000000                RFIDcmd_LEDon
 *fill*         0x0000000020000003        0x1 
 .data.RFIDcmd_LEDoff
                0x0000000020000004        0x3 ./Src/i2cDeivces.o
                0x0000000020000004                RFIDcmd_LEDoff
 *fill*         0x0000000020000007        0x1 
 .data.RFIDcmd_getFirmwareVersion
                0x0000000020000008        0x2 ./Src/i2cDeivces.o
                0x0000000020000008                RFIDcmd_getFirmwareVersion
 *fill*         0x000000002000000a        0x2 
 .data.RFIDcmd_getMifareUID
                0x000000002000000c        0x2 ./Src/i2cDeivces.o
                0x000000002000000c                RFIDcmd_getMifareUID
 .data.step.3   0x000000002000000e        0x1 ./Src/i2cDeivces.o
 .data.step.1   0x000000002000000f        0x1 ./Src/i2cDeivces.o
 .data.testmode.2
                0x0000000020000010        0x1 ./Src/main.o
 *fill*         0x0000000020000011        0x3 
 .data.yPos.1   0x0000000020000014        0x8 ./Src/main.o
 .data.xPos.0   0x000000002000001c        0x8 ./Src/main.o
 .data.SystemCoreClock
                0x0000000020000024        0x4 ./Src/system_stm32f4xx.o
                0x0000000020000024                SystemCoreClock
 .data.width    0x0000000020000028        0x2 C:\GITHUB\STM32\EDS\Balancer\Debug\libBalancer.a(ST7735.o)
 .data.height   0x000000002000002a        0x2 C:\GITHUB\STM32\EDS\Balancer\Debug\libBalancer.a(ST7735.o)
 .data.spi      0x000000002000002c        0x4 C:\GITHUB\STM32\EDS\Balancer\Debug\libBalancer.a(ST7735.o)
 .data._fg      0x0000000020000030        0x2 C:\GITHUB\STM32\EDS\Balancer\Debug\libBalancer.a(ST7735.o)
 .data.step.1   0x0000000020000032        0x1 C:\GITHUB\STM32\EDS\Balancer\Debug\libBalancer.a(Sensor3DG.o)
 .data.step.0   0x0000000020000033        0x1 C:\GITHUB\STM32\EDS\Balancer\Debug\libBalancer.a(Sensor3DG.o)
 .data._impure_ptr
                0x0000000020000034        0x4 c:/st/stm32cubeide_1.12.0/stm32cubeide/plugins/com.st.stm32cube.ide.mcu.externaltools.gnu-tools-for-stm32.10.3-2021.10.win32_1.0.200.202301161003/tools/bin/../lib/gcc/arm-none-eabi/10.3.1/../../../../arm-none-eabi/lib/thumb/v7e-m+fp/softfp\libc_nano.a(lib_a-impure.o)
                0x0000000020000034                _impure_ptr
 .data.impure_data
                0x0000000020000038       0x60 c:/st/stm32cubeide_1.12.0/stm32cubeide/plugins/com.st.stm32cube.ide.mcu.externaltools.gnu-tools-for-stm32.10.3-2021.10.win32_1.0.200.202301161003/tools/bin/../lib/gcc/arm-none-eabi/10.3.1/../../../../arm-none-eabi/lib/thumb/v7e-m+fp/softfp\libc_nano.a(lib_a-impure.o)
 .data.__global_locale
                0x0000000020000098      0x16c c:/st/stm32cubeide_1.12.0/stm32cubeide/plugins/com.st.stm32cube.ide.mcu.externaltools.gnu-tools-for-stm32.10.3-2021.10.win32_1.0.200.202301161003/tools/bin/../lib/gcc/arm-none-eabi/10.3.1/../../../../arm-none-eabi/lib/thumb/v7e-m+fp/softfp\libc_nano.a(lib_a-locale.o)
                0x0000000020000098                __global_locale
 *(.RamFunc)
 *(.RamFunc*)
                0x0000000020000204                . = ALIGN (0x4)
                0x0000000020000204                _edata = .

.igot.plt       0x0000000020000204        0x0 load address 0x000000000800a774
 .igot.plt      0x0000000020000204        0x0 c:/st/stm32cubeide_1.12.0/stm32cubeide/plugins/com.st.stm32cube.ide.mcu.externaltools.gnu-tools-for-stm32.10.3-2021.10.win32_1.0.200.202301161003/tools/bin/../lib/gcc/arm-none-eabi/10.3.1/thumb/v7e-m+fp/softfp/crtbegin.o
                0x0000000020000204                . = ALIGN (0x4)
