Archive member included to satisfy reference by file (symbol)

D:\GITHUB\STM32\EDS_2023\Balancer\Debug\libBalancer.a(Balancer.o)
                              ./Src/main.o (BalaHWsetup)
D:\GITHUB\STM32\EDS_2023\Balancer\Debug\libBalancer.a(RotaryPushButton.o)
                              ./Src/main.o (initRotaryPushButton)
D:\GITHUB\STM32\EDS_2023\Balancer\Debug\libBalancer.a(ST7735.o)
                              ./Src/main.o (tftSetup)
D:\GITHUB\STM32\EDS_2023\MCAL_F40x\Debug\libMCAL.a(mcalEXTI.o)
                              D:\GITHUB\STM32\EDS_2023\Balancer\Debug\libBalancer.a(RotaryPushButton.o) (extiInit)
D:\GITHUB\STM32\EDS_2023\MCAL_F40x\Debug\libMCAL.a(mcalGPIO.o)
                              D:\GITHUB\STM32\EDS_2023\MCAL_F40x\Debug\libMCAL.a(mcalEXTI.o) (gpioVerifyPort)
D:\GITHUB\STM32\EDS_2023\MCAL_F40x\Debug\libMCAL.a(mcalI2C.o)
                              D:\GITHUB\STM32\EDS_2023\Balancer\Debug\libBalancer.a(Balancer.o) (i2cSelectI2C)
D:\GITHUB\STM32\EDS_2023\MCAL_F40x\Debug\libMCAL.a(mcalRCC.o)
                              D:\GITHUB\STM32\EDS_2023\MCAL_F40x\Debug\libMCAL.a(mcalI2C.o) (rccGetPclk1Freq)
D:\GITHUB\STM32\EDS_2023\MCAL_F40x\Debug\libMCAL.a(mcalSPI.o)
                              D:\GITHUB\STM32\EDS_2023\Balancer\Debug\libBalancer.a(ST7735.o) (spiInitSPI)
D:\GITHUB\STM32\EDS_2023\MCAL_F40x\Debug\libMCAL.a(mcalSysTick.o)
                              ./Src/main.o (systickSetMillis)
D:\GITHUB\STM32\EDS_2023\MCAL_F40x\Debug\libMCAL.a(system_stm32f4xx.o)
                              D:\GITHUB\STM32\EDS_2023\MCAL_F40x\Debug\libMCAL.a(mcalRCC.o) (SystemCoreClock)
c:/st/stm32cubeide_1.12.0/stm32cubeide/plugins/com.st.stm32cube.ide.mcu.externaltools.gnu-tools-for-stm32.10.3-2021.10.win32_1.0.200.202301161003/tools/bin/../lib/gcc/arm-none-eabi/10.3.1/../../../../arm-none-eabi/lib/thumb/v7e-m+fp/softfp\libc_nano.a(lib_a-errno.o)
                              ./Src/syscalls.o (__errno)
c:/st/stm32cubeide_1.12.0/stm32cubeide/plugins/com.st.stm32cube.ide.mcu.externaltools.gnu-tools-for-stm32.10.3-2021.10.win32_1.0.200.202301161003/tools/bin/../lib/gcc/arm-none-eabi/10.3.1/../../../../arm-none-eabi/lib/thumb/v7e-m+fp/softfp\libc_nano.a(lib_a-exit.o)
                              c:/st/stm32cubeide_1.12.0/stm32cubeide/plugins/com.st.stm32cube.ide.mcu.externaltools.gnu-tools-for-stm32.10.3-2021.10.win32_1.0.200.202301161003/tools/bin/../lib/gcc/arm-none-eabi/10.3.1/../../../../arm-none-eabi/lib/thumb/v7e-m+fp/softfp/crt0.o (exit)
c:/st/stm32cubeide_1.12.0/stm32cubeide/plugins/com.st.stm32cube.ide.mcu.externaltools.gnu-tools-for-stm32.10.3-2021.10.win32_1.0.200.202301161003/tools/bin/../lib/gcc/arm-none-eabi/10.3.1/../../../../arm-none-eabi/lib/thumb/v7e-m+fp/softfp\libc_nano.a(lib_a-impure.o)
                              c:/st/stm32cubeide_1.12.0/stm32cubeide/plugins/com.st.stm32cube.ide.mcu.externaltools.gnu-tools-for-stm32.10.3-2021.10.win32_1.0.200.202301161003/tools/bin/../lib/gcc/arm-none-eabi/10.3.1/../../../../arm-none-eabi/lib/thumb/v7e-m+fp/softfp\libc_nano.a(lib_a-exit.o) (_global_impure_ptr)
c:/st/stm32cubeide_1.12.0/stm32cubeide/plugins/com.st.stm32cube.ide.mcu.externaltools.gnu-tools-for-stm32.10.3-2021.10.win32_1.0.200.202301161003/tools/bin/../lib/gcc/arm-none-eabi/10.3.1/../../../../arm-none-eabi/lib/thumb/v7e-m+fp/softfp\libc_nano.a(lib_a-init.o)
                              c:/st/stm32cubeide_1.12.0/stm32cubeide/plugins/com.st.stm32cube.ide.mcu.externaltools.gnu-tools-for-stm32.10.3-2021.10.win32_1.0.200.202301161003/tools/bin/../lib/gcc/arm-none-eabi/10.3.1/../../../../arm-none-eabi/lib/thumb/v7e-m+fp/softfp/crt0.o (__libc_init_array)
c:/st/stm32cubeide_1.12.0/stm32cubeide/plugins/com.st.stm32cube.ide.mcu.externaltools.gnu-tools-for-stm32.10.3-2021.10.win32_1.0.200.202301161003/tools/bin/../lib/gcc/arm-none-eabi/10.3.1/../../../../arm-none-eabi/lib/thumb/v7e-m+fp/softfp\libc_nano.a(lib_a-memset.o)
                              c:/st/stm32cubeide_1.12.0/stm32cubeide/plugins/com.st.stm32cube.ide.mcu.externaltools.gnu-tools-for-stm32.10.3-2021.10.win32_1.0.200.202301161003/tools/bin/../lib/gcc/arm-none-eabi/10.3.1/../../../../arm-none-eabi/lib/thumb/v7e-m+fp/softfp/crt0.o (memset)
c:/st/stm32cubeide_1.12.0/stm32cubeide/plugins/com.st.stm32cube.ide.mcu.externaltools.gnu-tools-for-stm32.10.3-2021.10.win32_1.0.200.202301161003/tools/bin/../lib/gcc/arm-none-eabi/10.3.1/../../../../arm-none-eabi/lib/thumb/v7e-m+fp/softfp\libc_nano.a(lib_a-nano-vfprintf_float.o)
                              (_printf_float)
c:/st/stm32cubeide_1.12.0/stm32cubeide/plugins/com.st.stm32cube.ide.mcu.externaltools.gnu-tools-for-stm32.10.3-2021.10.win32_1.0.200.202301161003/tools/bin/../lib/gcc/arm-none-eabi/10.3.1/../../../../arm-none-eabi/lib/thumb/v7e-m+fp/softfp\libc_nano.a(lib_a-nano-vfprintf_i.o)
[...]
Memory Configuration

Name             Origin             Length             Attributes
RAM              0x0000000020000000 0x0000000000018000 xrw
FLASH            0x0000000008000000 0x0000000000080000 xr
*default*        0x0000000000000000 0xffffffffffffffff

Linker script and memory map

LOAD c:/st/stm32cubeide_1.12.0/stm32cubeide/plugins/com.st.stm32cube.ide.mcu.externaltools.gnu-tools-for-stm32.10.3-2021.10.win32_1.0.200.202301161003/tools/bin/../lib/gcc/arm-none-eabi/10.3.1/thumb/v7e-m+fp/softfp/crti.o
LOAD c:/st/stm32cubeide_1.12.0/stm32cubeide/plugins/com.st.stm32cube.ide.mcu.externaltools.gnu-tools-for-stm32.10.3-2021.10.win32_1.0.200.202301161003/tools/bin/../lib/gcc/arm-none-eabi/10.3.1/thumb/v7e-m+fp/softfp/crtbegin.o
LOAD c:/st/stm32cubeide_1.12.0/stm32cubeide/plugins/com.st.stm32cube.ide.mcu.externaltools.gnu-tools-for-stm32.10.3-2021.10.win32_1.0.200.202301161003/tools/bin/../lib/gcc/arm-none-eabi/10.3.1/../../../../arm-none-eabi/lib/thumb/v7e-m+fp/softfp/crt0.o
LOAD ./Src/i2cDeivces.o
LOAD ./Src/main.o
LOAD ./Src/syscalls.o
LOAD ./Src/sysmem.o
LOAD ./Src/xyzScope.o
LOAD ./Startup/startup_stm32f401retx.o
LOAD D:\GITHUB\STM32\EDS_2023\Balancer\Debug\libBalancer.a
LOAD D:\GITHUB\STM32\EDS_2023\MCAL_F40x\Debug\libMCAL.a
START GROUP
LOAD c:/st/stm32cubeide_1.12.0/stm32cubeide/plugins/com.st.stm32cube.ide.mcu.externaltools.gnu-tools-for-stm32.10.3-2021.10.win32_1.0.200.202301161003/tools/bin/../lib/gcc/arm-none-eabi/10.3.1/../../../../arm-none-eabi/lib/thumb/v7e-m+fp/softfp\libc_nano.a
LOAD c:/st/stm32cubeide_1.12.0/stm32cubeide/plugins/com.st.stm32cube.ide.mcu.externaltools.gnu-tools-for-stm32.10.3-2021.10.win32_1.0.200.202301161003/tools/bin/../lib/gcc/arm-none-eabi/10.3.1/../../../../arm-none-eabi/lib/thumb/v7e-m+fp/softfp\libm.a
END GROUP
START GROUP
LOAD c:/st/stm32cubeide_1.12.0/stm32cubeide/plugins/com.st.stm32cube.ide.mcu.externaltools.gnu-tools-for-stm32.10.3-2021.10.win32_1.0.200.202301161003/tools/bin/../lib/gcc/arm-none-eabi/10.3.1/thumb/v7e-m+fp/softfp\libgcc.a
LOAD c:/st/stm32cubeide_1.12.0/stm32cubeide/plugins/com.st.stm32cube.ide.mcu.externaltools.gnu-tools-for-stm32.10.3-2021.10.win32_1.0.200.202301161003/tools/bin/../lib/gcc/arm-none-eabi/10.3.1/../../../../arm-none-eabi/lib/thumb/v7e-m+fp/softfp\libc_nano.a
END GROUP
START GROUP
LOAD c:/st/stm32cubeide_1.12.0/stm32cubeide/plugins/com.st.stm32cube.ide.mcu.externaltools.gnu-tools-for-stm32.10.3-2021.10.win32_1.0.200.202301161003/tools/bin/../lib/gcc/arm-none-eabi/10.3.1/thumb/v7e-m+fp/softfp\libgcc.a
LOAD c:/st/stm32cubeide_1.12.0/stm32cubeide/plugins/com.st.stm32cube.ide.mcu.externaltools.gnu-tools-for-stm32.10.3-2021.10.win32_1.0.200.202301161003/tools/bin/../lib/gcc/arm-none-eabi/10.3.1/../../../../arm-none-eabi/lib/thumb/v7e-m+fp/softfp\libc_nano.a
LOAD c:/st/stm32cubeide_1.12.0/stm32cubeide/plugins/com.st.stm32cube.ide.mcu.externaltools.gnu-tools-for-stm32.10.3-2021.10.win32_1.0.200.202301161003/tools/bin/../lib/gcc/arm-none-eabi/10.3.1/../../../../arm-none-eabi/lib/thumb/v7e-m+fp/softfp\libnosys.a
END GROUP
START GROUP
LOAD c:/st/stm32cubeide_1.12.0/stm32cubeide/plugins/com.st.stm32cube.ide.mcu.externaltools.gnu-tools-for-stm32.10.3-2021.10.win32_1.0.200.202301161003/tools/bin/../lib/gcc/arm-none-eabi/10.3.1/thumb/v7e-m+fp/softfp\libgcc.a
LOAD c:/st/stm32cubeide_1.12.0/stm32cubeide/plugins/com.st.stm32cube.ide.mcu.externaltools.gnu-tools-for-stm32.10.3-2021.10.win32_1.0.200.202301161003/tools/bin/../lib/gcc/arm-none-eabi/10.3.1/../../../../arm-none-eabi/lib/thumb/v7e-m+fp/softfp\libc_nano.a
LOAD c:/st/stm32cubeide_1.12.0/stm32cubeide/plugins/com.st.stm32cube.ide.mcu.externaltools.gnu-tools-for-stm32.10.3-2021.10.win32_1.0.200.202301161003/tools/bin/../lib/gcc/arm-none-eabi/10.3.1/../../../../arm-none-eabi/lib/thumb/v7e-m+fp/softfp\libnosys.a
END GROUP
LOAD c:/st/stm32cubeide_1.12.0/stm32cubeide/plugins/com.st.stm32cube.ide.mcu.externaltools.gnu-tools-for-stm32.10.3-2021.10.win32_1.0.200.202301161003/tools/bin/../lib/gcc/arm-none-eabi/10.3.1/thumb/v7e-m+fp/softfp/crtend.o
LOAD c:/st/stm32cubeide_1.12.0/stm32cubeide/plugins/com.st.stm32cube.ide.mcu.externaltools.gnu-tools-for-stm32.10.3-2021.10.win32_1.0.200.202301161003/tools/bin/../lib/gcc/arm-none-eabi/10.3.1/thumb/v7e-m+fp/softfp/crtn.o
                0x0000000020018000                _estack = (ORIGIN (RAM) + LENGTH (RAM))
                0x0000000000000200                _Min_Heap_Size = 0x200
                0x0000000000000400                _Min_Stack_Size = 0x400

.isr_vector     0x0000000008000000      0x194
                0x0000000008000000                . = ALIGN (0x4)
 *(.isr_vector)
 .isr_vector    0x0000000008000000      0x194 ./Startup/startup_stm32f401retx.o
                0x0000000008000000                g_pfnVectors
                0x0000000008000194                . = ALIGN (0x4)

.text           0x00000000080001a0     0x8eb4
                0x00000000080001a0                . = ALIGN (0x4)
 *(.text)
 .text          0x00000000080001a0       0x40 c:/st/stm32cubeide_1.12.0/stm32cubeide/plugins/com.st.stm32cube.ide.mcu.externaltools.gnu-tools-for-stm32.10.3-2021.10.win32_1.0.200.202301161003/tools/bin/../lib/gcc/arm-none-eabi/10.3.1/thumb/v7e-m+fp/softfp/crtbegin.o
 .text          0x00000000080001e0       0x10 c:/st/stm32cubeide_1.12.0/stm32cubeide/plugins/com.st.stm32cube.ide.mcu.externaltools.gnu-tools-for-stm32.10.3-2021.10.win32_1.0.200.202301161003/tools/bin/../lib/gcc/arm-none-eabi/10.3.1/../../../../arm-none-eabi/lib/thumb/v7e-m+fp/softfp\libc_nano.a(lib_a-strlen.o)
                0x00000000080001e0                strlen
 .text          0x00000000080001f0       0xa0 c:/st/stm32cubeide_1.12.0/stm32cubeide/plugins/com.st.stm32cube.ide.mcu.externaltools.gnu-tools-for-stm32.10.3-2021.10.win32_1.0.200.202301161003/tools/bin/../lib/gcc/arm-none-eabi/10.3.1/../../../../arm-none-eabi/lib/thumb/v7e-m+fp/softfp\libc_nano.a(lib_a-memchr.o)
                0x00000000080001f0                memchr
 .text          0x0000000008000290      0x378 c:/st/stm32cubeide_1.12.0/stm32cubeide/plugins/com.st.stm32cube.ide.mcu.externaltools.gnu-tools-for-stm32.10.3-2021.10.win32_1.0.200.202301161003/tools/bin/../lib/gcc/arm-none-eabi/10.3.1/thumb/v7e-m+fp/softfp\libgcc.a(_arm_addsubdf3.o)
                0x0000000008000290                __aeabi_drsub
                0x0000000008000298                __aeabi_dsub
                0x0000000008000298                __subdf3
                0x000000000800029c                __aeabi_dadd
                0x000000000800029c                __adddf3
                0x0000000008000514                __floatunsidf
                0x0000000008000514                __aeabi_ui2d
                0x0000000008000534                __floatsidf
                0x0000000008000534                __aeabi_i2d
                0x0000000008000558                __aeabi_f2d
                0x0000000008000558                __extendsfdf2
                0x000000000800059c                __floatundidf
                0x000000000800059c                __aeabi_ul2d
                0x00000000080005ac                __floatdidf
                0x00000000080005ac                __aeabi_l2d
 .text          0x0000000008000608      0x424 c:/st/stm32cubeide_1.12.0/stm32cubeide/plugins/com.st.stm32cube.ide.mcu.externaltools.gnu-tools-for-stm32.10.3-2021.10.win32_1.0.200.202301161003/tools/bin/../lib/gcc/arm-none-eabi/10.3.1/thumb/v7e-m+fp/softfp\libgcc.a(_arm_muldivdf3.o)
                0x0000000008000608                __aeabi_dmul
                0x0000000008000608                __muldf3
                0x000000000800085c                __divdf3
                0x000000000800085c                __aeabi_ddiv
 .text          0x0000000008000a2c      0x110 c:/st/stm32cubeide_1.12.0/stm32cubeide/plugins/com.st.stm32cube.ide.mcu.externaltools.gnu-tools-for-stm32.10.3-2021.10.win32_1.0.200.202301161003/tools/bin/../lib/gcc/arm-none-eabi/10.3.1/thumb/v7e-m+fp/softfp\libgcc.a(_arm_cmpdf2.o)
                0x0000000008000a2c                __gtdf2
                0x0000000008000a2c                __gedf2
                0x0000000008000a34                __ltdf2
                0x0000000008000a34                __ledf2
                0x0000000008000a3c                __nedf2
                0x0000000008000a3c                __eqdf2
                0x0000000008000a3c                __cmpdf2
                0x0000000008000ab8                __aeabi_cdrcmple
                0x0000000008000ac8                __aeabi_cdcmpeq
                0x0000000008000ac8                __aeabi_cdcmple
                0x0000000008000ad8                __aeabi_dcmpeq
                0x0000000008000aec                __aeabi_dcmplt
                0x0000000008000b00                __aeabi_dcmple
                0x0000000008000b14                __aeabi_dcmpge
                0x0000000008000b28                __aeabi_dcmpgt
 .text          0x0000000008000b3c       0x2c c:/st/stm32cubeide_1.12.0/stm32cubeide/plugins/com.st.stm32cube.ide.mcu.externaltools.gnu-tools-for-stm32.10.3-2021.10.win32_1.0.200.202301161003/tools/bin/../lib/gcc/arm-none-eabi/10.3.1/thumb/v7e-m+fp/softfp\libgcc.a(_arm_unorddf2.o)
                0x0000000008000b3c                __unorddf2
                0x0000000008000b3c                __aeabi_dcmpun
 .text          0x0000000008000b68       0x50 c:/st/stm32cubeide_1.12.0/stm32cubeide/plugins/com.st.stm32cube.ide.mcu.externaltools.gnu-tools-for-stm32.10.3-2021.10.win32_1.0.200.202301161003/tools/bin/../lib/gcc/arm-none-eabi/10.3.1/thumb/v7e-m+fp/softfp\libgcc.a(_arm_fixdfsi.o)
                0x0000000008000b68                __aeabi_d2iz
                0x0000000008000b68                __fixdfsi
 .text          0x0000000008000bb8       0xa0 c:/st/stm32cubeide_1.12.0/stm32cubeide/plugins/com.st.stm32cube.ide.mcu.externaltools.gnu-tools-for-stm32.10.3-2021.10.win32_1.0.200.202301161003/tools/bin/../lib/gcc/arm-none-eabi/10.3.1/thumb/v7e-m+fp/softfp\libgcc.a(_arm_truncdfsf2.o)
                0x0000000008000bb8                __truncdfsf2
                0x0000000008000bb8                __aeabi_d2f
 .text          0x0000000008000c58       0x30 c:/st/stm32cubeide_1.12.0/stm32cubeide/plugins/com.st.stm32cube.ide.mcu.externaltools.gnu-tools-for-stm32.10.3-2021.10.win32_1.0.200.202301161003/tools/bin/../lib/gcc/arm-none-eabi/10.3.1/thumb/v7e-m+fp/softfp\libgcc.a(_aeabi_uldivmod.o)
                0x0000000008000c58                __aeabi_uldivmod
 .text          0x0000000008000c88      0x2d0 c:/st/stm32cubeide_1.12.0/stm32cubeide/plugins/com.st.stm32cube.ide.mcu.externaltools.gnu-tools-for-stm32.10.3-2021.10.win32_1.0.200.202301161003/tools/bin/../lib/gcc/arm-none-eabi/10.3.1/thumb/v7e-m+fp/softfp\libgcc.a(_udivmoddi4.o)
                0x0000000008000c88                __udivmoddi4
 .text          0x0000000008000f58        0x4 c:/st/stm32cubeide_1.12.0/stm32cubeide/plugins/com.st.stm32cube.ide.mcu.externaltools.gnu-tools-for-stm32.10.3-2021.10.win32_1.0.200.202301161003/tools/bin/../lib/gcc/arm-none-eabi/10.3.1/thumb/v7e-m+fp/softfp\libgcc.a(_dvmd_tls.o)
                0x0000000008000f58                __aeabi_idiv0
                0x0000000008000f58                __aeabi_ldiv0
 *(.text*)
 .text.convDecByteToHex
                0x0000000008000f5c       0x60 ./Src/i2cDeivces.o
                0x0000000008000f5c                convDecByteToHex
 .text.i2cLIS3DH_presCheck
                0x0000000008000fbc       0x2a ./Src/i2cDeivces.o
                0x0000000008000fbc                i2cLIS3DH_presCheck
 *fill*         0x0000000008000fe6        0x2 
 .text.i2cLIS3DH_init
                0x0000000008000fe8       0xfc ./Src/i2cDeivces.o
                0x0000000008000fe8                i2cLIS3DH_init
 .text.i2cLIS3DH_XYZ
                0x00000000080010e4       0x24 ./Src/i2cDeivces.o
                0x00000000080010e4                i2cLIS3DH_XYZ
 .text.i2cLIS3DH_Temp
                0x0000000008001108       0x26 ./Src/i2cDeivces.o
                0x0000000008001108                i2cLIS3DH_Temp
 *fill*         0x000000000800112e        0x2 
 .text.RFID_LED
                0x0000000008001130       0x3c ./Src/i2cDeivces.o
                0x0000000008001130                RFID_LED
 .text.RFID_readCard
                0x000000000800116c      0x134 ./Src/i2cDeivces.o
                0x000000000800116c                RFID_readCard
 .text.RFID_readFWVersion
                0x00000000080012a0       0xc4 ./Src/i2cDeivces.o
                0x00000000080012a0                RFID_readFWVersion
 .text.main     0x0000000008001364      0x534 ./Src/main.o
                0x0000000008001364                main
 .text.I2C_SCAN
                0x0000000008001898       0xe0 ./Src/main.o
                0x0000000008001898                I2C_SCAN
 .text._getpid  0x0000000008001978       0x10 ./Src/syscalls.o
                0x0000000008001978                _getpid
 .text._kill    0x0000000008001988       0x20 ./Src/syscalls.o
                0x0000000008001988                _kill
 .text._exit    0x00000000080019a8       0x14 ./Src/syscalls.o
                0x00000000080019a8                _exit
 .text._read    0x00000000080019bc       0x3a ./Src/syscalls.o
                0x00000000080019bc                _read
 .text._write   0x00000000080019f6       0x38 ./Src/syscalls.o
                0x00000000080019f6                _write
 .text._close   0x0000000008001a2e       0x18 ./Src/syscalls.o
                0x0000000008001a2e                _close
 .text._fstat   0x0000000008001a46       0x20 ./Src/syscalls.o
                0x0000000008001a46                _fstat
 .text._isatty  0x0000000008001a66       0x16 ./Src/syscalls.o
                0x0000000008001a66                _isatty
 .text._lseek   0x0000000008001a7c       0x1a ./Src/syscalls.o
                0x0000000008001a7c                _lseek
 *fill*         0x0000000008001a96        0x2 
 .text._sbrk    0x0000000008001a98       0x6c ./Src/sysmem.o
                0x0000000008001a98                _sbrk
 .text.XYZ2AlphaBeta
                0x0000000008001b04      0x168 ./Src/xyzScope.o
                0x0000000008001b04                XYZ2AlphaBeta
 .text.AlBeScreen
                0x0000000008001c6c      0x514 ./Src/xyzScope.o
                0x0000000008001c6c                AlBeScreen
 .text.Reset_Handler
                0x0000000008002180       0x50 ./Startup/startup_stm32f401retx.o
                0x0000000008002180                Reset_Handler
 .text.Default_Handler
                0x00000000080021d0        0x2 ./Startup/startup_stm32f401retx.o
                0x00000000080021d0                EXTI2_IRQHandler
                0x00000000080021d0                DebugMon_Handler
                0x00000000080021d0                SPI4_IRQHandler
                0x00000000080021d0                TIM1_CC_IRQHandler
                0x00000000080021d0                DMA2_Stream5_IRQHandler
                0x00000000080021d0                HardFault_Handler
                0x00000000080021d0                DMA1_Stream5_IRQHandler
                0x00000000080021d0                SDIO_IRQHandler
                0x00000000080021d0                TAMP_STAMP_IRQHandler
                0x00000000080021d0                PendSV_Handler
                0x00000000080021d0                NMI_Handler
                0x00000000080021d0                EXTI3_IRQHandler
                0x00000000080021d0                TIM1_UP_TIM10_IRQHandler
                0x00000000080021d0                I2C3_ER_IRQHandler
                0x00000000080021d0                EXTI18_OTG_FS_WKUP_IRQHandler
                0x00000000080021d0                I2C2_EV_IRQHandler
                0x00000000080021d0                DMA1_Stream2_IRQHandler
                0x00000000080021d0                UsageFault_Handler
                0x00000000080021d0                DMA2_Stream2_IRQHandler
                0x00000000080021d0                SPI1_IRQHandler
                0x00000000080021d0                TIM1_BRK_TIM9_IRQHandler
                0x00000000080021d0                DMA2_Stream3_IRQHandler
                0x00000000080021d0                USART6_IRQHandler
                0x00000000080021d0                DMA2_Stream0_IRQHandler
                0x00000000080021d0                TIM4_IRQHandler
                0x00000000080021d0                I2C1_EV_IRQHandler
                0x00000000080021d0                DMA1_Stream6_IRQHandler
                0x00000000080021d0                DMA1_Stream1_IRQHandler
                0x00000000080021d0                TIM3_IRQHandler
                0x00000000080021d0                RCC_IRQHandler
                0x00000000080021d0                Default_Handler
                0x00000000080021d0                ADC_IRQHandler
                0x00000000080021d0                DMA1_Stream7_IRQHandler
                0x00000000080021d0                TIM5_IRQHandler
                0x00000000080021d0                DMA2_Stream7_IRQHandler
                0x00000000080021d0                I2C3_EV_IRQHandler
                0x00000000080021d0                EXTI9_5_IRQHandler
                0x00000000080021d0                SPI2_IRQHandler
                0x00000000080021d0                MemManage_Handler
                0x00000000080021d0                DMA1_Stream0_IRQHandler
                0x00000000080021d0                SVC_Handler
                0x00000000080021d0                EXTI4_IRQHandler
                0x00000000080021d0                EXTI22_RTC_WKUP_IRQHandler
                0x00000000080021d0                TIM2_IRQHandler
                0x00000000080021d0                EXTI16_PVD_IRQHandler
                0x00000000080021d0                TIM1_TRG_COM_TIM11_IRQHandler
                0x00000000080021d0                EXTI1_IRQHandler
                0x00000000080021d0                EXTI17_RTC_Alarm_IRQHandler
                0x00000000080021d0                USART2_IRQHandler
                0x00000000080021d0                I2C2_ER_IRQHandler
                0x00000000080021d0                DMA2_Stream1_IRQHandler
                0x00000000080021d0                FLASH_IRQHandler
                0x00000000080021d0                DMA2_Stream4_IRQHandler
                0x00000000080021d0                BusFault_Handler
                0x00000000080021d0                USART1_IRQHandler
                0x00000000080021d0                OTG_FS_IRQHandler
                0x00000000080021d0                SPI3_IRQHandler
                0x00000000080021d0                DMA1_Stream4_IRQHandler
                0x00000000080021d0                I2C1_ER_IRQHandler
                0x00000000080021d0                DMA2_Stream6_IRQHandler
                0x00000000080021d0                DMA1_Stream3_IRQHandler
 *fill*         0x00000000080021d2        0x2 
 .text.i2cActivate
                0x00000000080021d4       0xd4 D:\GITHUB\STM32\EDS_2023\Balancer\Debug\libBalancer.a(Balancer.o)
                0x00000000080021d4                i2cActivate
 .text.ledActivate
                0x00000000080022a8       0x84 D:\GITHUB\STM32\EDS_2023\Balancer\Debug\libBalancer.a(Balancer.o)
                0x00000000080022a8                ledActivate
 .text.BalaHWsetup
                0x000000000800232c       0x10 D:\GITHUB\STM32\EDS_2023\Balancer\Debug\libBalancer.a(Balancer.o)
                0x000000000800232c                BalaHWsetup
 .text.__NVIC_EnableIRQ
                0x000000000800233c       0x3c D:\GITHUB\STM32\EDS_2023\Balancer\Debug\libBalancer.a(RotaryPushButton.o)
 .text.initRotaryPushButton
                0x0000000008002378       0xac D:\GITHUB\STM32\EDS_2023\Balancer\Debug\libBalancer.a(RotaryPushButton.o)
                0x0000000008002378                initRotaryPushButton
 .text.EXTI0_IRQHandler
                0x0000000008002424       0x50 D:\GITHUB\STM32\EDS_2023\Balancer\Debug\libBalancer.a(RotaryPushButton.o)
                0x0000000008002424                EXTI0_IRQHandler
 .text.EXTI15_10_IRQHandler
                0x0000000008002474       0x34 D:\GITHUB\STM32\EDS_2023\Balancer\Debug\libBalancer.a(RotaryPushButton.o)
                0x0000000008002474                EXTI15_10_IRQHandler
 .text.delayms  0x00000000080024a8       0x1c D:\GITHUB\STM32\EDS_2023\Balancer\Debug\libBalancer.a(ST7735.o)
                0x00000000080024a8                delayms
 .text.tftSPISenddata
                0x00000000080024c4       0x28 D:\GITHUB\STM32\EDS_2023\Balancer\Debug\libBalancer.a(ST7735.o)
                0x00000000080024c4                tftSPISenddata
 .text.tftSendCmd
                0x00000000080024ec       0x28 D:\GITHUB\STM32\EDS_2023\Balancer\Debug\libBalancer.a(ST7735.o)
                0x00000000080024ec                tftSendCmd
 .text.tftSendData
                0x0000000008002514       0x28 D:\GITHUB\STM32\EDS_2023\Balancer\Debug\libBalancer.a(ST7735.o)
                0x0000000008002514                tftSendData
 .text.tftSetup
                0x000000000800253c       0xb0 D:\GITHUB\STM32\EDS_2023\Balancer\Debug\libBalancer.a(ST7735.o)
                0x000000000800253c                tftSetup
 .text.commandList
                0x00000000080025ec       0x90 D:\GITHUB\STM32\EDS_2023\Balancer\Debug\libBalancer.a(ST7735.o)
 .text.commonInit
                0x000000000800267c       0x44 D:\GITHUB\STM32\EDS_2023\Balancer\Debug\libBalancer.a(ST7735.o)
 .text.tftInitR
                0x00000000080026c0       0x70 D:\GITHUB\STM32\EDS_2023\Balancer\Debug\libBalancer.a(ST7735.o)
                0x00000000080026c0                tftInitR
 .text.tftSetAddrWindow
                0x0000000008002730       0xa0 D:\GITHUB\STM32\EDS_2023\Balancer\Debug\libBalancer.a(ST7735.o)
                0x0000000008002730                tftSetAddrWindow
 .text.tftPushColor
                0x00000000080027d0       0x38 D:\GITHUB\STM32\EDS_2023\Balancer\Debug\libBalancer.a(ST7735.o)
                0x00000000080027d0                tftPushColor
 .text.tftDrawPixel
                0x0000000008002808       0x70 D:\GITHUB\STM32\EDS_2023\Balancer\Debug\libBalancer.a(ST7735.o)
                0x0000000008002808                tftDrawPixel
 .text.tftFillRect
                0x0000000008002878      0x10c D:\GITHUB\STM32\EDS_2023\Balancer\Debug\libBalancer.a(ST7735.o)
                0x0000000008002878                tftFillRect
 .text.tftDrawFastVLine
                0x0000000008002984       0xc0 D:\GITHUB\STM32\EDS_2023\Balancer\Debug\libBalancer.a(ST7735.o)
                0x0000000008002984                tftDrawFastVLine
 .text.tftSetFont
                0x0000000008002a44       0x44 D:\GITHUB\STM32\EDS_2023\Balancer\Debug\libBalancer.a(ST7735.o)
                0x0000000008002a44                tftSetFont
 .text.tftPrintChar
                0x0000000008002a88      0x1f0 D:\GITHUB\STM32\EDS_2023\Balancer\Debug\libBalancer.a(ST7735.o)
                0x0000000008002a88                tftPrintChar
 .text.tftRotateChar
                0x0000000008002c78      0x278 D:\GITHUB\STM32\EDS_2023\Balancer\Debug\libBalancer.a(ST7735.o)
                0x0000000008002c78                tftRotateChar
 .text.tftPrint
                0x0000000008002ef0      0x134 D:\GITHUB\STM32\EDS_2023\Balancer\Debug\libBalancer.a(ST7735.o)
                0x0000000008002ef0                tftPrint
 .text.tftFillScreen
                0x0000000008003024       0x34 D:\GITHUB\STM32\EDS_2023\Balancer\Debug\libBalancer.a(ST7735.o)
                0x0000000008003024                tftFillScreen
 .text.tftSetRotation
                0x0000000008003058       0xa0 D:\GITHUB\STM32\EDS_2023\Balancer\Debug\libBalancer.a(ST7735.o)
                0x0000000008003058                tftSetRotation
 .text.tftGetWidth
                0x00000000080030f8       0x18 D:\GITHUB\STM32\EDS_2023\Balancer\Debug\libBalancer.a(ST7735.o)
                0x00000000080030f8                tftGetWidth
 .text.tftGetHeight
                0x0000000008003110       0x18 D:\GITHUB\STM32\EDS_2023\Balancer\Debug\libBalancer.a(ST7735.o)
                0x0000000008003110                tftGetHeight
 .text.extiVerifyIrqNum
                0x0000000008003128       0xa0 D:\GITHUB\STM32\EDS_2023\MCAL_F40x\Debug\libMCAL.a(mcalEXTI.o)
                0x0000000008003128                extiVerifyIrqNum
 .text.extiVerifyTrigger
                0x00000000080031c8       0x2e D:\GITHUB\STM32\EDS_2023\MCAL_F40x\Debug\libMCAL.a(mcalEXTI.o)
                0x00000000080031c8                extiVerifyTrigger
 *fill*         0x00000000080031f6        0x2 
 .text.extiInit
                0x00000000080031f8       0x38 D:\GITHUB\STM32\EDS_2023\MCAL_F40x\Debug\libMCAL.a(mcalEXTI.o)
                0x00000000080031f8                extiInit
 .text.extiConfigIrq
                0x0000000008003230      0x168 D:\GITHUB\STM32\EDS_2023\MCAL_F40x\Debug\libMCAL.a(mcalEXTI.o)
                0x0000000008003230                extiConfigIrq
 .text.extiEnableIrq
                0x0000000008003398       0x44 D:\GITHUB\STM32\EDS_2023\MCAL_F40x\Debug\libMCAL.a(mcalEXTI.o)
                0x0000000008003398                extiEnableIrq
 .text.extiSetTriggerEdge
                0x00000000080033dc       0xe0 D:\GITHUB\STM32\EDS_2023\MCAL_F40x\Debug\libMCAL.a(mcalEXTI.o)
                0x00000000080033dc                extiSetTriggerEdge
 .text.gpioVerifyPort
                0x00000000080034bc       0x64 D:\GITHUB\STM32\EDS_2023\MCAL_F40x\Debug\libMCAL.a(mcalGPIO.o)
                0x00000000080034bc                gpioVerifyPort
 .text.gpioVerifyPin
                0x0000000008003520       0x7c D:\GITHUB\STM32\EDS_2023\MCAL_F40x\Debug\libMCAL.a(mcalGPIO.o)
                0x0000000008003520                gpioVerifyPin
 .text.gpioVerifyAltFunc
                0x000000000800359c       0x7c D:\GITHUB\STM32\EDS_2023\MCAL_F40x\Debug\libMCAL.a(mcalGPIO.o)
                0x000000000800359c                gpioVerifyAltFunc
 .text.gpioVerifyPinMode
                0x0000000008003618       0x34 D:\GITHUB\STM32\EDS_2023\MCAL_F40x\Debug\libMCAL.a(mcalGPIO.o)
                0x0000000008003618                gpioVerifyPinMode
 .text.gpioVerifyOutputType
                0x000000000800364c       0x28 D:\GITHUB\STM32\EDS_2023\MCAL_F40x\Debug\libMCAL.a(mcalGPIO.o)
                0x000000000800364c                gpioVerifyOutputType
 .text.gpioVerifyPushPullMode
                0x0000000008003674       0x2e D:\GITHUB\STM32\EDS_2023\MCAL_F40x\Debug\libMCAL.a(mcalGPIO.o)
                0x0000000008003674                gpioVerifyPushPullMode
 *fill*         0x00000000080036a2        0x2 
 .text.gpioInitPort
                0x00000000080036a4       0xc4 D:\GITHUB\STM32\EDS_2023\MCAL_F40x\Debug\libMCAL.a(mcalGPIO.o)
                0x00000000080036a4                gpioInitPort
 .text.gpioSelectPort
                0x0000000008003768       0xc8 D:\GITHUB\STM32\EDS_2023\MCAL_F40x\Debug\libMCAL.a(mcalGPIO.o)
                0x0000000008003768                gpioSelectPort
 .text.gpioSelectPinMode
                0x0000000008003830       0x96 D:\GITHUB\STM32\EDS_2023\MCAL_F40x\Debug\libMCAL.a(mcalGPIO.o)
                0x0000000008003830                gpioSelectPinMode
 .text.gpioSetPin
                0x00000000080038c6       0x56 D:\GITHUB\STM32\EDS_2023\MCAL_F40x\Debug\libMCAL.a(mcalGPIO.o)
                0x00000000080038c6                gpioSetPin
 .text.gpioResetPin
                0x000000000800391c       0x58 D:\GITHUB\STM32\EDS_2023\MCAL_F40x\Debug\libMCAL.a(mcalGPIO.o)
                0x000000000800391c                gpioResetPin
 .text.gpioSelectAltFunc
                0x0000000008003974       0xd2 D:\GITHUB\STM32\EDS_2023\MCAL_F40x\Debug\libMCAL.a(mcalGPIO.o)
                0x0000000008003974                gpioSelectAltFunc
 .text.gpioSetOutputType
                0x0000000008003a46       0x92 D:\GITHUB\STM32\EDS_2023\MCAL_F40x\Debug\libMCAL.a(mcalGPIO.o)
                0x0000000008003a46                gpioSetOutputType
 .text.gpioSelectPushPullMode
                0x0000000008003ad8       0xba D:\GITHUB\STM32\EDS_2023\MCAL_F40x\Debug\libMCAL.a(mcalGPIO.o)
                0x0000000008003ad8                gpioSelectPushPullMode
 .text.gpioGetPinState
                0x0000000008003b92       0x38 D:\GITHUB\STM32\EDS_2023\MCAL_F40x\Debug\libMCAL.a(mcalGPIO.o)
                0x0000000008003b92                gpioGetPinState
 .text.__i2c_start
                0x0000000008003bca       0x30 D:\GITHUB\STM32\EDS_2023\MCAL_F40x\Debug\libMCAL.a(mcalI2C.o)
 .text.__i2c_stop
                0x0000000008003bfa       0x30 D:\GITHUB\STM32\EDS_2023\MCAL_F40x\Debug\libMCAL.a(mcalI2C.o)
 .text.__i2c_dummy_read_SR1_SR2
                0x0000000008003c2a       0x3c D:\GITHUB\STM32\EDS_2023\MCAL_F40x\Debug\libMCAL.a(mcalI2C.o)
 .text.__i2c_Chk_TX_empty
                0x0000000008003c66       0x36 D:\GITHUB\STM32\EDS_2023\MCAL_F40x\Debug\libMCAL.a(mcalI2C.o)
 .text.i2cVerifyDutyCycle
                0x0000000008003c9c       0x28 D:\GITHUB\STM32\EDS_2023\MCAL_F40x\Debug\libMCAL.a(mcalI2C.o)
 .text.i2cSelectI2C
                0x0000000008003cc4       0x68 D:\GITHUB\STM32\EDS_2023\MCAL_F40x\Debug\libMCAL.a(mcalI2C.o)
                0x0000000008003cc4                i2cSelectI2C
 .text.i2cSetClkSpd
                0x0000000008003d2c       0xfc D:\GITHUB\STM32\EDS_2023\MCAL_F40x\Debug\libMCAL.a(mcalI2C.o)
                0x0000000008003d2c                i2cSetClkSpd
 .text.i2cInitI2C
                0x0000000008003e28       0xa0 D:\GITHUB\STM32\EDS_2023\MCAL_F40x\Debug\libMCAL.a(mcalI2C.o)
                0x0000000008003e28                i2cInitI2C
 .text.i2cSendByteToSlaveReg
                0x0000000008003ec8       0x9c D:\GITHUB\STM32\EDS_2023\MCAL_F40x\Debug\libMCAL.a(mcalI2C.o)
                0x0000000008003ec8                i2cSendByteToSlaveReg
 .text.i2cBurstWrite
                0x0000000008003f64       0xba D:\GITHUB\STM32\EDS_2023\MCAL_F40x\Debug\libMCAL.a(mcalI2C.o)
                0x0000000008003f64                i2cBurstWrite
 .text.i2cReadByteFromSlaveReg
                0x000000000800401e       0xd8 D:\GITHUB\STM32\EDS_2023\MCAL_F40x\Debug\libMCAL.a(mcalI2C.o)
                0x000000000800401e                i2cReadByteFromSlaveReg
 .text.i2cBurstRegRead
                0x00000000080040f6      0x130 D:\GITHUB\STM32\EDS_2023\MCAL_F40x\Debug\libMCAL.a(mcalI2C.o)
                0x00000000080040f6                i2cBurstRegRead
 .text.i2cBurstRead
                0x0000000008004226       0xd2 D:\GITHUB\STM32\EDS_2023\MCAL_F40x\Debug\libMCAL.a(mcalI2C.o)
                0x0000000008004226                i2cBurstRead
 .text.i2cEnableDevice
                0x00000000080042f8       0x22 D:\GITHUB\STM32\EDS_2023\MCAL_F40x\Debug\libMCAL.a(mcalI2C.o)
                0x00000000080042f8                i2cEnableDevice
 .text.i2cFindSlaveAddr
                0x000000000800431a       0x5c D:\GITHUB\STM32\EDS_2023\MCAL_F40x\Debug\libMCAL.a(mcalI2C.o)
                0x000000000800431a                i2cFindSlaveAddr
 *fill*         0x0000000008004376        0x2 
 .text.rccGetSysClock
                0x0000000008004378      0x20c D:\GITHUB\STM32\EDS_2023\MCAL_F40x\Debug\libMCAL.a(mcalRCC.o)
                0x0000000008004378                rccGetSysClock
 .text.rccGetHclkFreq
                0x0000000008004584       0x50 D:\GITHUB\STM32\EDS_2023\MCAL_F40x\Debug\libMCAL.a(mcalRCC.o)
                0x0000000008004584                rccGetHclkFreq
 .text.rccGetPclk1Freq
                0x00000000080045d4       0x44 D:\GITHUB\STM32\EDS_2023\MCAL_F40x\Debug\libMCAL.a(mcalRCC.o)
                0x00000000080045d4                rccGetPclk1Freq
 .text.__spi_Chk_TX_empty
                0x0000000008004618       0x36 D:\GITHUB\STM32\EDS_2023\MCAL_F40x\Debug\libMCAL.a(mcalSPI.o)
 .text.__spi_Chk_notBSY
                0x000000000800464e       0x24 D:\GITHUB\STM32\EDS_2023\MCAL_F40x\Debug\libMCAL.a(mcalSPI.o)
 *fill*         0x0000000008004672        0x2 
 .text.spiVerifySPI
                0x0000000008004674       0x4c D:\GITHUB\STM32\EDS_2023\MCAL_F40x\Debug\libMCAL.a(mcalSPI.o)
 .text.spiVerifyClkDivider
                0x00000000080046c0       0x4c D:\GITHUB\STM32\EDS_2023\MCAL_F40x\Debug\libMCAL.a(mcalSPI.o)
 .text.spiVerifySSM
                0x000000000800470c       0x28 D:\GITHUB\STM32\EDS_2023\MCAL_F40x\Debug\libMCAL.a(mcalSPI.o)
 .text.spiVerifyOpMode
                0x0000000008004734       0x28 D:\GITHUB\STM32\EDS_2023\MCAL_F40x\Debug\libMCAL.a(mcalSPI.o)
 .text.spiVerifyPhase
                0x000000000800475c       0x28 D:\GITHUB\STM32\EDS_2023\MCAL_F40x\Debug\libMCAL.a(mcalSPI.o)
 .text.spiVerifyIdlePolarity
                0x0000000008004784       0x28 D:\GITHUB\STM32\EDS_2023\MCAL_F40x\Debug\libMCAL.a(mcalSPI.o)
 .text.spiInitSPI
                0x00000000080047ac      0x1dc D:\GITHUB\STM32\EDS_2023\MCAL_F40x\Debug\libMCAL.a(mcalSPI.o)
                0x00000000080047ac                spiInitSPI
 .text.spiSelectSPI
                0x0000000008004988       0x80 D:\GITHUB\STM32\EDS_2023\MCAL_F40x\Debug\libMCAL.a(mcalSPI.o)
                0x0000000008004988                spiSelectSPI
 .text.spiEnableSPI
                0x0000000008004a08       0x36 D:\GITHUB\STM32\EDS_2023\MCAL_F40x\Debug\libMCAL.a(mcalSPI.o)
                0x0000000008004a08                spiEnableSPI
 .text.spiWriteByte
                0x0000000008004a3e       0x66 D:\GITHUB\STM32\EDS_2023\MCAL_F40x\Debug\libMCAL.a(mcalSPI.o)
                0x0000000008004a3e                spiWriteByte
 .text.__NVIC_SetPriority
                0x0000000008004aa4       0x54 D:\GITHUB\STM32\EDS_2023\MCAL_F40x\Debug\libMCAL.a(mcalSysTick.o)
 .text.SysTick_Config
                0x0000000008004af8       0x44 D:\GITHUB\STM32\EDS_2023\MCAL_F40x\Debug\libMCAL.a(mcalSysTick.o)
 .text.systickSetMillis
                0x0000000008004b3c       0x1c D:\GITHUB\STM32\EDS_2023\MCAL_F40x\Debug\libMCAL.a(mcalSysTick.o)
                0x0000000008004b3c                systickSetMillis
 .text.systickInit
                0x0000000008004b58       0x28 D:\GITHUB\STM32\EDS_2023\MCAL_F40x\Debug\libMCAL.a(mcalSysTick.o)
                0x0000000008004b58                systickInit
 .text.systickSetTicktime
                0x0000000008004b80       0x1c D:\GITHUB\STM32\EDS_2023\MCAL_F40x\Debug\libMCAL.a(mcalSysTick.o)
                0x0000000008004b80                systickSetTicktime
 .text.isSystickExpired
                0x0000000008004b9c       0x24 D:\GITHUB\STM32\EDS_2023\MCAL_F40x\Debug\libMCAL.a(mcalSysTick.o)
                0x0000000008004b9c                isSystickExpired
 .text.SysTick_Handler
                0x0000000008004bc0       0x18 D:\GITHUB\STM32\EDS_2023\MCAL_F40x\Debug\libMCAL.a(mcalSysTick.o)
                0x0000000008004bc0                SysTick_Handler
 .text.systickUpdateTimer
                0x0000000008004bd8       0x30 D:\GITHUB\STM32\EDS_2023\MCAL_F40x\Debug\libMCAL.a(mcalSysTick.o)
                0x0000000008004bd8                systickUpdateTimer
 .text.systickUpdateTimerList
                0x0000000008004c08       0x54 D:\GITHUB\STM32\EDS_2023\MCAL_F40x\Debug\libMCAL.a(mcalSysTick.o)
                0x0000000008004c08                systickUpdateTimerList
 .text.systickDelay
                0x0000000008004c5c       0x48 D:\GITHUB\STM32\EDS_2023\MCAL_F40x\Debug\libMCAL.a(mcalSysTick.o)
                0x0000000008004c5c                systickDelay
 .text.SystemInit
                0x0000000008004ca4       0x24 D:\GITHUB\STM32\EDS_2023\MCAL_F40x\Debug\libMCAL.a(system_stm32f4xx.o)
                0x0000000008004ca4                SystemInit
 .text.SystemCoreClockUpdate
                0x0000000008004cc8      0x100 D:\GITHUB\STM32\EDS_2023\MCAL_F40x\Debug\libMCAL.a(system_stm32f4xx.o)
                0x0000000008004cc8                SystemCoreClockUpdate
 .text.__errno  0x0000000008004dc8        0xc c:/st/stm32cubeide_1.12.0/stm32cubeide/plugins/com.st.stm32cube.ide.mcu.externaltools.gnu-tools-for-stm32.10.3-2021.10.win32_1.0.200.202301161003/tools/bin/../lib/gcc/arm-none-eabi/10.3.1/../../../../arm-none-eabi/lib/thumb/v7e-m+fp/softfp\libc_nano.a(lib_a-errno.o)
                0x0000000008004dc8                __errno
 .text.__libc_init_array
                0x0000000008004dd4       0x48 c:/st/stm32cubeide_1.12.0/stm32cubeide/plugins/com.st.stm32cube.ide.mcu.externaltools.gnu-tools-for-stm32.10.3-2021.10.win32_1.0.200.202301161003/tools/bin/../lib/gcc/arm-none-eabi/10.3.1/../../../../arm-none-eabi/lib/thumb/v7e-m+fp/softfp\libc_nano.a(lib_a-init.o)
                0x0000000008004dd4                __libc_init_array
 .text.memset   0x0000000008004e1c       0x10 c:/st/stm32cubeide_1.12.0/stm32cubeide/plugins/com.st.stm32cube.ide.mcu.externaltools.gnu-tools-for-stm32.10.3-2021.10.win32_1.0.200.202301161003/tools/bin/../lib/gcc/arm-none-eabi/10.3.1/../../../../arm-none-eabi/lib/thumb/v7e-m+fp/softfp\libc_nano.a(lib_a-memset.o)
                0x0000000008004e1c                memset
 .text.__cvt    0x0000000008004e2c       0xc2 c:/st/stm32cubeide_1.12.0/stm32cubeide/plugins/com.st.stm32cube.ide.mcu.externaltools.gnu-tools-for-stm32.10.3-2021.10.win32_1.0.200.202301161003/tools/bin/../lib/gcc/arm-none-eabi/10.3.1/../../../../arm-none-eabi/lib/thumb/v7e-m+fp/softfp\libc_nano.a(lib_a-nano-vfprintf_float.o)
                0x0000000008004e2c                __cvt
 .text.__exponent
                0x0000000008004eee       0x7c c:/st/stm32cubeide_1.12.0/stm32cubeide/plugins/com.st.stm32cube.ide.mcu.externaltools.gnu-tools-for-stm32.10.3-2021.10.win32_1.0.200.202301161003/tools/bin/../lib/gcc/arm-none-eabi/10.3.1/../../../../arm-none-eabi/lib/thumb/v7e-m+fp/softfp\libc_nano.a(lib_a-nano-vfprintf_float.o)
                0x0000000008004eee                __exponent
 *fill*         0x0000000008004f6a        0x2 
 .text._printf_float
                0x0000000008004f6c      0x470 c:/st/stm32cubeide_1.12.0/stm32cubeide/plugins/com.st.stm32cube.ide.mcu.externaltools.gnu-tools-for-stm32.10.3-2021.10.win32_1.0.200.202301161003/tools/bin/../lib/gcc/arm-none-eabi/10.3.1/../../../../arm-none-eabi/lib/thumb/v7e-m+fp/softfp\libc_nano.a(lib_a-nano-vfprintf_float.o)
                0x0000000008004f6c                _printf_float
 .text._printf_common
                0x00000000080053dc       0xda c:/st/stm32cubeide_1.12.0/stm32cubeide/plugins/com.st.stm32cube.ide.mcu.externaltools.gnu-tools-for-stm32.10.3-2021.10.win32_1.0.200.202301161003/tools/bin/../lib/gcc/arm-none-eabi/10.3.1/../../../../arm-none-eabi/lib/thumb/v7e-m+fp/softfp\libc_nano.a(lib_a-nano-vfprintf_i.o)
                0x00000000080053dc                _printf_common
 *fill*         0x00000000080054b6        0x2 
 .text._printf_i
                0x00000000080054b8      0x24c c:/st/stm32cubeide_1.12.0/stm32cubeide/plugins/com.st.stm32cube.ide.mcu.externaltools.gnu-tools-for-stm32.10.3-2021.10.win32_1.0.200.202301161003/tools/bin/../lib/gcc/arm-none-eabi/10.3.1/../../../../arm-none-eabi/lib/thumb/v7e-m+fp/softfp\libc_nano.a(lib_a-nano-vfprintf_i.o)
                0x00000000080054b8                _printf_i
 .text.sprintf  0x0000000008005704       0x40 c:/st/stm32cubeide_1.12.0/stm32cubeide/plugins/com.st.stm32cube.ide.mcu.externaltools.gnu-tools-for-stm32.10.3-2021.10.win32_1.0.200.202301161003/tools/bin/../lib/gcc/arm-none-eabi/10.3.1/../../../../arm-none-eabi/lib/thumb/v7e-m+fp/softfp\libc_nano.a(lib_a-sprintf.o)
                0x0000000008005704                siprintf
                0x0000000008005704                sprintf
 .text.quorem   0x0000000008005744      0x116 c:/st/stm32cubeide_1.12.0/stm32cubeide/plugins/com.st.stm32cube.ide.mcu.externaltools.gnu-tools-for-stm32.10.3-2021.10.win32_1.0.200.202301161003/tools/bin/../lib/gcc/arm-none-eabi/10.3.1/../../../../arm-none-eabi/lib/thumb/v7e-m+fp/softfp\libc_nano.a(lib_a-dtoa.o)
 *fill*         0x000000000800585a        0x6 
 .text._dtoa_r  0x0000000008005860      0xbdc c:/st/stm32cubeide_1.12.0/stm32cubeide/plugins/com.st.stm32cube.ide.mcu.externaltools.gnu-tools-for-stm32.10.3-2021.10.win32_1.0.200.202301161003/tools/bin/../lib/gcc/arm-none-eabi/10.3.1/../../../../arm-none-eabi/lib/thumb/v7e-m+fp/softfp\libc_nano.a(lib_a-dtoa.o)
                0x0000000008005860                _dtoa_r
 .text._localeconv_r
                0x000000000800643c        0x8 c:/st/stm32cubeide_1.12.0/stm32cubeide/plugins/com.st.stm32cube.ide.mcu.externaltools.gnu-tools-for-stm32.10.3-2021.10.win32_1.0.200.202301161003/tools/bin/../lib/gcc/arm-none-eabi/10.3.1/../../../../arm-none-eabi/lib/thumb/v7e-m+fp/softfp\libc_nano.a(lib_a-localeconv.o)
                0x000000000800643c                _localeconv_r
 .text.malloc   0x0000000008006444       0x10 c:/st/stm32cubeide_1.12.0/stm32cubeide/plugins/com.st.stm32cube.ide.mcu.externaltools.gnu-tools-for-stm32.10.3-2021.10.win32_1.0.200.202301161003/tools/bin/../lib/gcc/arm-none-eabi/10.3.1/../../../../arm-none-eabi/lib/thumb/v7e-m+fp/softfp\libc_nano.a(lib_a-malloc.o)
                0x0000000008006444                malloc
 .text.memcpy   0x0000000008006454       0x1c c:/st/stm32cubeide_1.12.0/stm32cubeide/plugins/com.st.stm32cube.ide.mcu.externaltools.gnu-tools-for-stm32.10.3-2021.10.win32_1.0.200.202301161003/tools/bin/../lib/gcc/arm-none-eabi/10.3.1/../../../../arm-none-eabi/lib/thumb/v7e-m+fp/softfp\libc_nano.a(lib_a-memcpy-stub.o)
                0x0000000008006454                memcpy
 .text._Balloc  0x0000000008006470       0x80 c:/st/stm32cubeide_1.12.0/stm32cubeide/plugins/com.st.stm32cube.ide.mcu.externaltools.gnu-tools-for-stm32.10.3-2021.10.win32_1.0.200.202301161003/tools/bin/../lib/gcc/arm-none-eabi/10.3.1/../../../../arm-none-eabi/lib/thumb/v7e-m+fp/softfp\libc_nano.a(lib_a-mprec.o)
                0x0000000008006470                _Balloc
 .text._Bfree   0x00000000080064f0       0x44 c:/st/stm32cubeide_1.12.0/stm32cubeide/plugins/com.st.stm32cube.ide.mcu.externaltools.gnu-tools-for-stm32.10.3-2021.10.win32_1.0.200.202301161003/tools/bin/../lib/gcc/arm-none-eabi/10.3.1/../../../../arm-none-eabi/lib/thumb/v7e-m+fp/softfp\libc_nano.a(lib_a-mprec.o)
                0x00000000080064f0                _Bfree
 .text.__multadd
                0x0000000008006534       0x8c c:/st/stm32cubeide_1.12.0/stm32cubeide/plugins/com.st.stm32cube.ide.mcu.externaltools.gnu-tools-for-stm32.10.3-2021.10.win32_1.0.200.202301161003/tools/bin/../lib/gcc/arm-none-eabi/10.3.1/../../../../arm-none-eabi/lib/thumb/v7e-m+fp/softfp\libc_nano.a(lib_a-mprec.o)
                0x0000000008006534                __multadd
 .text.__hi0bits
                0x00000000080065c0       0x40 c:/st/stm32cubeide_1.12.0/stm32cubeide/plugins/com.st.stm32cube.ide.mcu.externaltools.gnu-tools-for-stm32.10.3-2021.10.win32_1.0.200.202301161003/tools/bin/../lib/gcc/arm-none-eabi/10.3.1/../../../../arm-none-eabi/lib/thumb/v7e-m+fp/softfp\libc_nano.a(lib_a-mprec.o)
                0x00000000080065c0                __hi0bits
 .text.__lo0bits
                0x0000000008006600       0x5e c:/st/stm32cubeide_1.12.0/stm32cubeide/plugins/com.st.stm32cube.ide.mcu.externaltools.gnu-tools-for-stm32.10.3-2021.10.win32_1.0.200.202301161003/tools/bin/../lib/gcc/arm-none-eabi/10.3.1/../../../../arm-none-eabi/lib/thumb/v7e-m+fp/softfp\libc_nano.a(lib_a-mprec.o)
                0x0000000008006600                __lo0bits
 *fill*         0x000000000800665e        0x2 
 .text.__i2b    0x0000000008006660       0x2c c:/st/stm32cubeide_1.12.0/stm32cubeide/plugins/com.st.stm32cube.ide.mcu.externaltools.gnu-tools-for-stm32.10.3-2021.10.win32_1.0.200.202301161003/tools/bin/../lib/gcc/arm-none-eabi/10.3.1/../../../../arm-none-eabi/lib/thumb/v7e-m+fp/softfp\libc_nano.a(lib_a-mprec.o)
                0x0000000008006660                __i2b
 .text.__multiply
                0x000000000800668c      0x154 c:/st/stm32cubeide_1.12.0/stm32cubeide/plugins/com.st.stm32cube.ide.mcu.externaltools.gnu-tools-for-stm32.10.3-2021.10.win32_1.0.200.202301161003/tools/bin/../lib/gcc/arm-none-eabi/10.3.1/../../../../arm-none-eabi/lib/thumb/v7e-m+fp/softfp\libc_nano.a(lib_a-mprec.o)
                0x000000000800668c                __multiply
 .text.__pow5mult
                0x00000000080067e0       0xb4 c:/st/stm32cubeide_1.12.0/stm32cubeide/plugins/com.st.stm32cube.ide.mcu.externaltools.gnu-tools-for-stm32.10.3-2021.10.win32_1.0.200.202301161003/tools/bin/../lib/gcc/arm-none-eabi/10.3.1/../../../../arm-none-eabi/lib/thumb/v7e-m+fp/softfp\libc_nano.a(lib_a-mprec.o)
                0x00000000080067e0                __pow5mult
 .text.__lshift
                0x0000000008006894       0xe0 c:/st/stm32cubeide_1.12.0/stm32cubeide/plugins/com.st.stm32cube.ide.mcu.externaltools.gnu-tools-for-stm32.10.3-2021.10.win32_1.0.200.202301161003/tools/bin/../lib/gcc/arm-none-eabi/10.3.1/../../../../arm-none-eabi/lib/thumb/v7e-m+fp/softfp\libc_nano.a(lib_a-mprec.o)
                0x0000000008006894                __lshift
 .text.__mcmp   0x0000000008006974       0x38 c:/st/stm32cubeide_1.12.0/stm32cubeide/plugins/com.st.stm32cube.ide.mcu.externaltools.gnu-tools-for-stm32.10.3-2021.10.win32_1.0.200.202301161003/tools/bin/../lib/gcc/arm-none-eabi/10.3.1/../../../../arm-none-eabi/lib/thumb/v7e-m+fp/softfp\libc_nano.a(lib_a-mprec.o)
                0x0000000008006974                __mcmp
 .text.__mdiff  0x00000000080069ac      0x114 c:/st/stm32cubeide_1.12.0/stm32cubeide/plugins/com.st.stm32cube.ide.mcu.externaltools.gnu-tools-for-stm32.10.3-2021.10.win32_1.0.200.202301161003/tools/bin/../lib/gcc/arm-none-eabi/10.3.1/../../../../arm-none-eabi/lib/thumb/v7e-m+fp/softfp\libc_nano.a(lib_a-mprec.o)
                0x00000000080069ac                __mdiff
 .text.__d2b    0x0000000008006ac0       0xb4 c:/st/stm32cubeide_1.12.0/stm32cubeide/plugins/com.st.stm32cube.ide.mcu.externaltools.gnu-tools-for-stm32.10.3-2021.10.win32_1.0.200.202301161003/tools/bin/../lib/gcc/arm-none-eabi/10.3.1/../../../../arm-none-eabi/lib/thumb/v7e-m+fp/softfp\libc_nano.a(lib_a-mprec.o)
                0x0000000008006ac0                __d2b
 .text._calloc_r
                0x0000000008006b74       0x2c c:/st/stm32cubeide_1.12.0/stm32cubeide/plugins/com.st.stm32cube.ide.mcu.externaltools.gnu-tools-for-stm32.10.3-2021.10.win32_1.0.200.202301161003/tools/bin/../lib/gcc/arm-none-eabi/10.3.1/../../../../arm-none-eabi/lib/thumb/v7e-m+fp/softfp\libc_nano.a(lib_a-nano-callocr.o)
                0x0000000008006b74                _calloc_r
 .text._free_r  0x0000000008006ba0       0x98 c:/st/stm32cubeide_1.12.0/stm32cubeide/plugins/com.st.stm32cube.ide.mcu.externaltools.gnu-tools-for-stm32.10.3-2021.10.win32_1.0.200.202301161003/tools/bin/../lib/gcc/arm-none-eabi/10.3.1/../../../../arm-none-eabi/lib/thumb/v7e-m+fp/softfp\libc_nano.a(lib_a-nano-freer.o)
                0x0000000008006ba0                _free_r
 .text.sbrk_aligned
                0x0000000008006c38       0x40 c:/st/stm32cubeide_1.12.0/stm32cubeide/plugins/com.st.stm32cube.ide.mcu.externaltools.gnu-tools-for-stm32.10.3-2021.10.win32_1.0.200.202301161003/tools/bin/../lib/gcc/arm-none-eabi/10.3.1/../../../../arm-none-eabi/lib/thumb/v7e-m+fp/softfp\libc_nano.a(lib_a-nano-mallocr.o)
 .text._malloc_r
                0x0000000008006c78       0xe8 c:/st/stm32cubeide_1.12.0/stm32cubeide/plugins/com.st.stm32cube.ide.mcu.externaltools.gnu-tools-for-stm32.10.3-2021.10.win32_1.0.200.202301161003/tools/bin/../lib/gcc/arm-none-eabi/10.3.1/../../../../arm-none-eabi/lib/thumb/v7e-m+fp/softfp\libc_nano.a(lib_a-nano-mallocr.o)
                0x0000000008006c78                _malloc_r
 .text.__ssputs_r
                0x0000000008006d60       0xb6 c:/st/stm32cubeide_1.12.0/stm32cubeide/plugins/com.st.stm32cube.ide.mcu.externaltools.gnu-tools-for-stm32.10.3-2021.10.win32_1.0.200.202301161003/tools/bin/../lib/gcc/arm-none-eabi/10.3.1/../../../../arm-none-eabi/lib/thumb/v7e-m+fp/softfp\libc_nano.a(lib_a-nano-svfprintf.o)
                0x0000000008006d60                __ssputs_r
 *fill*         0x0000000008006e16        0x2 
 .text._svfprintf_r
                0x0000000008006e18      0x200 c:/st/stm32cubeide_1.12.0/stm32cubeide/plugins/com.st.stm32cube.ide.mcu.externaltools.gnu-tools-for-stm32.10.3-2021.10.win32_1.0.200.202301161003/tools/bin/../lib/gcc/arm-none-eabi/10.3.1/../../../../arm-none-eabi/lib/thumb/v7e-m+fp/softfp\libc_nano.a(lib_a-nano-svfprintf.o)
                0x0000000008006e18                _svfiprintf_r
                0x0000000008006e18                _svfprintf_r
 .text._sbrk_r  0x0000000008007018       0x20 c:/st/stm32cubeide_1.12.0/stm32cubeide/plugins/com.st.stm32cube.ide.mcu.externaltools.gnu-tools-for-stm32.10.3-2021.10.win32_1.0.200.202301161003/tools/bin/../lib/gcc/arm-none-eabi/10.3.1/../../../../arm-none-eabi/lib/thumb/v7e-m+fp/softfp\libc_nano.a(lib_a-sbrkr.o)
                0x0000000008007018                _sbrk_r
 .text.__assert_func
                0x0000000008007038       0x3c c:/st/stm32cubeide_1.12.0/stm32cubeide/plugins/com.st.stm32cube.ide.mcu.externaltools.gnu-tools-for-stm32.10.3-2021.10.win32_1.0.200.202301161003/tools/bin/../lib/gcc/arm-none-eabi/10.3.1/../../../../arm-none-eabi/lib/thumb/v7e-m+fp/softfp\libc_nano.a(lib_a-assert.o)
                0x0000000008007038                __assert_func
 .text.fprintf  0x0000000008007074       0x24 c:/st/stm32cubeide_1.12.0/stm32cubeide/plugins/com.st.stm32cube.ide.mcu.externaltools.gnu-tools-for-stm32.10.3-2021.10.win32_1.0.200.202301161003/tools/bin/../lib/gcc/arm-none-eabi/10.3.1/../../../../arm-none-eabi/lib/thumb/v7e-m+fp/softfp\libc_nano.a(lib_a-fprintf.o)
                0x0000000008007074                fiprintf
                0x0000000008007074                fprintf
 .text.__ascii_mbtowc
                0x0000000008007098       0x24 c:/st/stm32cubeide_1.12.0/stm32cubeide/plugins/com.st.stm32cube.ide.mcu.externaltools.gnu-tools-for-stm32.10.3-2021.10.win32_1.0.200.202301161003/tools/bin/../lib/gcc/arm-none-eabi/10.3.1/../../../../arm-none-eabi/lib/thumb/v7e-m+fp/softfp\libc_nano.a(lib_a-mbtowc_r.o)
                0x0000000008007098                __ascii_mbtowc
 .text.memmove  0x00000000080070bc       0x34 c:/st/stm32cubeide_1.12.0/stm32cubeide/plugins/com.st.stm32cube.ide.mcu.externaltools.gnu-tools-for-stm32.10.3-2021.10.win32_1.0.200.202301161003/tools/bin/../lib/gcc/arm-none-eabi/10.3.1/../../../../arm-none-eabi/lib/thumb/v7e-m+fp/softfp\libc_nano.a(lib_a-memmove.o)
                0x00000000080070bc                memmove
 .text.__malloc_lock
                0x00000000080070f0        0xc c:/st/stm32cubeide_1.12.0/stm32cubeide/plugins/com.st.stm32cube.ide.mcu.externaltools.gnu-tools-for-stm32.10.3-2021.10.win32_1.0.200.202301161003/tools/bin/../lib/gcc/arm-none-eabi/10.3.1/../../../../arm-none-eabi/lib/thumb/v7e-m+fp/softfp\libc_nano.a(lib_a-mlock.o)
                0x00000000080070f0                __malloc_lock
 .text.__malloc_unlock
                0x00000000080070fc        0xc c:/st/stm32cubeide_1.12.0/stm32cubeide/plugins/com.st.stm32cube.ide.mcu.externaltools.gnu-tools-for-stm32.10.3-2021.10.win32_1.0.200.202301161003/tools/bin/../lib/gcc/arm-none-eabi/10.3.1/../../../../arm-none-eabi/lib/thumb/v7e-m+fp/softfp\libc_nano.a(lib_a-mlock.o)
                0x00000000080070fc                __malloc_unlock
 .text._realloc_r
                0x0000000008007108       0x5e c:/st/stm32cubeide_1.12.0/stm32cubeide/plugins/com.st.stm32cube.ide.mcu.externaltools.gnu-tools-for-stm32.10.3-2021.10.win32_1.0.200.202301161003/tools/bin/../lib/gcc/arm-none-eabi/10.3.1/../../../../arm-none-eabi/lib/thumb/v7e-m+fp/softfp\libc_nano.a(lib_a-nano-reallocr.o)
                0x0000000008007108                _realloc_r
 .text.__sfputc_r
                0x0000000008007166       0x2e c:/st/stm32cubeide_1.12.0/stm32cubeide/plugins/com.st.stm32cube.ide.mcu.externaltools.gnu-tools-for-stm32.10.3-2021.10.win32_1.0.200.202301161003/tools/bin/../lib/gcc/arm-none-eabi/10.3.1/../../../../arm-none-eabi/lib/thumb/v7e-m+fp/softfp\libc_nano.a(lib_a-nano-vfprintf.o)
 .text.__sfputs_r
                0x0000000008007194       0x24 c:/st/stm32cubeide_1.12.0/stm32cubeide/plugins/com.st.stm32cube.ide.mcu.externaltools.gnu-tools-for-stm32.10.3-2021.10.win32_1.0.200.202301161003/tools/bin/../lib/gcc/arm-none-eabi/10.3.1/../../../../arm-none-eabi/lib/thumb/v7e-m+fp/softfp\libc_nano.a(lib_a-nano-vfprintf.o)
                0x0000000008007194                __sfputs_r
 .text._vfprintf_r
                0x00000000080071b8      0x260 c:/st/stm32cubeide_1.12.0/stm32cubeide/plugins/com.st.stm32cube.ide.mcu.externaltools.gnu-tools-for-stm32.10.3-2021.10.win32_1.0.200.202301161003/tools/bin/../lib/gcc/arm-none-eabi/10.3.1/../../../../arm-none-eabi/lib/thumb/v7e-m+fp/softfp\libc_nano.a(lib_a-nano-vfprintf.o)
                0x00000000080071b8                _vfprintf_r
                0x00000000080071b8                _vfiprintf_r
 .text.__swbuf_r
                0x0000000008007418       0xa4 c:/st/stm32cubeide_1.12.0/stm32cubeide/plugins/com.st.stm32cube.ide.mcu.externaltools.gnu-tools-for-stm32.10.3-2021.10.win32_1.0.200.202301161003/tools/bin/../lib/gcc/arm-none-eabi/10.3.1/../../../../arm-none-eabi/lib/thumb/v7e-m+fp/softfp\libc_nano.a(lib_a-wbuf.o)
                0x0000000008007418                __swbuf_r
 .text.__ascii_wctomb
                0x00000000080074bc       0x1a c:/st/stm32cubeide_1.12.0/stm32cubeide/plugins/com.st.stm32cube.ide.mcu.externaltools.gnu-tools-for-stm32.10.3-2021.10.win32_1.0.200.202301161003/tools/bin/../lib/gcc/arm-none-eabi/10.3.1/../../../../arm-none-eabi/lib/thumb/v7e-m+fp/softfp\libc_nano.a(lib_a-wctomb_r.o)
                0x00000000080074bc                __ascii_wctomb
 *fill*         0x00000000080074d6        0x2 
 .text.__swsetup_r
                0x00000000080074d8       0xdc c:/st/stm32cubeide_1.12.0/stm32cubeide/plugins/com.st.stm32cube.ide.mcu.externaltools.gnu-tools-for-stm32.10.3-2021.10.win32_1.0.200.202301161003/tools/bin/../lib/gcc/arm-none-eabi/10.3.1/../../../../arm-none-eabi/lib/thumb/v7e-m+fp/softfp\libc_nano.a(lib_a-wsetup.o)
                0x00000000080074d8                __swsetup_r
 .text.abort    0x00000000080075b4        0xe c:/st/stm32cubeide_1.12.0/stm32cubeide/plugins/com.st.stm32cube.ide.mcu.externaltools.gnu-tools-for-stm32.10.3-2021.10.win32_1.0.200.202301161003/tools/bin/../lib/gcc/arm-none-eabi/10.3.1/../../../../arm-none-eabi/lib/thumb/v7e-m+fp/softfp\libc_nano.a(lib_a-abort.o)
                0x00000000080075b4                abort
 *fill*         0x00000000080075c2        0x2 
 .text.__sflush_r
                0x00000000080075c4      0x10c c:/st/stm32cubeide_1.12.0/stm32cubeide/plugins/com.st.stm32cube.ide.mcu.externaltools.gnu-tools-for-stm32.10.3-2021.10.win32_1.0.200.202301161003/tools/bin/../lib/gcc/arm-none-eabi/10.3.1/../../../../arm-none-eabi/lib/thumb/v7e-m+fp/softfp\libc_nano.a(lib_a-fflush.o)
                0x00000000080075c4                __sflush_r
 .text._fflush_r
                0x00000000080076d0       0x78 c:/st/stm32cubeide_1.12.0/stm32cubeide/plugins/com.st.stm32cube.ide.mcu.externaltools.gnu-tools-for-stm32.10.3-2021.10.win32_1.0.200.202301161003/tools/bin/../lib/gcc/arm-none-eabi/10.3.1/../../../../arm-none-eabi/lib/thumb/v7e-m+fp/softfp\libc_nano.a(lib_a-fflush.o)
                0x00000000080076d0                _fflush_r
 .text.std      0x0000000008007748       0x48 c:/st/stm32cubeide_1.12.0/stm32cubeide/plugins/com.st.stm32cube.ide.mcu.externaltools.gnu-tools-for-stm32.10.3-2021.10.win32_1.0.200.202301161003/tools/bin/../lib/gcc/arm-none-eabi/10.3.1/../../../../arm-none-eabi/lib/thumb/v7e-m+fp/softfp\libc_nano.a(lib_a-findfp.o)
 .text._cleanup_r
                0x0000000008007790        0xc c:/st/stm32cubeide_1.12.0/stm32cubeide/plugins/com.st.stm32cube.ide.mcu.externaltools.gnu-tools-for-stm32.10.3-2021.10.win32_1.0.200.202301161003/tools/bin/../lib/gcc/arm-none-eabi/10.3.1/../../../../arm-none-eabi/lib/thumb/v7e-m+fp/softfp\libc_nano.a(lib_a-findfp.o)
                0x0000000008007790                _cleanup_r
 .text.__sfmoreglue
                0x000000000800779c       0x2c c:/st/stm32cubeide_1.12.0/stm32cubeide/plugins/com.st.stm32cube.ide.mcu.externaltools.gnu-tools-for-stm32.10.3-2021.10.win32_1.0.200.202301161003/tools/bin/../lib/gcc/arm-none-eabi/10.3.1/../../../../arm-none-eabi/lib/thumb/v7e-m+fp/softfp\libc_nano.a(lib_a-findfp.o)
                0x000000000800779c                __sfmoreglue
 .text.__sfp_lock_acquire
                0x00000000080077c8        0xc c:/st/stm32cubeide_1.12.0/stm32cubeide/plugins/com.st.stm32cube.ide.mcu.externaltools.gnu-tools-for-stm32.10.3-2021.10.win32_1.0.200.202301161003/tools/bin/../lib/gcc/arm-none-eabi/10.3.1/../../../../arm-none-eabi/lib/thumb/v7e-m+fp/softfp\libc_nano.a(lib_a-findfp.o)
                0x00000000080077c8                __sfp_lock_acquire
 .text.__sfp_lock_release
                0x00000000080077d4        0xc c:/st/stm32cubeide_1.12.0/stm32cubeide/plugins/com.st.stm32cube.ide.mcu.externaltools.gnu-tools-for-stm32.10.3-2021.10.win32_1.0.200.202301161003/tools/bin/../lib/gcc/arm-none-eabi/10.3.1/../../../../arm-none-eabi/lib/thumb/v7e-m+fp/softfp\libc_nano.a(lib_a-findfp.o)
                0x00000000080077d4                __sfp_lock_release
 .text.__sinit_lock_acquire
                0x00000000080077e0        0xc c:/st/stm32cubeide_1.12.0/stm32cubeide/plugins/com.st.stm32cube.ide.mcu.externaltools.gnu-tools-for-stm32.10.3-2021.10.win32_1.0.200.202301161003/tools/bin/../lib/gcc/arm-none-eabi/10.3.1/../../../../arm-none-eabi/lib/thumb/v7e-m+fp/softfp\libc_nano.a(lib_a-findfp.o)
                0x00000000080077e0                __sinit_lock_acquire
 .text.__sinit_lock_release
                0x00000000080077ec        0xc c:/st/stm32cubeide_1.12.0/stm32cubeide/plugins/com.st.stm32cube.ide.mcu.externaltools.gnu-tools-for-stm32.10.3-2021.10.win32_1.0.200.202301161003/tools/bin/../lib/gcc/arm-none-eabi/10.3.1/../../../../arm-none-eabi/lib/thumb/v7e-m+fp/softfp\libc_nano.a(lib_a-findfp.o)
                0x00000000080077ec                __sinit_lock_release
 .text.__sinit  0x00000000080077f8       0x70 c:/st/stm32cubeide_1.12.0/stm32cubeide/plugins/com.st.stm32cube.ide.mcu.externaltools.gnu-tools-for-stm32.10.3-2021.10.win32_1.0.200.202301161003/tools/bin/../lib/gcc/arm-none-eabi/10.3.1/../../../../arm-none-eabi/lib/thumb/v7e-m+fp/softfp\libc_nano.a(lib_a-findfp.o)
                0x00000000080077f8                __sinit
 .text.__sfp    0x0000000008007868       0x8c c:/st/stm32cubeide_1.12.0/stm32cubeide/plugins/com.st.stm32cube.ide.mcu.externaltools.gnu-tools-for-stm32.10.3-2021.10.win32_1.0.200.202301161003/tools/bin/../lib/gcc/arm-none-eabi/10.3.1/../../../../arm-none-eabi/lib/thumb/v7e-m+fp/softfp\libc_nano.a(lib_a-findfp.o)
                0x0000000008007868                __sfp
 .text._fwalk_reent
                0x00000000080078f4       0x3e c:/st/stm32cubeide_1.12.0/stm32cubeide/plugins/com.st.stm32cube.ide.mcu.externaltools.gnu-tools-for-stm32.10.3-2021.10.win32_1.0.200.202301161003/tools/bin/../lib/gcc/arm-none-eabi/10.3.1/../../../../arm-none-eabi/lib/thumb/v7e-m+fp/softfp\libc_nano.a(lib_a-fwalk.o)
                0x00000000080078f4                _fwalk_reent
 .text.__retarget_lock_init_recursive
                0x0000000008007932        0x2 c:/st/stm32cubeide_1.12.0/stm32cubeide/plugins/com.st.stm32cube.ide.mcu.externaltools.gnu-tools-for-stm32.10.3-2021.10.win32_1.0.200.202301161003/tools/bin/../lib/gcc/arm-none-eabi/10.3.1/../../../../arm-none-eabi/lib/thumb/v7e-m+fp/softfp\libc_nano.a(lib_a-lock.o)
                0x0000000008007932                __retarget_lock_init_recursive
 .text.__retarget_lock_acquire_recursive
                0x0000000008007934        0x2 c:/st/stm32cubeide_1.12.0/stm32cubeide/plugins/com.st.stm32cube.ide.mcu.externaltools.gnu-tools-for-stm32.10.3-2021.10.win32_1.0.200.202301161003/tools/bin/../lib/gcc/arm-none-eabi/10.3.1/../../../../arm-none-eabi/lib/thumb/v7e-m+fp/softfp\libc_nano.a(lib_a-lock.o)
                0x0000000008007934                __retarget_lock_acquire_recursive
 .text.__retarget_lock_release_recursive
                0x0000000008007936        0x2 c:/st/stm32cubeide_1.12.0/stm32cubeide/plugins/com.st.stm32cube.ide.mcu.externaltools.gnu-tools-for-stm32.10.3-2021.10.win32_1.0.200.202301161003/tools/bin/../lib/gcc/arm-none-eabi/10.3.1/../../../../arm-none-eabi/lib/thumb/v7e-m+fp/softfp\libc_nano.a(lib_a-lock.o)
                0x0000000008007936                __retarget_lock_release_recursive
 .text.__swhatbuf_r
                0x0000000008007938       0x4a c:/st/stm32cubeide_1.12.0/stm32cubeide/plugins/com.st.stm32cube.ide.mcu.externaltools.gnu-tools-for-stm32.10.3-2021.10.win32_1.0.200.202301161003/tools/bin/../lib/gcc/arm-none-eabi/10.3.1/../../../../arm-none-eabi/lib/thumb/v7e-m+fp/softfp\libc_nano.a(lib_a-makebuf.o)
                0x0000000008007938                __swhatbuf_r
 *fill*         0x0000000008007982        0x2 
 .text.__smakebuf_r
                0x0000000008007984       0x80 c:/st/stm32cubeide_1.12.0/stm32cubeide/plugins/com.st.stm32cube.ide.mcu.externaltools.gnu-tools-for-stm32.10.3-2021.10.win32_1.0.200.202301161003/tools/bin/../lib/gcc/arm-none-eabi/10.3.1/../../../../arm-none-eabi/lib/thumb/v7e-m+fp/softfp\libc_nano.a(lib_a-makebuf.o)
                0x0000000008007984                __smakebuf_r
 .text._malloc_usable_size_r
                0x0000000008007a04       0x10 c:/st/stm32cubeide_1.12.0/stm32cubeide/plugins/com.st.stm32cube.ide.mcu.externaltools.gnu-tools-for-stm32.10.3-2021.10.win32_1.0.200.202301161003/tools/bin/../lib/gcc/arm-none-eabi/10.3.1/../../../../arm-none-eabi/lib/thumb/v7e-m+fp/softfp\libc_nano.a(lib_a-nano-msizer.o)
                0x0000000008007a04                _malloc_usable_size_r
 .text._raise_r
                0x0000000008007a14       0x50 c:/st/stm32cubeide_1.12.0/stm32cubeide/plugins/com.st.stm32cube.ide.mcu.externaltools.gnu-tools-for-stm32.10.3-2021.10.win32_1.0.200.202301161003/tools/bin/../lib/gcc/arm-none-eabi/10.3.1/../../../../arm-none-eabi/lib/thumb/v7e-m+fp/softfp\libc_nano.a(lib_a-signal.o)
                0x0000000008007a14                _raise_r
 .text.raise    0x0000000008007a64       0x10 c:/st/stm32cubeide_1.12.0/stm32cubeide/plugins/com.st.stm32cube.ide.mcu.externaltools.gnu-tools-for-stm32.10.3-2021.10.win32_1.0.200.202301161003/tools/bin/../lib/gcc/arm-none-eabi/10.3.1/../../../../arm-none-eabi/lib/thumb/v7e-m+fp/softfp\libc_nano.a(lib_a-signal.o)
                0x0000000008007a64                raise
 .text._kill_r  0x0000000008007a74       0x24 c:/st/stm32cubeide_1.12.0/stm32cubeide/plugins/com.st.stm32cube.ide.mcu.externaltools.gnu-tools-for-stm32.10.3-2021.10.win32_1.0.200.202301161003/tools/bin/../lib/gcc/arm-none-eabi/10.3.1/../../../../arm-none-eabi/lib/thumb/v7e-m+fp/softfp\libc_nano.a(lib_a-signalr.o)
                0x0000000008007a74                _kill_r
 .text._getpid_r
                0x0000000008007a98        0x4 c:/st/stm32cubeide_1.12.0/stm32cubeide/plugins/com.st.stm32cube.ide.mcu.externaltools.gnu-tools-for-stm32.10.3-2021.10.win32_1.0.200.202301161003/tools/bin/../lib/gcc/arm-none-eabi/10.3.1/../../../../arm-none-eabi/lib/thumb/v7e-m+fp/softfp\libc_nano.a(lib_a-signalr.o)
                0x0000000008007a98                _getpid_r
 .text.__sread  0x0000000008007a9c       0x22 c:/st/stm32cubeide_1.12.0/stm32cubeide/plugins/com.st.stm32cube.ide.mcu.externaltools.gnu-tools-for-stm32.10.3-2021.10.win32_1.0.200.202301161003/tools/bin/../lib/gcc/arm-none-eabi/10.3.1/../../../../arm-none-eabi/lib/thumb/v7e-m+fp/softfp\libc_nano.a(lib_a-stdio.o)
                0x0000000008007a9c                __sread
 .text.__swrite
                0x0000000008007abe       0x38 c:/st/stm32cubeide_1.12.0/stm32cubeide/plugins/com.st.stm32cube.ide.mcu.externaltools.gnu-tools-for-stm32.10.3-2021.10.win32_1.0.200.202301161003/tools/bin/../lib/gcc/arm-none-eabi/10.3.1/../../../../arm-none-eabi/lib/thumb/v7e-m+fp/softfp\libc_nano.a(lib_a-stdio.o)
                0x0000000008007abe                __swrite
 .text.__sseek  0x0000000008007af6       0x24 c:/st/stm32cubeide_1.12.0/stm32cubeide/plugins/com.st.stm32cube.ide.mcu.externaltools.gnu-tools-for-stm32.10.3-2021.10.win32_1.0.200.202301161003/tools/bin/../lib/gcc/arm-none-eabi/10.3.1/../../../../arm-none-eabi/lib/thumb/v7e-m+fp/softfp\libc_nano.a(lib_a-stdio.o)
                0x0000000008007af6                __sseek
 .text.__sclose
                0x0000000008007b1a        0x8 c:/st/stm32cubeide_1.12.0/stm32cubeide/plugins/com.st.stm32cube.ide.mcu.externaltools.gnu-tools-for-stm32.10.3-2021.10.win32_1.0.200.202301161003/tools/bin/../lib/gcc/arm-none-eabi/10.3.1/../../../../arm-none-eabi/lib/thumb/v7e-m+fp/softfp\libc_nano.a(lib_a-stdio.o)
                0x0000000008007b1a                __sclose
 *fill*         0x0000000008007b22        0x2 
 .text._write_r
                0x0000000008007b24       0x24 c:/st/stm32cubeide_1.12.0/stm32cubeide/plugins/com.st.stm32cube.ide.mcu.externaltools.gnu-tools-for-stm32.10.3-2021.10.win32_1.0.200.202301161003/tools/bin/../lib/gcc/arm-none-eabi/10.3.1/../../../../arm-none-eabi/lib/thumb/v7e-m+fp/softfp\libc_nano.a(lib_a-writer.o)
                0x0000000008007b24                _write_r
 .text._close_r
                0x0000000008007b48       0x20 c:/st/stm32cubeide_1.12.0/stm32cubeide/plugins/com.st.stm32cube.ide.mcu.externaltools.gnu-tools-for-stm32.10.3-2021.10.win32_1.0.200.202301161003/tools/bin/../lib/gcc/arm-none-eabi/10.3.1/../../../../arm-none-eabi/lib/thumb/v7e-m+fp/softfp\libc_nano.a(lib_a-closer.o)
                0x0000000008007b48                _close_r
 .text._fstat_r
                0x0000000008007b68       0x24 c:/st/stm32cubeide_1.12.0/stm32cubeide/plugins/com.st.stm32cube.ide.mcu.externaltools.gnu-tools-for-stm32.10.3-2021.10.win32_1.0.200.202301161003/tools/bin/../lib/gcc/arm-none-eabi/10.3.1/../../../../arm-none-eabi/lib/thumb/v7e-m+fp/softfp\libc_nano.a(lib_a-fstatr.o)
                0x0000000008007b68                _fstat_r
 .text._isatty_r
                0x0000000008007b8c       0x20 c:/st/stm32cubeide_1.12.0/stm32cubeide/plugins/com.st.stm32cube.ide.mcu.externaltools.gnu-tools-for-stm32.10.3-2021.10.win32_1.0.200.202301161003/tools/bin/../lib/gcc/arm-none-eabi/10.3.1/../../../../arm-none-eabi/lib/thumb/v7e-m+fp/softfp\libc_nano.a(lib_a-isattyr.o)
                0x0000000008007b8c                _isatty_r
 .text._lseek_r
                0x0000000008007bac       0x24 c:/st/stm32cubeide_1.12.0/stm32cubeide/plugins/com.st.stm32cube.ide.mcu.externaltools.gnu-tools-for-stm32.10.3-2021.10.win32_1.0.200.202301161003/tools/bin/../lib/gcc/arm-none-eabi/10.3.1/../../../../arm-none-eabi/lib/thumb/v7e-m+fp/softfp\libc_nano.a(lib_a-lseekr.o)
                0x0000000008007bac                _lseek_r
 .text._read_r  0x0000000008007bd0       0x24 c:/st/stm32cubeide_1.12.0/stm32cubeide/plugins/com.st.stm32cube.ide.mcu.externaltools.gnu-tools-for-stm32.10.3-2021.10.win32_1.0.200.202301161003/tools/bin/../lib/gcc/arm-none-eabi/10.3.1/../../../../arm-none-eabi/lib/thumb/v7e-m+fp/softfp\libc_nano.a(lib_a-readr.o)
                0x0000000008007bd0                _read_r
 *fill*         0x0000000008007bf4        0x4 
 .text.atan     0x0000000008007bf8      0x320 c:/st/stm32cubeide_1.12.0/stm32cubeide/plugins/com.st.stm32cube.ide.mcu.externaltools.gnu-tools-for-stm32.10.3-2021.10.win32_1.0.200.202301161003/tools/bin/../lib/gcc/arm-none-eabi/10.3.1/../../../../arm-none-eabi/lib/thumb/v7e-m+fp/softfp\libm.a(lib_a-s_atan.o)
                0x0000000008007bf8                atan
 .text.cos      0x0000000008007f18       0x8c c:/st/stm32cubeide_1.12.0/stm32cubeide/plugins/com.st.stm32cube.ide.mcu.externaltools.gnu-tools-for-stm32.10.3-2021.10.win32_1.0.200.202301161003/tools/bin/../lib/gcc/arm-none-eabi/10.3.1/../../../../arm-none-eabi/lib/thumb/v7e-m+fp/softfp\libm.a(lib_a-s_cos.o)
                0x0000000008007f18                cos
 .text.fabs     0x0000000008007fa4        0x6 c:/st/stm32cubeide_1.12.0/stm32cubeide/plugins/com.st.stm32cube.ide.mcu.externaltools.gnu-tools-for-stm32.10.3-2021.10.win32_1.0.200.202301161003/tools/bin/../lib/gcc/arm-none-eabi/10.3.1/../../../../arm-none-eabi/lib/thumb/v7e-m+fp/softfp\libm.a(lib_a-s_fabs.o)
                0x0000000008007fa4                fabs
 .text.lround   0x0000000008007faa       0x84 c:/st/stm32cubeide_1.12.0/stm32cubeide/plugins/com.st.stm32cube.ide.mcu.externaltools.gnu-tools-for-stm32.10.3-2021.10.win32_1.0.200.202301161003/tools/bin/../lib/gcc/arm-none-eabi/10.3.1/../../../../arm-none-eabi/lib/thumb/v7e-m+fp/softfp\libm.a(lib_a-s_lround.o)
                0x0000000008007faa                lround
 *fill*         0x000000000800802e        0x2 
 .text.sin      0x0000000008008030       0x8c c:/st/stm32cubeide_1.12.0/stm32cubeide/plugins/com.st.stm32cube.ide.mcu.externaltools.gnu-tools-for-stm32.10.3-2021.10.win32_1.0.200.202301161003/tools/bin/../lib/gcc/arm-none-eabi/10.3.1/../../../../arm-none-eabi/lib/thumb/v7e-m+fp/softfp\libm.a(lib_a-s_sin.o)
                0x0000000008008030                sin
 *fill*         0x00000000080080bc        0x4 
 .text.__ieee754_rem_pio2
                0x00000000080080c0      0x400 c:/st/stm32cubeide_1.12.0/stm32cubeide/plugins/com.st.stm32cube.ide.mcu.externaltools.gnu-tools-for-stm32.10.3-2021.10.win32_1.0.200.202301161003/tools/bin/../lib/gcc/arm-none-eabi/10.3.1/../../../../arm-none-eabi/lib/thumb/v7e-m+fp/softfp\libm.a(lib_a-e_rem_pio2.o)
                0x00000000080080c0                __ieee754_rem_pio2
 .text.__kernel_cos
                0x00000000080084c0      0x17c c:/st/stm32cubeide_1.12.0/stm32cubeide/plugins/com.st.stm32cube.ide.mcu.externaltools.gnu-tools-for-stm32.10.3-2021.10.win32_1.0.200.202301161003/tools/bin/../lib/gcc/arm-none-eabi/10.3.1/../../../../arm-none-eabi/lib/thumb/v7e-m+fp/softfp\libm.a(lib_a-k_cos.o)
                0x00000000080084c0                __kernel_cos
 *fill*         0x000000000800863c        0x4 
 .text.__kernel_rem_pio2
                0x0000000008008640      0x684 c:/st/stm32cubeide_1.12.0/stm32cubeide/plugins/com.st.stm32cube.ide.mcu.externaltools.gnu-tools-for-stm32.10.3-2021.10.win32_1.0.200.202301161003/tools/bin/../lib/gcc/arm-none-eabi/10.3.1/../../../../arm-none-eabi/lib/thumb/v7e-m+fp/softfp\libm.a(lib_a-k_rem_pio2.o)
                0x0000000008008640                __kernel_rem_pio2
 *fill*         0x0000000008008cc4        0x4 
 .text.__kernel_sin
                0x0000000008008cc8      0x16c c:/st/stm32cubeide_1.12.0/stm32cubeide/plugins/com.st.stm32cube.ide.mcu.externaltools.gnu-tools-for-stm32.10.3-2021.10.win32_1.0.200.202301161003/tools/bin/../lib/gcc/arm-none-eabi/10.3.1/../../../../arm-none-eabi/lib/thumb/v7e-m+fp/softfp\libm.a(lib_a-k_sin.o)
                0x0000000008008cc8                __kernel_sin
 *fill*         0x0000000008008e34        0x4 
 .text.floor    0x0000000008008e38      0x100 c:/st/stm32cubeide_1.12.0/stm32cubeide/plugins/com.st.stm32cube.ide.mcu.externaltools.gnu-tools-for-stm32.10.3-2021.10.win32_1.0.200.202301161003/tools/bin/../lib/gcc/arm-none-eabi/10.3.1/../../../../arm-none-eabi/lib/thumb/v7e-m+fp/softfp\libm.a(lib_a-s_floor.o)
                0x0000000008008e38                floor
 .text.scalbn   0x0000000008008f38      0x104 c:/st/stm32cubeide_1.12.0/stm32cubeide/plugins/com.st.stm32cube.ide.mcu.externaltools.gnu-tools-for-stm32.10.3-2021.10.win32_1.0.200.202301161003/tools/bin/../lib/gcc/arm-none-eabi/10.3.1/../../../../arm-none-eabi/lib/thumb/v7e-m+fp/softfp\libm.a(lib_a-s_scalbn.o)
                0x0000000008008f38                scalbn
 *(.glue_7)
 .glue_7        0x000000000800903c        0x0 linker stubs
 *(.glue_7t)
 .glue_7t       0x000000000800903c        0x0 linker stubs
 *(.eh_frame)
 .eh_frame      0x000000000800903c        0x0 c:/st/stm32cubeide_1.12.0/stm32cubeide/plugins/com.st.stm32cube.ide.mcu.externaltools.gnu-tools-for-stm32.10.3-2021.10.win32_1.0.200.202301161003/tools/bin/../lib/gcc/arm-none-eabi/10.3.1/thumb/v7e-m+fp/softfp/crtbegin.o
 *(.init)
 .init          0x000000000800903c        0x4 c:/st/stm32cubeide_1.12.0/stm32cubeide/plugins/com.st.stm32cube.ide.mcu.externaltools.gnu-tools-for-stm32.10.3-2021.10.win32_1.0.200.202301161003/tools/bin/../lib/gcc/arm-none-eabi/10.3.1/thumb/v7e-m+fp/softfp/crti.o
                0x000000000800903c                _init
 .init          0x0000000008009040        0x8 c:/st/stm32cubeide_1.12.0/stm32cubeide/plugins/com.st.stm32cube.ide.mcu.externaltools.gnu-tools-for-stm32.10.3-2021.10.win32_1.0.200.202301161003/tools/bin/../lib/gcc/arm-none-eabi/10.3.1/thumb/v7e-m+fp/softfp/crtn.o
 *(.fini)
 .fini          0x0000000008009048        0x4 c:/st/stm32cubeide_1.12.0/stm32cubeide/plugins/com.st.stm32cube.ide.mcu.externaltools.gnu-tools-for-stm32.10.3-2021.10.win32_1.0.200.202301161003/tools/bin/../lib/gcc/arm-none-eabi/10.3.1/thumb/v7e-m+fp/softfp/crti.o
                0x0000000008009048                _fini
 .fini          0x000000000800904c        0x8 c:/st/stm32cubeide_1.12.0/stm32cubeide/plugins/com.st.stm32cube.ide.mcu.externaltools.gnu-tools-for-stm32.10.3-2021.10.win32_1.0.200.202301161003/tools/bin/../lib/gcc/arm-none-eabi/10.3.1/thumb/v7e-m+fp/softfp/crtn.o
                0x0000000008009054                . = ALIGN (0x4)
                0x0000000008009054                _etext = .

.vfp11_veneer   0x0000000008009054        0x0
 .vfp11_veneer  0x0000000008009054        0x0 linker stubs

.v4_bx          0x0000000008009054        0x0
 .v4_bx         0x0000000008009054        0x0 linker stubs

.iplt           0x0000000008009054        0x0
 .iplt          0x0000000008009054        0x0 c:/st/stm32cubeide_1.12.0/stm32cubeide/plugins/com.st.stm32cube.ide.mcu.externaltools.gnu-tools-for-stm32.10.3-2021.10.win32_1.0.200.202301161003/tools/bin/../lib/gcc/arm-none-eabi/10.3.1/thumb/v7e-m+fp/softfp/crtbegin.o

.rodata         0x0000000008009058      0xc30
                0x0000000008009058                . = ALIGN (0x4)
 *(.rodata)
 .rodata        0x0000000008009058      0x103 ./Src/main.o
 *(.rodata*)
 *fill*         0x000000000800915b        0x1 
 .rodata.a_midxyl.0
                0x000000000800915c        0x6 ./Src/xyzScope.o
 *fill*         0x0000000008009162        0x2 
 .rodata.b_midxyl.1
                0x0000000008009164        0x6 ./Src/xyzScope.o
 *fill*         0x000000000800916a        0x2 
 .rodata.oszi.2
                0x000000000800916c        0x6 ./Src/xyzScope.o
 *fill*         0x0000000008009172        0x2 
 .rodata.SmallFont
                0x0000000008009174      0x478 D:\GITHUB\STM32\EDS_2023\Balancer\Debug\libBalancer.a(ST7735.o)
                0x0000000008009174                SmallFont
 .rodata.Rcmd1  0x00000000080095ec       0x3c D:\GITHUB\STM32\EDS_2023\Balancer\Debug\libBalancer.a(ST7735.o)
 .rodata.Rcmd2green
                0x0000000008009628        0xd D:\GITHUB\STM32\EDS_2023\Balancer\Debug\libBalancer.a(ST7735.o)
 *fill*         0x0000000008009635        0x3 
 .rodata.Rcmd2red
                0x0000000008009638        0xd D:\GITHUB\STM32\EDS_2023\Balancer\Debug\libBalancer.a(ST7735.o)
 *fill*         0x0000000008009645        0x3 
 .rodata.Rcmd3  0x0000000008009648       0x2b D:\GITHUB\STM32\EDS_2023\Balancer\Debug\libBalancer.a(ST7735.o)
 *fill*         0x0000000008009673        0x1 
 .rodata.APBAHBPrescTable
                0x0000000008009674       0x10 D:\GITHUB\STM32\EDS_2023\MCAL_F40x\Debug\libMCAL.a(mcalRCC.o)
                0x0000000008009674                APBAHBPrescTable
 .rodata.AHBPrescTable
                0x0000000008009684       0x10 D:\GITHUB\STM32\EDS_2023\MCAL_F40x\Debug\libMCAL.a(system_stm32f4xx.o)
                0x0000000008009684                AHBPrescTable
 .rodata._global_impure_ptr
                0x0000000008009694        0x4 c:/st/stm32cubeide_1.12.0/stm32cubeide/plugins/com.st.stm32cube.ide.mcu.externaltools.gnu-tools-for-stm32.10.3-2021.10.win32_1.0.200.202301161003/tools/bin/../lib/gcc/arm-none-eabi/10.3.1/../../../../arm-none-eabi/lib/thumb/v7e-m+fp/softfp\libc_nano.a(lib_a-impure.o)
                0x0000000008009694                _global_impure_ptr
 .rodata._printf_float.str1.1
                0x0000000008009698       0x12 c:/st/stm32cubeide_1.12.0/stm32cubeide/plugins/com.st.stm32cube.ide.mcu.externaltools.gnu-tools-for-stm32.10.3-2021.10.win32_1.0.200.202301161003/tools/bin/../lib/gcc/arm-none-eabi/10.3.1/../../../../arm-none-eabi/lib/thumb/v7e-m+fp/softfp\libc_nano.a(lib_a-nano-vfprintf_float.o)
 .rodata._printf_i.str1.1
                0x00000000080096aa       0x22 c:/st/stm32cubeide_1.12.0/stm32cubeide/plugins/com.st.stm32cube.ide.mcu.externaltools.gnu-tools-for-stm32.10.3-2021.10.win32_1.0.200.202301161003/tools/bin/../lib/gcc/arm-none-eabi/10.3.1/../../../../arm-none-eabi/lib/thumb/v7e-m+fp/softfp\libc_nano.a(lib_a-nano-vfprintf_i.o)
 .rodata._dtoa_r.str1.1
                0x00000000080096cc       0x90 c:/st/stm32cubeide_1.12.0/stm32cubeide/plugins/com.st.stm32cube.ide.mcu.externaltools.gnu-tools-for-stm32.10.3-2021.10.win32_1.0.200.202301161003/tools/bin/../lib/gcc/arm-none-eabi/10.3.1/../../../../arm-none-eabi/lib/thumb/v7e-m+fp/softfp\libc_nano.a(lib_a-dtoa.o)
                                         0x92 (size before relaxing)
 .rodata._Balloc.str1.1
                0x000000000800975c       0x5c c:/st/stm32cubeide_1.12.0/stm32cubeide/plugins/com.st.stm32cube.ide.mcu.externaltools.gnu-tools-for-stm32.10.3-2021.10.win32_1.0.200.202301161003/tools/bin/../lib/gcc/arm-none-eabi/10.3.1/../../../../arm-none-eabi/lib/thumb/v7e-m+fp/softfp\libc_nano.a(lib_a-mprec.o)
                                         0x73 (size before relaxing)
 .rodata.__multadd.str1.1
                0x00000000080097b8       0x11 c:/st/stm32cubeide_1.12.0/stm32cubeide/plugins/com.st.stm32cube.ide.mcu.externaltools.gnu-tools-for-stm32.10.3-2021.10.win32_1.0.200.202301161003/tools/bin/../lib/gcc/arm-none-eabi/10.3.1/../../../../arm-none-eabi/lib/thumb/v7e-m+fp/softfp\libc_nano.a(lib_a-mprec.o)
 .rodata.__mprec_bigtens
                0x00000000080097b8       0x28 c:/st/stm32cubeide_1.12.0/stm32cubeide/plugins/com.st.stm32cube.ide.mcu.externaltools.gnu-tools-for-stm32.10.3-2021.10.win32_1.0.200.202301161003/tools/bin/../lib/gcc/arm-none-eabi/10.3.1/../../../../arm-none-eabi/lib/thumb/v7e-m+fp/softfp\libc_nano.a(lib_a-mprec.o)
                0x00000000080097b8                __mprec_bigtens
 .rodata.__mprec_tens
                0x00000000080097e0       0xc8 c:/st/stm32cubeide_1.12.0/stm32cubeide/plugins/com.st.stm32cube.ide.mcu.externaltools.gnu-tools-for-stm32.10.3-2021.10.win32_1.0.200.202301161003/tools/bin/../lib/gcc/arm-none-eabi/10.3.1/../../../../arm-none-eabi/lib/thumb/v7e-m+fp/softfp\libc_nano.a(lib_a-mprec.o)
                0x00000000080097e0                __mprec_tens
 .rodata.p05.0  0x00000000080098a8        0xc c:/st/stm32cubeide_1.12.0/stm32cubeide/plugins/com.st.stm32cube.ide.mcu.externaltools.gnu-tools-for-stm32.10.3-2021.10.win32_1.0.200.202301161003/tools/bin/../lib/gcc/arm-none-eabi/10.3.1/../../../../arm-none-eabi/lib/thumb/v7e-m+fp/softfp\libc_nano.a(lib_a-mprec.o)
 .rodata._svfprintf_r.str1.1
                0x00000000080098b4       0x11 c:/st/stm32cubeide_1.12.0/stm32cubeide/plugins/com.st.stm32cube.ide.mcu.externaltools.gnu-tools-for-stm32.10.3-2021.10.win32_1.0.200.202301161003/tools/bin/../lib/gcc/arm-none-eabi/10.3.1/../../../../arm-none-eabi/lib/thumb/v7e-m+fp/softfp\libc_nano.a(lib_a-nano-svfprintf.o)
 .rodata.__assert_func.str1.1
                0x00000000080098c5       0x3c c:/st/stm32cubeide_1.12.0/stm32cubeide/plugins/com.st.stm32cube.ide.mcu.externaltools.gnu-tools-for-stm32.10.3-2021.10.win32_1.0.200.202301161003/tools/bin/../lib/gcc/arm-none-eabi/10.3.1/../../../../arm-none-eabi/lib/thumb/v7e-m+fp/softfp\libc_nano.a(lib_a-assert.o)
                                         0x3d (size before relaxing)
 .rodata._setlocale_r.str1.1
                0x0000000008009901        0x8 c:/st/stm32cubeide_1.12.0/stm32cubeide/plugins/com.st.stm32cube.ide.mcu.externaltools.gnu-tools-for-stm32.10.3-2021.10.win32_1.0.200.202301161003/tools/bin/../lib/gcc/arm-none-eabi/10.3.1/../../../../arm-none-eabi/lib/thumb/v7e-m+fp/softfp\libc_nano.a(lib_a-locale.o)
                                          0x9 (size before relaxing)
 .rodata.str1.1
                0x0000000008009909        0x2 c:/st/stm32cubeide_1.12.0/stm32cubeide/plugins/com.st.stm32cube.ide.mcu.externaltools.gnu-tools-for-stm32.10.3-2021.10.win32_1.0.200.202301161003/tools/bin/../lib/gcc/arm-none-eabi/10.3.1/../../../../arm-none-eabi/lib/thumb/v7e-m+fp/softfp\libc_nano.a(lib_a-locale.o)
 .rodata._vfprintf_r.str1.1
                0x000000000800990b       0x11 c:/st/stm32cubeide_1.12.0/stm32cubeide/plugins/com.st.stm32cube.ide.mcu.externaltools.gnu-tools-for-stm32.10.3-2021.10.win32_1.0.200.202301161003/tools/bin/../lib/gcc/arm-none-eabi/10.3.1/../../../../arm-none-eabi/lib/thumb/v7e-m+fp/softfp\libc_nano.a(lib_a-nano-vfprintf.o)
 .rodata._ctype_
                0x000000000800990b      0x101 c:/st/stm32cubeide_1.12.0/stm32cubeide/plugins/com.st.stm32cube.ide.mcu.externaltools.gnu-tools-for-stm32.10.3-2021.10.win32_1.0.200.202301161003/tools/bin/../lib/gcc/arm-none-eabi/10.3.1/../../../../arm-none-eabi/lib/thumb/v7e-m+fp/softfp\libc_nano.a(lib_a-ctype_.o)
                0x000000000800990b                _ctype_
 .rodata.__sf_fake_stderr
                0x0000000008009a0c       0x20 c:/st/stm32cubeide_1.12.0/stm32cubeide/plugins/com.st.stm32cube.ide.mcu.externaltools.gnu-tools-for-stm32.10.3-2021.10.win32_1.0.200.202301161003/tools/bin/../lib/gcc/arm-none-eabi/10.3.1/../../../../arm-none-eabi/lib/thumb/v7e-m+fp/softfp\libc_nano.a(lib_a-findfp.o)
                0x0000000008009a0c                __sf_fake_stderr
 .rodata.__sf_fake_stdin
                0x0000000008009a2c       0x20 c:/st/stm32cubeide_1.12.0/stm32cubeide/plugins/com.st.stm32cube.ide.mcu.externaltools.gnu-tools-for-stm32.10.3-2021.10.win32_1.0.200.202301161003/tools/bin/../lib/gcc/arm-none-eabi/10.3.1/../../../../arm-none-eabi/lib/thumb/v7e-m+fp/softfp\libc_nano.a(lib_a-findfp.o)
                0x0000000008009a2c                __sf_fake_stdin
 .rodata.__sf_fake_stdout
                0x0000000008009a4c       0x20 c:/st/stm32cubeide_1.12.0/stm32cubeide/plugins/com.st.stm32cube.ide.mcu.externaltools.gnu-tools-for-stm32.10.3-2021.10.win32_1.0.200.202301161003/tools/bin/../lib/gcc/arm-none-eabi/10.3.1/../../../../arm-none-eabi/lib/thumb/v7e-m+fp/softfp\libc_nano.a(lib_a-findfp.o)
                0x0000000008009a4c                __sf_fake_stdout
 *fill*         0x0000000008009a6c        0x4 
 .rodata.atanhi
                0x0000000008009a70       0x20 c:/st/stm32cubeide_1.12.0/stm32cubeide/plugins/com.st.stm32cube.ide.mcu.externaltools.gnu-tools-for-stm32.10.3-2021.10.win32_1.0.200.202301161003/tools/bin/../lib/gcc/arm-none-eabi/10.3.1/../../../../arm-none-eabi/lib/thumb/v7e-m+fp/softfp\libm.a(lib_a-s_atan.o)
 .rodata.atanlo
                0x0000000008009a90       0x20 c:/st/stm32cubeide_1.12.0/stm32cubeide/plugins/com.st.stm32cube.ide.mcu.externaltools.gnu-tools-for-stm32.10.3-2021.10.win32_1.0.200.202301161003/tools/bin/../lib/gcc/arm-none-eabi/10.3.1/../../../../arm-none-eabi/lib/thumb/v7e-m+fp/softfp\libm.a(lib_a-s_atan.o)
 .rodata.npio2_hw
                0x0000000008009ab0       0x80 c:/st/stm32cubeide_1.12.0/stm32cubeide/plugins/com.st.stm32cube.ide.mcu.externaltools.gnu-tools-for-stm32.10.3-2021.10.win32_1.0.200.202301161003/tools/bin/../lib/gcc/arm-none-eabi/10.3.1/../../../../arm-none-eabi/lib/thumb/v7e-m+fp/softfp\libm.a(lib_a-e_rem_pio2.o)
 .rodata.two_over_pi
                0x0000000008009b30      0x108 c:/st/stm32cubeide_1.12.0/stm32cubeide/plugins/com.st.stm32cube.ide.mcu.externaltools.gnu-tools-for-stm32.10.3-2021.10.win32_1.0.200.202301161003/tools/bin/../lib/gcc/arm-none-eabi/10.3.1/../../../../arm-none-eabi/lib/thumb/v7e-m+fp/softfp\libm.a(lib_a-e_rem_pio2.o)
 .rodata.PIo2   0x0000000008009c38       0x40 c:/st/stm32cubeide_1.12.0/stm32cubeide/plugins/com.st.stm32cube.ide.mcu.externaltools.gnu-tools-for-stm32.10.3-2021.10.win32_1.0.200.202301161003/tools/bin/../lib/gcc/arm-none-eabi/10.3.1/../../../../arm-none-eabi/lib/thumb/v7e-m+fp/softfp\libm.a(lib_a-k_rem_pio2.o)
 .rodata.init_jk
                0x0000000008009c78       0x10 c:/st/stm32cubeide_1.12.0/stm32cubeide/plugins/com.st.stm32cube.ide.mcu.externaltools.gnu-tools-for-stm32.10.3-2021.10.win32_1.0.200.202301161003/tools/bin/../lib/gcc/arm-none-eabi/10.3.1/../../../../arm-none-eabi/lib/thumb/v7e-m+fp/softfp\libm.a(lib_a-k_rem_pio2.o)
                0x0000000008009c88                . = ALIGN (0x4)

.ARM.extab      0x0000000008009c88        0x0
                0x0000000008009c88                . = ALIGN (0x4)
 *(.ARM.extab* .gnu.linkonce.armextab.*)
                0x0000000008009c88                . = ALIGN (0x4)

.ARM            0x0000000008009c88        0x8
                0x0000000008009c88                . = ALIGN (0x4)
                0x0000000008009c88                __exidx_start = .
 *(.ARM.exidx*)
 .ARM.exidx     0x0000000008009c88        0x8 c:/st/stm32cubeide_1.12.0/stm32cubeide/plugins/com.st.stm32cube.ide.mcu.externaltools.gnu-tools-for-stm32.10.3-2021.10.win32_1.0.200.202301161003/tools/bin/../lib/gcc/arm-none-eabi/10.3.1/thumb/v7e-m+fp/softfp\libgcc.a(_udivmoddi4.o)
                0x0000000008009c90                __exidx_end = .
                0x0000000008009c90                . = ALIGN (0x4)

.rel.dyn        0x0000000008009c90        0x0
 .rel.iplt      0x0000000008009c90        0x0 c:/st/stm32cubeide_1.12.0/stm32cubeide/plugins/com.st.stm32cube.ide.mcu.externaltools.gnu-tools-for-stm32.10.3-2021.10.win32_1.0.200.202301161003/tools/bin/../lib/gcc/arm-none-eabi/10.3.1/thumb/v7e-m+fp/softfp/crtbegin.o

.preinit_array  0x0000000008009c90        0x0
                0x0000000008009c90                . = ALIGN (0x4)
                0x0000000008009c90                PROVIDE (__preinit_array_start = .)
 *(.preinit_array*)
                0x0000000008009c90                PROVIDE (__preinit_array_end = .)
                0x0000000008009c90                . = ALIGN (0x4)

.init_array     0x0000000008009c90        0x4
                0x0000000008009c90                . = ALIGN (0x4)
                0x0000000008009c90                PROVIDE (__init_array_start = .)
 *(SORT_BY_NAME(.init_array.*))
 *(.init_array*)
 .init_array    0x0000000008009c90        0x4 c:/st/stm32cubeide_1.12.0/stm32cubeide/plugins/com.st.stm32cube.ide.mcu.externaltools.gnu-tools-for-stm32.10.3-2021.10.win32_1.0.200.202301161003/tools/bin/../lib/gcc/arm-none-eabi/10.3.1/thumb/v7e-m+fp/softfp/crtbegin.o
                0x0000000008009c94                PROVIDE (__init_array_end = .)
                0x0000000008009c94                . = ALIGN (0x4)

.fini_array     0x0000000008009c94        0x4
                0x0000000008009c94                . = ALIGN (0x4)
                [!provide]                        PROVIDE (__fini_array_start = .)
 *(SORT_BY_NAME(.fini_array.*))
 *(.fini_array*)
 .fini_array    0x0000000008009c94        0x4 c:/st/stm32cubeide_1.12.0/stm32cubeide/plugins/com.st.stm32cube.ide.mcu.externaltools.gnu-tools-for-stm32.10.3-2021.10.win32_1.0.200.202301161003/tools/bin/../lib/gcc/arm-none-eabi/10.3.1/thumb/v7e-m+fp/softfp/crtbegin.o
                [!provide]                        PROVIDE (__fini_array_end = .)
                0x0000000008009c98                . = ALIGN (0x4)
                0x0000000008009c98                _sidata = LOADADDR (.data)

.data           0x0000000020000000      0x204 load address 0x0000000008009c98
                0x0000000020000000                . = ALIGN (0x4)
                0x0000000020000000                _sdata = .
 *(.data)
 *(.data*)
 .data.RFIDcmd_LEDon
                0x0000000020000000        0x3 ./Src/i2cDeivces.o
                0x0000000020000000                RFIDcmd_LEDon
 *fill*         0x0000000020000003        0x1 
 .data.RFIDcmd_LEDoff
                0x0000000020000004        0x3 ./Src/i2cDeivces.o
                0x0000000020000004                RFIDcmd_LEDoff
 *fill*         0x0000000020000007        0x1 
 .data.RFIDcmd_getFirmwareVersion
                0x0000000020000008        0x2 ./Src/i2cDeivces.o
                0x0000000020000008                RFIDcmd_getFirmwareVersion
 *fill*         0x000000002000000a        0x2 
 .data.RFIDcmd_getMifareUID
                0x000000002000000c        0x2 ./Src/i2cDeivces.o
                0x000000002000000c                RFIDcmd_getMifareUID
 .data.step.3   0x000000002000000e        0x1 ./Src/i2cDeivces.o
 .data.step.2   0x000000002000000f        0x1 ./Src/i2cDeivces.o
 .data.step.0   0x0000000020000010        0x1 ./Src/i2cDeivces.o
 .data.testmode.2
                0x0000000020000011        0x1 ./Src/main.o
 *fill*         0x0000000020000012        0x2 
 .data.yPos.1   0x0000000020000014        0x8 ./Src/main.o
 .data.xPos.0   0x000000002000001c        0x8 ./Src/main.o
 .data.width    0x0000000020000024        0x2 D:\GITHUB\STM32\EDS_2023\Balancer\Debug\libBalancer.a(ST7735.o)
 .data.height   0x0000000020000026        0x2 D:\GITHUB\STM32\EDS_2023\Balancer\Debug\libBalancer.a(ST7735.o)
 .data.spi      0x0000000020000028        0x4 D:\GITHUB\STM32\EDS_2023\Balancer\Debug\libBalancer.a(ST7735.o)
 .data._fg      0x000000002000002c        0x2 D:\GITHUB\STM32\EDS_2023\Balancer\Debug\libBalancer.a(ST7735.o)
 *fill*         0x000000002000002e        0x2 
 .data.SystemCoreClock
                0x0000000020000030        0x4 D:\GITHUB\STM32\EDS_2023\MCAL_F40x\Debug\libMCAL.a(system_stm32f4xx.o)
                0x0000000020000030                SystemCoreClock
 .data._impure_ptr
                0x0000000020000034        0x4 c:/st/stm32cubeide_1.12.0/stm32cubeide/plugins/com.st.stm32cube.ide.mcu.externaltools.gnu-tools-for-stm32.10.3-2021.10.win32_1.0.200.202301161003/tools/bin/../lib/gcc/arm-none-eabi/10.3.1/../../../../arm-none-eabi/lib/thumb/v7e-m+fp/softfp\libc_nano.a(lib_a-impure.o)
                0x0000000020000034                _impure_ptr
 .data.impure_data
                0x0000000020000038       0x60 c:/st/stm32cubeide_1.12.0/stm32cubeide/plugins/com.st.stm32cube.ide.mcu.externaltools.gnu-tools-for-stm32.10.3-2021.10.win32_1.0.200.202301161003/tools/bin/../lib/gcc/arm-none-eabi/10.3.1/../../../../arm-none-eabi/lib/thumb/v7e-m+fp/softfp\libc_nano.a(lib_a-impure.o)
 .data.__global_locale
                0x0000000020000098      0x16c c:/st/stm32cubeide_1.12.0/stm32cubeide/plugins/com.st.stm32cube.ide.mcu.externaltools.gnu-tools-for-stm32.10.3-2021.10.win32_1.0.200.202301161003/tools/bin/../lib/gcc/arm-none-eabi/10.3.1/../../../../arm-none-eabi/lib/thumb/v7e-m+fp/softfp\libc_nano.a(lib_a-locale.o)
                0x0000000020000098                __global_locale
 *(.RamFunc)
 *(.RamFunc*)
                0x0000000020000204                . = ALIGN (0x4)
                0x0000000020000204                _edata = .

.igot.plt       0x0000000020000204        0x0 load address 0x0000000008009e9c
 .igot.plt      0x0000000020000204        0x0 c:/st/stm32cubeide_1.12.0/stm32cubeide/plugins/com.st.stm32cube.ide.mcu.externaltools.gnu-tools-for-stm32.10.3-2021.10.win32_1.0.200.202301161003/tools/bin/../lib/gcc/arm-none-eabi/10.3.1/thumb/v7e-m+fp/softfp/crtbegin.o
                0x0000000020000204                . = ALIGN (0x4)

.bss            0x0000000020000204       0xb4 load address 0x0000000008009e9c
                0x0000000020000204                _sbss = .
                0x0000000020000204                __bss_start__ = _sbss
 *(.bss)
 .bss           0x0000000020000204       0x1c c:/st/stm32cubeide_1.12.0/stm32cubeide/plugins/com.st.stm32cube.ide.mcu.externaltools.gnu-tools-for-stm32.10.3-2021.10.win32_1.0.200.202301161003/tools/bin/../lib/gcc/arm-none-eabi/10.3.1/thumb/v7e-m+fp/softfp/crtbegin.o
 *(.bss*)
 .bss.enableRFID
                0x0000000020000220        0x1 ./Src/i2cDeivces.o
                0x0000000020000220                enableRFID
 .bss.enableLIS3DH
                0x0000000020000221        0x1 ./Src/i2cDeivces.o
                0x0000000020000221                enableLIS3DH
 .bss.enableLIDAR
                0x0000000020000222        0x1 ./Src/i2cDeivces.o
                0x0000000020000222                enableLIDAR
 *fill*         0x0000000020000223        0x1 
 .bss.hex.4     0x0000000020000224        0x2 ./Src/i2cDeivces.o
 .bss.RFID_Status.1
                0x0000000020000226        0x1 ./Src/i2cDeivces.o
 .bss.timerTrigger
                0x0000000020000227        0x1 ./Src/main.o
                0x0000000020000227                timerTrigger
 .bss.I2C_Timer
                0x0000000020000228        0x4 ./Src/main.o
                0x0000000020000228                I2C_Timer
 .bss.__sbrk_heap_end
                0x000000002000022c        0x4 ./Src/sysmem.o
 .bss.j.6       0x0000000020000230        0x2 ./Src/xyzScope.o
 *fill*         0x0000000020000232        0x2 
 .bss.XYa.5     0x0000000020000234       0x18 ./Src/xyzScope.o
 .bss.XYb.4     0x000000002000024c       0x30 ./Src/xyzScope.o
 .bss.timepos.3
                0x000000002000027c        0x2 ./Src/xyzScope.o
 *fill*         0x000000002000027e        0x2 
 .bss.rotoryPosition
                0x0000000020000280        0x4 D:\GITHUB\STM32\EDS_2023\Balancer\Debug\libBalancer.a(RotaryPushButton.o)
                0x0000000020000280                rotoryPosition
 .bss.pushButtonFlag
                0x0000000020000284        0x1 D:\GITHUB\STM32\EDS_2023\Balancer\Debug\libBalancer.a(RotaryPushButton.o)
                0x0000000020000284                pushButtonFlag
 .bss.initRotaryPushButtonDone
                0x0000000020000285        0x1 D:\GITHUB\STM32\EDS_2023\Balancer\Debug\libBalancer.a(RotaryPushButton.o)
                0x0000000020000285                initRotaryPushButtonDone
 *fill*         0x0000000020000286        0x2 
 .bss.ST7735_Timer
                0x0000000020000288        0x4 D:\GITHUB\STM32\EDS_2023\Balancer\Debug\libBalancer.a(ST7735.o)
                0x0000000020000288                ST7735_Timer
 .bss.colstart  0x000000002000028c        0x4 D:\GITHUB\STM32\EDS_2023\Balancer\Debug\libBalancer.a(ST7735.o)
 .bss.rowstart  0x0000000020000290        0x4 D:\GITHUB\STM32\EDS_2023\Balancer\Debug\libBalancer.a(ST7735.o)
 .bss.orientation
                0x0000000020000294        0x1 D:\GITHUB\STM32\EDS_2023\Balancer\Debug\libBalancer.a(ST7735.o)
 *fill*         0x0000000020000295        0x3 
 .bss.cfont     0x0000000020000298        0xc D:\GITHUB\STM32\EDS_2023\Balancer\Debug\libBalancer.a(ST7735.o)
 .bss._transparent
                0x00000000200002a4        0x1 D:\GITHUB\STM32\EDS_2023\Balancer\Debug\libBalancer.a(ST7735.o)
 *fill*         0x00000000200002a5        0x1 
 .bss._bg       0x00000000200002a6        0x2 D:\GITHUB\STM32\EDS_2023\Balancer\Debug\libBalancer.a(ST7735.o)
 .bss.__malloc_free_list